[2026-05-30T07:15:03.437+0000] {local_task_job_runner.py:120} INFO - ::group::Pre task execution logs
[2026-05-30T07:15:03.478+0000] {taskinstance.py:2076} INFO - Dependencies all met for dep_context=non-requeueable deps ti=<TaskInstance: lyonflow_traffic_pipeline.spatial_transformation_and_mapping scheduled__2026-05-30T07:10:00+00:00 [queued]>
[2026-05-30T07:15:03.487+0000] {taskinstance.py:2076} INFO - Dependencies all met for dep_context=requeueable deps ti=<TaskInstance: lyonflow_traffic_pipeline.spatial_transformation_and_mapping scheduled__2026-05-30T07:10:00+00:00 [queued]>
[2026-05-30T07:15:03.488+0000] {taskinstance.py:2306} INFO - Starting attempt 1 of 3
[2026-05-30T07:15:03.501+0000] {taskinstance.py:2330} INFO - Executing <Task(PythonOperator): spatial_transformation_and_mapping> on 2026-05-30 07:10:00+00:00
[2026-05-30T07:15:03.510+0000] {standard_task_runner.py:90} INFO - Running: ['airflow', 'tasks', 'run', 'lyonflow_traffic_pipeline', 'spatial_transformation_and_mapping', 'scheduled__2026-05-30T07:10:00+00:00', '--job-id', '56', '--raw', '--subdir', 'DAGS_FOLDER/dag_pipeline.py', '--cfg-path', '/tmp/tmpjftbhbgc']
[2026-05-30T07:15:03.513+0000] {standard_task_runner.py:91} INFO - Job 56: Subtask spatial_transformation_and_mapping
[2026-05-30T07:15:03.518+0000] {logging_mixin.py:188} WARNING - /home/airflow/.local/lib/python3.12/site-packages/airflow/task/task_runner/standard_task_runner.py:61 DeprecationWarning: This process (pid=247) is multi-threaded, use of fork() may lead to deadlocks in the child.
[2026-05-30T07:15:03.519+0000] {standard_task_runner.py:63} INFO - Started process 248 to run task
[2026-05-30T07:15:03.577+0000] {task_command.py:426} INFO - Running <TaskInstance: lyonflow_traffic_pipeline.spatial_transformation_and_mapping scheduled__2026-05-30T07:10:00+00:00 [running]> on host cebe699d12cc
[2026-05-30T07:15:03.715+0000] {taskinstance.py:2648} INFO - Exporting env vars: AIRFLOW_CTX_DAG_OWNER='lyonflow' AIRFLOW_CTX_DAG_ID='lyonflow_traffic_pipeline' AIRFLOW_CTX_TASK_ID='spatial_transformation_and_mapping' AIRFLOW_CTX_EXECUTION_DATE='2026-05-30T07:10:00+00:00' AIRFLOW_CTX_TRY_NUMBER='1' AIRFLOW_CTX_DAG_RUN_ID='scheduled__2026-05-30T07:10:00+00:00'
[2026-05-30T07:15:03.716+0000] {taskinstance.py:430} INFO - ::endgroup::
[2026-05-30T07:15:04.386+0000] {transform_data.py:109} INFO - Connecting to PostgreSQL database...
[2026-05-30T07:15:04.401+0000] {transform_data.py:115} INFO - Fetching the latest raw traffic payload from bronze layer...
[2026-05-30T07:15:04.476+0000] {transform_data.py:127} INFO - Successfully fetched raw payload from database.
[2026-05-30T07:15:04.582+0000] {transform_data.py:165} INFO - Interpolating streets to points every 7 meters...
[2026-05-30T07:15:51.079+0000] {transform_data.py:168} INFO - Mapping point list to H3 resolution 13 hex cells...
[2026-05-30T07:15:59.004+0000] {transform_data.py:171} INFO - Generating merged polygon boundaries from H3 cells...
[2026-05-30T07:16:23.906+0000] {logging_mixin.py:188} WARNING - /opt/airflow/project/transform_data.py:213 UserWarning: Geometry column does not contain geometry.
[2026-05-30T07:16:31.789+0000] {transform_data.py:217} INFO - 🟢 Saved CSV output to: /opt/airflow/data/2026_05_30_09_16_transformed.csv
[2026-05-30T07:16:53.686+0000] {raw.py:733} INFO - Created 2,941 records
[2026-05-30T07:16:53.688+0000] {transform_data.py:226} INFO - 🟢 Saved JSON/GeoJSON output to: /opt/airflow/data/2026_05_30_09_16_transformed.json
[2026-05-30T07:16:53.689+0000] {transform_data.py:228} INFO - 🟢 Transformation and map preparation completed successfully!
[2026-05-30T07:16:54.028+0000] {python.py:237} INFO - Done. Returned value was: None
[2026-05-30T07:16:54.030+0000] {taskinstance.py:441} INFO - ::group::Post task execution logs
[2026-05-30T07:16:54.046+0000] {taskinstance.py:1206} INFO - Marking task as SUCCESS. dag_id=lyonflow_traffic_pipeline, task_id=spatial_transformation_and_mapping, run_id=scheduled__2026-05-30T07:10:00+00:00, execution_date=20260530T071000, start_date=20260530T071503, end_date=20260530T071654
[2026-05-30T07:16:54.115+0000] {local_task_job_runner.py:240} INFO - Task exited with return code 0
[2026-05-30T07:16:54.137+0000] {taskinstance.py:3498} INFO - 0 downstream tasks scheduled from follow-on schedule check
[2026-05-30T07:16:54.141+0000] {local_task_job_runner.py:222} INFO - ::endgroup::
