[2026-05-30T09:30:04.965+0000] {local_task_job_runner.py:120} INFO - ::group::Pre task execution logs
[2026-05-30T09:30:05.158+0000] {taskinstance.py:2076} INFO - Dependencies all met for dep_context=non-requeueable deps ti=<TaskInstance: lyonflow_traffic_pipeline.spatial_transformation_and_mapping scheduled__2026-05-30T09:25:00+00:00 [queued]>
[2026-05-30T09:30:05.167+0000] {taskinstance.py:2076} INFO - Dependencies all met for dep_context=requeueable deps ti=<TaskInstance: lyonflow_traffic_pipeline.spatial_transformation_and_mapping scheduled__2026-05-30T09:25:00+00:00 [queued]>
[2026-05-30T09:30:05.169+0000] {taskinstance.py:2306} INFO - Starting attempt 1 of 3
[2026-05-30T09:30:05.186+0000] {taskinstance.py:2330} INFO - Executing <Task(PythonOperator): spatial_transformation_and_mapping> on 2026-05-30 09:25:00+00:00
[2026-05-30T09:30:05.201+0000] {logging_mixin.py:188} WARNING - /home/airflow/.local/lib/python3.12/site-packages/airflow/task/task_runner/standard_task_runner.py:61 DeprecationWarning: This process (pid=1364) is multi-threaded, use of fork() may lead to deadlocks in the child.
[2026-05-30T09:30:05.203+0000] {standard_task_runner.py:63} INFO - Started process 1366 to run task
[2026-05-30T09:30:05.201+0000] {standard_task_runner.py:90} INFO - Running: ['airflow', 'tasks', 'run', 'lyonflow_traffic_pipeline', 'spatial_transformation_and_mapping', 'scheduled__2026-05-30T09:25:00+00:00', '--job-id', '175', '--raw', '--subdir', 'DAGS_FOLDER/dag_pipeline.py', '--cfg-path', '/tmp/tmp8owk_fk0']
[2026-05-30T09:30:05.205+0000] {standard_task_runner.py:91} INFO - Job 175: Subtask spatial_transformation_and_mapping
[2026-05-30T09:30:05.280+0000] {task_command.py:426} INFO - Running <TaskInstance: lyonflow_traffic_pipeline.spatial_transformation_and_mapping scheduled__2026-05-30T09:25:00+00:00 [running]> on host 293f768d9255
[2026-05-30T09:30:05.408+0000] {taskinstance.py:2648} INFO - Exporting env vars: AIRFLOW_CTX_DAG_OWNER='lyonflow' AIRFLOW_CTX_DAG_ID='lyonflow_traffic_pipeline' AIRFLOW_CTX_TASK_ID='spatial_transformation_and_mapping' AIRFLOW_CTX_EXECUTION_DATE='2026-05-30T09:25:00+00:00' AIRFLOW_CTX_TRY_NUMBER='1' AIRFLOW_CTX_DAG_RUN_ID='scheduled__2026-05-30T09:25:00+00:00'
[2026-05-30T09:30:05.410+0000] {taskinstance.py:430} INFO - ::endgroup::
[2026-05-30T09:30:05.423+0000] {dag_pipeline.py:176} INFO - Starting spatial data transformation...
[2026-05-30T09:30:05.435+0000] {dag_pipeline.py:182} INFO - Fetching the latest raw record from bronze layer...
[2026-05-30T09:30:05.632+0000] {dag_pipeline.py:223} INFO - Interpolating segments every 7 meters...
[2026-05-30T09:30:49.183+0000] {dag_pipeline.py:226} INFO - Mapping interpolated coordinates to H3 resolution 13 cells...
[2026-05-30T09:30:55.997+0000] {dag_pipeline.py:229} INFO - Unifying H3 cell clusters into polygons...
[2026-05-30T09:31:19.934+0000] {logging_mixin.py:188} WARNING - /opt/airflow/dags/dag_pipeline.py:263 UserWarning: Geometry column does not contain geometry.
[2026-05-30T09:31:27.688+0000] {dag_pipeline.py:267} INFO - 🟢 Saved CSV output to backup storage: /opt/airflow/data/2026_05_30_11_31_transformed.csv
[2026-05-30T09:31:48.330+0000] {raw.py:733} INFO - Created 2,941 records
[2026-05-30T09:31:48.331+0000] {dag_pipeline.py:275} INFO - 🟢 Saved GeoJSON output to backup storage: /opt/airflow/data/2026_05_30_11_31_transformed.json
[2026-05-30T09:31:48.332+0000] {dag_pipeline.py:278} INFO - Formatting data and pushing to PostgreSQL silver schema...
[2026-05-30T09:31:53.991+0000] {dag_pipeline.py:314} INFO - Appending clean records to silver.trafic_vitesse_propre table...
[2026-05-30T09:31:58.680+0000] {dag_pipeline.py:323} INFO - 🟢 Successfully pushed transformed data to silver.trafic_vitesse_propre!
[2026-05-30T09:31:59.003+0000] {python.py:237} INFO - Done. Returned value was: None
[2026-05-30T09:31:59.005+0000] {taskinstance.py:441} INFO - ::group::Post task execution logs
[2026-05-30T09:31:59.022+0000] {taskinstance.py:1206} INFO - Marking task as SUCCESS. dag_id=lyonflow_traffic_pipeline, task_id=spatial_transformation_and_mapping, run_id=scheduled__2026-05-30T09:25:00+00:00, execution_date=20260530T092500, start_date=20260530T093005, end_date=20260530T093159
[2026-05-30T09:31:59.137+0000] {local_task_job_runner.py:240} INFO - Task exited with return code 0
[2026-05-30T09:31:59.171+0000] {taskinstance.py:3498} INFO - 0 downstream tasks scheduled from follow-on schedule check
[2026-05-30T09:31:59.177+0000] {local_task_job_runner.py:222} INFO - ::endgroup::
