[2026-05-30T07:26:53.364+0000] {local_task_job_runner.py:120} INFO - ::group::Pre task execution logs
[2026-05-30T07:26:53.478+0000] {taskinstance.py:2076} INFO - Dependencies all met for dep_context=non-requeueable deps ti=<TaskInstance: lyonflow_traffic_pipeline.spatial_transformation_and_mapping scheduled__2026-05-30T07:20:00+00:00 [queued]>
[2026-05-30T07:26:53.508+0000] {taskinstance.py:2076} INFO - Dependencies all met for dep_context=requeueable deps ti=<TaskInstance: lyonflow_traffic_pipeline.spatial_transformation_and_mapping scheduled__2026-05-30T07:20:00+00:00 [queued]>
[2026-05-30T07:26:53.509+0000] {taskinstance.py:2306} INFO - Starting attempt 2 of 3
[2026-05-30T07:26:53.549+0000] {taskinstance.py:2330} INFO - Executing <Task(PythonOperator): spatial_transformation_and_mapping> on 2026-05-30 07:20:00+00:00
[2026-05-30T07:26:53.563+0000] {standard_task_runner.py:90} INFO - Running: ['airflow', 'tasks', 'run', 'lyonflow_traffic_pipeline', 'spatial_transformation_and_mapping', 'scheduled__2026-05-30T07:20:00+00:00', '--job-id', '93', '--raw', '--subdir', 'DAGS_FOLDER/dag_pipeline.py', '--cfg-path', '/tmp/tmp7a26rm5a']
[2026-05-30T07:26:53.568+0000] {standard_task_runner.py:91} INFO - Job 93: Subtask spatial_transformation_and_mapping
[2026-05-30T07:26:53.583+0000] {logging_mixin.py:188} WARNING - /home/airflow/.local/lib/python3.12/site-packages/airflow/task/task_runner/standard_task_runner.py:61 DeprecationWarning: This process (pid=171) is multi-threaded, use of fork() may lead to deadlocks in the child.
[2026-05-30T07:26:53.585+0000] {standard_task_runner.py:63} INFO - Started process 177 to run task
[2026-05-30T07:26:53.706+0000] {task_command.py:426} INFO - Running <TaskInstance: lyonflow_traffic_pipeline.spatial_transformation_and_mapping scheduled__2026-05-30T07:20:00+00:00 [running]> on host cebe699d12cc
[2026-05-30T07:26:54.021+0000] {taskinstance.py:2648} INFO - Exporting env vars: AIRFLOW_CTX_DAG_OWNER='lyonflow' AIRFLOW_CTX_DAG_ID='lyonflow_traffic_pipeline' AIRFLOW_CTX_TASK_ID='spatial_transformation_and_mapping' AIRFLOW_CTX_EXECUTION_DATE='2026-05-30T07:20:00+00:00' AIRFLOW_CTX_TRY_NUMBER='2' AIRFLOW_CTX_DAG_RUN_ID='scheduled__2026-05-30T07:20:00+00:00'
[2026-05-30T07:26:54.022+0000] {taskinstance.py:430} INFO - ::endgroup::
[2026-05-30T07:26:55.872+0000] {transform_data.py:109} INFO - Connecting to PostgreSQL database...
[2026-05-30T07:26:55.903+0000] {transform_data.py:115} INFO - Fetching the latest raw traffic payload from bronze layer...
[2026-05-30T07:26:55.997+0000] {transform_data.py:127} INFO - Successfully fetched raw payload from database.
[2026-05-30T07:26:56.135+0000] {transform_data.py:165} INFO - Interpolating streets to points every 7 meters...
[2026-05-30T07:27:33.497+0000] {transform_data.py:168} INFO - Mapping point list to H3 resolution 13 hex cells...
[2026-05-30T07:27:40.770+0000] {transform_data.py:171} INFO - Generating merged polygon boundaries from H3 cells...
[2026-05-30T07:28:07.751+0000] {logging_mixin.py:188} WARNING - /opt/airflow/project/transform_data.py:213 UserWarning: Geometry column does not contain geometry.
[2026-05-30T07:28:15.363+0000] {transform_data.py:217} INFO - 🟢 Saved CSV output to: /opt/airflow/data/2026_05_30_09_28_transformed.csv
[2026-05-30T07:28:37.128+0000] {raw.py:733} INFO - Created 2,941 records
[2026-05-30T07:28:37.130+0000] {transform_data.py:226} INFO - 🟢 Saved JSON/GeoJSON output to: /opt/airflow/data/2026_05_30_09_28_transformed.json
[2026-05-30T07:28:37.130+0000] {transform_data.py:228} INFO - 🟢 Transformation and map preparation completed successfully!
[2026-05-30T07:28:37.903+0000] {python.py:237} INFO - Done. Returned value was: None
[2026-05-30T07:28:37.905+0000] {taskinstance.py:441} INFO - ::group::Post task execution logs
[2026-05-30T07:28:37.937+0000] {taskinstance.py:1206} INFO - Marking task as SUCCESS. dag_id=lyonflow_traffic_pipeline, task_id=spatial_transformation_and_mapping, run_id=scheduled__2026-05-30T07:20:00+00:00, execution_date=20260530T072000, start_date=20260530T072653, end_date=20260530T072837
[2026-05-30T07:28:38.046+0000] {local_task_job_runner.py:240} INFO - Task exited with return code 0
[2026-05-30T07:28:38.075+0000] {taskinstance.py:3498} INFO - 0 downstream tasks scheduled from follow-on schedule check
[2026-05-30T07:28:38.080+0000] {local_task_job_runner.py:222} INFO - ::endgroup::
