[2026-05-30T09:30:01.120+0000] {local_task_job_runner.py:120} INFO - ::group::Pre task execution logs
[2026-05-30T09:30:01.344+0000] {taskinstance.py:2076} INFO - Dependencies all met for dep_context=non-requeueable deps ti=<TaskInstance: lyonflow_traffic_pipeline.ingest_grand_lyon_traffic scheduled__2026-05-30T09:25:00+00:00 [queued]>
[2026-05-30T09:30:01.354+0000] {taskinstance.py:2076} INFO - Dependencies all met for dep_context=requeueable deps ti=<TaskInstance: lyonflow_traffic_pipeline.ingest_grand_lyon_traffic scheduled__2026-05-30T09:25:00+00:00 [queued]>
[2026-05-30T09:30:01.355+0000] {taskinstance.py:2306} INFO - Starting attempt 1 of 3
[2026-05-30T09:30:01.372+0000] {taskinstance.py:2330} INFO - Executing <Task(PythonOperator): ingest_grand_lyon_traffic> on 2026-05-30 09:25:00+00:00
[2026-05-30T09:30:01.386+0000] {logging_mixin.py:188} WARNING - /home/airflow/.local/lib/python3.12/site-packages/airflow/task/task_runner/standard_task_runner.py:61 DeprecationWarning: This process (pid=1359) is multi-threaded, use of fork() may lead to deadlocks in the child.
[2026-05-30T09:30:01.387+0000] {standard_task_runner.py:63} INFO - Started process 1363 to run task
[2026-05-30T09:30:01.386+0000] {standard_task_runner.py:90} INFO - Running: ['airflow', 'tasks', 'run', 'lyonflow_traffic_pipeline', 'ingest_grand_lyon_traffic', 'scheduled__2026-05-30T09:25:00+00:00', '--job-id', '174', '--raw', '--subdir', 'DAGS_FOLDER/dag_pipeline.py', '--cfg-path', '/tmp/tmpqzceyonf']
[2026-05-30T09:30:01.389+0000] {standard_task_runner.py:91} INFO - Job 174: Subtask ingest_grand_lyon_traffic
[2026-05-30T09:30:01.467+0000] {task_command.py:426} INFO - Running <TaskInstance: lyonflow_traffic_pipeline.ingest_grand_lyon_traffic scheduled__2026-05-30T09:25:00+00:00 [running]> on host 293f768d9255
[2026-05-30T09:30:01.611+0000] {taskinstance.py:2648} INFO - Exporting env vars: AIRFLOW_CTX_DAG_OWNER='lyonflow' AIRFLOW_CTX_DAG_ID='lyonflow_traffic_pipeline' AIRFLOW_CTX_TASK_ID='ingest_grand_lyon_traffic' AIRFLOW_CTX_EXECUTION_DATE='2026-05-30T09:25:00+00:00' AIRFLOW_CTX_TRY_NUMBER='1' AIRFLOW_CTX_DAG_RUN_ID='scheduled__2026-05-30T09:25:00+00:00'
[2026-05-30T09:30:01.612+0000] {taskinstance.py:430} INFO - ::endgroup::
[2026-05-30T09:30:01.631+0000] {dag_pipeline.py:126} INFO - Starting real-time traffic data ingestion...
[2026-05-30T09:30:03.027+0000] {dag_pipeline.py:131} INFO - Successfully fetched data from Grand Lyon WFS API.
[2026-05-30T09:30:03.029+0000] {dag_pipeline.py:141} INFO - Connecting to PostgreSQL container...
[2026-05-30T09:30:03.046+0000] {dag_pipeline.py:159} INFO - Inserting raw payload to bronze.trafic_vitesse_brute...
[2026-05-30T09:30:03.262+0000] {dag_pipeline.py:169} INFO - 🟢 Ingestion successfully saved to bronze at 2026-05-30 11:30:03 CEST!
[2026-05-30T09:30:03.269+0000] {python.py:237} INFO - Done. Returned value was: None
[2026-05-30T09:30:03.270+0000] {taskinstance.py:441} INFO - ::group::Post task execution logs
[2026-05-30T09:30:03.291+0000] {taskinstance.py:1206} INFO - Marking task as SUCCESS. dag_id=lyonflow_traffic_pipeline, task_id=ingest_grand_lyon_traffic, run_id=scheduled__2026-05-30T09:25:00+00:00, execution_date=20260530T092500, start_date=20260530T093001, end_date=20260530T093003
[2026-05-30T09:30:03.331+0000] {local_task_job_runner.py:240} INFO - Task exited with return code 0
[2026-05-30T09:30:03.357+0000] {taskinstance.py:3498} INFO - 1 downstream tasks scheduled from follow-on schedule check
[2026-05-30T09:30:03.360+0000] {local_task_job_runner.py:222} INFO - ::endgroup::
