[2026-05-30T09:35:04.110+0000] {local_task_job_runner.py:120} INFO - ::group::Pre task execution logs
[2026-05-30T09:35:04.304+0000] {taskinstance.py:2076} INFO - Dependencies all met for dep_context=non-requeueable deps ti=<TaskInstance: lyonflow_traffic_pipeline.spatial_transformation_and_mapping scheduled__2026-05-30T09:30:00+00:00 [queued]>
[2026-05-30T09:35:04.314+0000] {taskinstance.py:2076} INFO - Dependencies all met for dep_context=requeueable deps ti=<TaskInstance: lyonflow_traffic_pipeline.spatial_transformation_and_mapping scheduled__2026-05-30T09:30:00+00:00 [queued]>
[2026-05-30T09:35:04.316+0000] {taskinstance.py:2306} INFO - Starting attempt 1 of 3
[2026-05-30T09:35:04.333+0000] {taskinstance.py:2330} INFO - Executing <Task(PythonOperator): spatial_transformation_and_mapping> on 2026-05-30 09:30:00+00:00
[2026-05-30T09:35:04.344+0000] {logging_mixin.py:188} WARNING - /home/airflow/.local/lib/python3.12/site-packages/airflow/task/task_runner/standard_task_runner.py:61 DeprecationWarning: This process (pid=1612) is multi-threaded, use of fork() may lead to deadlocks in the child.
[2026-05-30T09:35:04.346+0000] {standard_task_runner.py:63} INFO - Started process 1630 to run task
[2026-05-30T09:35:04.345+0000] {standard_task_runner.py:90} INFO - Running: ['airflow', 'tasks', 'run', 'lyonflow_traffic_pipeline', 'spatial_transformation_and_mapping', 'scheduled__2026-05-30T09:30:00+00:00', '--job-id', '177', '--raw', '--subdir', 'DAGS_FOLDER/dag_pipeline.py', '--cfg-path', '/tmp/tmpk5ogxjyc']
[2026-05-30T09:35:04.348+0000] {standard_task_runner.py:91} INFO - Job 177: Subtask spatial_transformation_and_mapping
[2026-05-30T09:35:04.425+0000] {task_command.py:426} INFO - Running <TaskInstance: lyonflow_traffic_pipeline.spatial_transformation_and_mapping scheduled__2026-05-30T09:30:00+00:00 [running]> on host 293f768d9255
[2026-05-30T09:35:04.563+0000] {taskinstance.py:2648} INFO - Exporting env vars: AIRFLOW_CTX_DAG_OWNER='lyonflow' AIRFLOW_CTX_DAG_ID='lyonflow_traffic_pipeline' AIRFLOW_CTX_TASK_ID='spatial_transformation_and_mapping' AIRFLOW_CTX_EXECUTION_DATE='2026-05-30T09:30:00+00:00' AIRFLOW_CTX_TRY_NUMBER='1' AIRFLOW_CTX_DAG_RUN_ID='scheduled__2026-05-30T09:30:00+00:00'
[2026-05-30T09:35:04.565+0000] {taskinstance.py:430} INFO - ::endgroup::
[2026-05-30T09:35:04.581+0000] {dag_pipeline.py:177} INFO - Starting spatial data transformation...
[2026-05-30T09:35:04.595+0000] {dag_pipeline.py:183} INFO - Fetching the latest raw record from bronze layer...
[2026-05-30T09:35:04.806+0000] {dag_pipeline.py:224} INFO - Interpolating segments every 7 meters...
[2026-05-30T09:35:45.227+0000] {dag_pipeline.py:227} INFO - Mapping interpolated coordinates to H3 resolution 13 cells...
[2026-05-30T09:35:51.738+0000] {dag_pipeline.py:230} INFO - Unifying H3 cell clusters into polygons...
[2026-05-30T09:36:13.621+0000] {logging_mixin.py:188} WARNING - /opt/airflow/dags/dag_pipeline.py:264 UserWarning: Geometry column does not contain geometry.
[2026-05-30T09:36:20.716+0000] {dag_pipeline.py:268} INFO - 🟢 Saved CSV output to backup storage: /opt/airflow/data/2026_05_30_11_36_transformed.csv
[2026-05-30T09:36:39.944+0000] {raw.py:733} INFO - Created 2,941 records
[2026-05-30T09:36:39.945+0000] {dag_pipeline.py:276} INFO - 🟢 Saved GeoJSON output to backup storage: /opt/airflow/data/2026_05_30_11_36_transformed.json
[2026-05-30T09:36:39.946+0000] {dag_pipeline.py:279} INFO - Formatting data and pushing to PostgreSQL silver schema...
[2026-05-30T09:36:44.788+0000] {dag_pipeline.py:315} INFO - Appending clean records to silver.trafic_vitesse_propre table...
[2026-05-30T09:36:49.207+0000] {dag_pipeline.py:324} INFO - 🟢 Successfully pushed transformed data to silver.trafic_vitesse_propre!
[2026-05-30T09:36:49.503+0000] {python.py:237} INFO - Done. Returned value was: None
[2026-05-30T09:36:49.505+0000] {taskinstance.py:441} INFO - ::group::Post task execution logs
[2026-05-30T09:36:49.524+0000] {taskinstance.py:1206} INFO - Marking task as SUCCESS. dag_id=lyonflow_traffic_pipeline, task_id=spatial_transformation_and_mapping, run_id=scheduled__2026-05-30T09:30:00+00:00, execution_date=20260530T093000, start_date=20260530T093504, end_date=20260530T093649
[2026-05-30T09:36:49.601+0000] {local_task_job_runner.py:240} INFO - Task exited with return code 0
[2026-05-30T09:36:49.620+0000] {taskinstance.py:3498} INFO - 0 downstream tasks scheduled from follow-on schedule check
[2026-05-30T09:36:49.625+0000] {local_task_job_runner.py:222} INFO - ::endgroup::
