[2026-05-29T20:00:04.647+0000] {local_task_job_runner.py:120} INFO - ::group::Pre task execution logs
[2026-05-29T20:00:04.694+0000] {taskinstance.py:2076} INFO - Dependencies all met for dep_context=non-requeueable deps ti=<TaskInstance: lyonflow_traffic_pipeline.spatial_transformation_and_mapping scheduled__2026-05-29T19:55:00+00:00 [queued]>
[2026-05-29T20:00:04.705+0000] {taskinstance.py:2076} INFO - Dependencies all met for dep_context=requeueable deps ti=<TaskInstance: lyonflow_traffic_pipeline.spatial_transformation_and_mapping scheduled__2026-05-29T19:55:00+00:00 [queued]>
[2026-05-29T20:00:04.706+0000] {taskinstance.py:2306} INFO - Starting attempt 1 of 3
[2026-05-29T20:00:04.725+0000] {taskinstance.py:2330} INFO - Executing <Task(PythonOperator): spatial_transformation_and_mapping> on 2026-05-29 19:55:00+00:00
[2026-05-29T20:00:04.737+0000] {standard_task_runner.py:90} INFO - Running: ['airflow', 'tasks', 'run', 'lyonflow_traffic_pipeline', 'spatial_transformation_and_mapping', 'scheduled__2026-05-29T19:55:00+00:00', '--job-id', '17', '--raw', '--subdir', 'DAGS_FOLDER/dag_pipeline.py', '--cfg-path', '/tmp/tmp91id8j_1']
[2026-05-29T20:00:04.740+0000] {standard_task_runner.py:91} INFO - Job 17: Subtask spatial_transformation_and_mapping
[2026-05-29T20:00:04.745+0000] {logging_mixin.py:188} WARNING - /home/airflow/.local/lib/python3.12/site-packages/airflow/task/task_runner/standard_task_runner.py:61 DeprecationWarning: This process (pid=501) is multi-threaded, use of fork() may lead to deadlocks in the child.
[2026-05-29T20:00:04.746+0000] {standard_task_runner.py:63} INFO - Started process 502 to run task
[2026-05-29T20:00:04.813+0000] {task_command.py:426} INFO - Running <TaskInstance: lyonflow_traffic_pipeline.spatial_transformation_and_mapping scheduled__2026-05-29T19:55:00+00:00 [running]> on host cebe699d12cc
[2026-05-29T20:00:04.950+0000] {taskinstance.py:2648} INFO - Exporting env vars: AIRFLOW_CTX_DAG_OWNER='lyonflow' AIRFLOW_CTX_DAG_ID='lyonflow_traffic_pipeline' AIRFLOW_CTX_TASK_ID='spatial_transformation_and_mapping' AIRFLOW_CTX_EXECUTION_DATE='2026-05-29T19:55:00+00:00' AIRFLOW_CTX_TRY_NUMBER='1' AIRFLOW_CTX_DAG_RUN_ID='scheduled__2026-05-29T19:55:00+00:00'
[2026-05-29T20:00:04.952+0000] {taskinstance.py:430} INFO - ::endgroup::
[2026-05-29T20:00:05.621+0000] {transform_data.py:109} INFO - Connecting to PostgreSQL database...
[2026-05-29T20:00:05.634+0000] {transform_data.py:115} INFO - Fetching the latest raw traffic payload from bronze layer...
[2026-05-29T20:00:05.713+0000] {transform_data.py:127} INFO - Successfully fetched raw payload from database.
[2026-05-29T20:00:05.819+0000] {transform_data.py:165} INFO - Interpolating streets to points every 7 meters...
[2026-05-29T20:01:08.961+0000] {transform_data.py:168} INFO - Mapping point list to H3 resolution 13 hex cells...
[2026-05-29T20:01:21.846+0000] {transform_data.py:171} INFO - Generating merged polygon boundaries from H3 cells...
[2026-05-29T20:02:12.693+0000] {logging_mixin.py:188} WARNING - /opt/airflow/project/transform_data.py:213 UserWarning: Geometry column does not contain geometry.
[2026-05-29T20:02:25.544+0000] {transform_data.py:217} INFO - 🟢 Saved CSV output to: /opt/airflow/data/2026_05_29_22_02_transformed.csv
[2026-05-29T20:03:02.276+0000] {raw.py:733} INFO - Created 2,941 records
[2026-05-29T20:03:02.279+0000] {transform_data.py:226} INFO - 🟢 Saved JSON/GeoJSON output to: /opt/airflow/data/2026_05_29_22_02_transformed.json
[2026-05-29T20:03:02.280+0000] {transform_data.py:228} INFO - 🟢 Transformation and map preparation completed successfully!
[2026-05-29T20:03:03.109+0000] {python.py:237} INFO - Done. Returned value was: None
[2026-05-29T20:03:03.121+0000] {taskinstance.py:441} INFO - ::group::Post task execution logs
[2026-05-29T20:03:03.164+0000] {taskinstance.py:1206} INFO - Marking task as SUCCESS. dag_id=lyonflow_traffic_pipeline, task_id=spatial_transformation_and_mapping, run_id=scheduled__2026-05-29T19:55:00+00:00, execution_date=20260529T195500, start_date=20260529T200004, end_date=20260529T200303
[2026-05-29T20:03:03.292+0000] {local_task_job_runner.py:240} INFO - Task exited with return code 0
[2026-05-29T20:03:03.358+0000] {taskinstance.py:3498} INFO - 0 downstream tasks scheduled from follow-on schedule check
[2026-05-29T20:03:03.364+0000] {local_task_job_runner.py:222} INFO - ::endgroup::
