[2026-05-29T19:40:04.554+0000] {local_task_job_runner.py:120} INFO - ::group::Pre task execution logs
[2026-05-29T19:40:04.605+0000] {taskinstance.py:2076} INFO - Dependencies all met for dep_context=non-requeueable deps ti=<TaskInstance: lyonflow_traffic_ingestion.ingest_grand_lyon_traffic scheduled__2026-05-29T19:35:00+00:00 [queued]>
[2026-05-29T19:40:04.617+0000] {taskinstance.py:2076} INFO - Dependencies all met for dep_context=requeueable deps ti=<TaskInstance: lyonflow_traffic_ingestion.ingest_grand_lyon_traffic scheduled__2026-05-29T19:35:00+00:00 [queued]>
[2026-05-29T19:40:04.619+0000] {taskinstance.py:2306} INFO - Starting attempt 1 of 3
[2026-05-29T19:40:04.638+0000] {taskinstance.py:2330} INFO - Executing <Task(PythonOperator): ingest_grand_lyon_traffic> on 2026-05-29 19:35:00+00:00
[2026-05-29T19:40:04.651+0000] {standard_task_runner.py:90} INFO - Running: ['airflow', 'tasks', 'run', 'lyonflow_traffic_ingestion', 'ingest_grand_lyon_traffic', 'scheduled__2026-05-29T19:35:00+00:00', '--job-id', '7', '--raw', '--subdir', 'DAGS_FOLDER/dag_ingest.py', '--cfg-path', '/tmp/tmpmw96ez7r']
[2026-05-29T19:40:04.654+0000] {standard_task_runner.py:91} INFO - Job 7: Subtask ingest_grand_lyon_traffic
[2026-05-29T19:40:04.659+0000] {logging_mixin.py:188} WARNING - /home/airflow/.local/lib/python3.12/site-packages/airflow/task/task_runner/standard_task_runner.py:61 DeprecationWarning: This process (pid=177) is multi-threaded, use of fork() may lead to deadlocks in the child.
[2026-05-29T19:40:04.660+0000] {standard_task_runner.py:63} INFO - Started process 182 to run task
[2026-05-29T19:40:04.752+0000] {task_command.py:426} INFO - Running <TaskInstance: lyonflow_traffic_ingestion.ingest_grand_lyon_traffic scheduled__2026-05-29T19:35:00+00:00 [running]> on host cebe699d12cc
[2026-05-29T19:40:04.911+0000] {taskinstance.py:2648} INFO - Exporting env vars: AIRFLOW_CTX_DAG_OWNER='lyonflow' AIRFLOW_CTX_DAG_ID='lyonflow_traffic_ingestion' AIRFLOW_CTX_TASK_ID='ingest_grand_lyon_traffic' AIRFLOW_CTX_EXECUTION_DATE='2026-05-29T19:35:00+00:00' AIRFLOW_CTX_TRY_NUMBER='1' AIRFLOW_CTX_DAG_RUN_ID='scheduled__2026-05-29T19:35:00+00:00'
[2026-05-29T19:40:04.912+0000] {taskinstance.py:430} INFO - ::endgroup::
[2026-05-29T19:40:04.956+0000] {ingest_api.py:51} INFO - Fetching real-time traffic data from Grand Lyon API...
[2026-05-29T19:40:06.228+0000] {ingest_api.py:56} INFO - Successfully downloaded data from API.
[2026-05-29T19:40:06.229+0000] {ingest_api.py:66} INFO - Connecting to local PostgreSQL database...
[2026-05-29T19:40:06.243+0000] {ingest_api.py:73} INFO - Ensuring schema and table exist...
[2026-05-29T19:40:06.247+0000] {ingest_api.py:88} INFO - Inserting raw JSON data into bronze layer...
[2026-05-29T19:40:06.514+0000] {ingest_api.py:98} INFO - 🟢 Successfully ingested raw traffic data at 2026-05-29 21:40:06 CEST!
[2026-05-29T19:40:06.524+0000] {python.py:237} INFO - Done. Returned value was: None
[2026-05-29T19:40:06.527+0000] {taskinstance.py:441} INFO - ::group::Post task execution logs
[2026-05-29T19:40:06.545+0000] {taskinstance.py:1206} INFO - Marking task as SUCCESS. dag_id=lyonflow_traffic_ingestion, task_id=ingest_grand_lyon_traffic, run_id=scheduled__2026-05-29T19:35:00+00:00, execution_date=20260529T193500, start_date=20260529T194004, end_date=20260529T194006
[2026-05-29T19:40:06.603+0000] {local_task_job_runner.py:240} INFO - Task exited with return code 0
[2026-05-29T19:40:06.632+0000] {taskinstance.py:3498} INFO - 0 downstream tasks scheduled from follow-on schedule check
[2026-05-29T19:40:06.637+0000] {local_task_job_runner.py:222} INFO - ::endgroup::
