[2026-05-29T19:52:46.078+0000] {local_task_job_runner.py:120} INFO - ::group::Pre task execution logs
[2026-05-29T19:52:46.140+0000] {taskinstance.py:2076} INFO - Dependencies all met for dep_context=non-requeueable deps ti=<TaskInstance: lyonflow_traffic_pipeline.ingest_grand_lyon_traffic manual__2026-05-29T19:50:33.815932+00:00 [queued]>
[2026-05-29T19:52:46.158+0000] {taskinstance.py:2076} INFO - Dependencies all met for dep_context=requeueable deps ti=<TaskInstance: lyonflow_traffic_pipeline.ingest_grand_lyon_traffic manual__2026-05-29T19:50:33.815932+00:00 [queued]>
[2026-05-29T19:52:46.159+0000] {taskinstance.py:2306} INFO - Starting attempt 1 of 3
[2026-05-29T19:52:46.186+0000] {taskinstance.py:2330} INFO - Executing <Task(PythonOperator): ingest_grand_lyon_traffic> on 2026-05-29 19:50:33.815932+00:00
[2026-05-29T19:52:46.201+0000] {standard_task_runner.py:90} INFO - Running: ['airflow', 'tasks', 'run', 'lyonflow_traffic_pipeline', 'ingest_grand_lyon_traffic', 'manual__2026-05-29T19:50:33.815932+00:00', '--job-id', '12', '--raw', '--subdir', 'DAGS_FOLDER/dag_pipeline.py', '--cfg-path', '/tmp/tmpdz584s_j']
[2026-05-29T19:52:46.204+0000] {standard_task_runner.py:91} INFO - Job 12: Subtask ingest_grand_lyon_traffic
[2026-05-29T19:52:46.210+0000] {logging_mixin.py:188} WARNING - /home/airflow/.local/lib/python3.12/site-packages/airflow/task/task_runner/standard_task_runner.py:61 DeprecationWarning: This process (pid=407) is multi-threaded, use of fork() may lead to deadlocks in the child.
[2026-05-29T19:52:46.211+0000] {standard_task_runner.py:63} INFO - Started process 408 to run task
[2026-05-29T19:52:46.299+0000] {task_command.py:426} INFO - Running <TaskInstance: lyonflow_traffic_pipeline.ingest_grand_lyon_traffic manual__2026-05-29T19:50:33.815932+00:00 [running]> on host cebe699d12cc
[2026-05-29T19:52:46.466+0000] {taskinstance.py:2648} INFO - Exporting env vars: AIRFLOW_CTX_DAG_OWNER='lyonflow' AIRFLOW_CTX_DAG_ID='lyonflow_traffic_pipeline' AIRFLOW_CTX_TASK_ID='ingest_grand_lyon_traffic' AIRFLOW_CTX_EXECUTION_DATE='2026-05-29T19:50:33.815932+00:00' AIRFLOW_CTX_TRY_NUMBER='1' AIRFLOW_CTX_DAG_RUN_ID='manual__2026-05-29T19:50:33.815932+00:00'
[2026-05-29T19:52:46.468+0000] {taskinstance.py:430} INFO - ::endgroup::
[2026-05-29T19:52:46.491+0000] {ingest_api.py:51} INFO - Fetching real-time traffic data from Grand Lyon API...
[2026-05-29T19:52:47.785+0000] {ingest_api.py:56} INFO - Successfully downloaded data from API.
[2026-05-29T19:52:47.788+0000] {ingest_api.py:66} INFO - Connecting to local PostgreSQL database...
[2026-05-29T19:52:47.802+0000] {ingest_api.py:73} INFO - Ensuring schema and table exist...
[2026-05-29T19:52:47.807+0000] {ingest_api.py:88} INFO - Inserting raw JSON data into bronze layer...
[2026-05-29T19:52:48.086+0000] {ingest_api.py:98} INFO - 🟢 Successfully ingested raw traffic data at 2026-05-29 21:52:47 CEST!
[2026-05-29T19:52:48.099+0000] {python.py:237} INFO - Done. Returned value was: None
[2026-05-29T19:52:48.101+0000] {taskinstance.py:441} INFO - ::group::Post task execution logs
[2026-05-29T19:52:48.122+0000] {taskinstance.py:1206} INFO - Marking task as SUCCESS. dag_id=lyonflow_traffic_pipeline, task_id=ingest_grand_lyon_traffic, run_id=manual__2026-05-29T19:50:33.815932+00:00, execution_date=20260529T195033, start_date=20260529T195246, end_date=20260529T195248
[2026-05-29T19:52:48.195+0000] {local_task_job_runner.py:240} INFO - Task exited with return code 0
[2026-05-29T19:52:48.236+0000] {taskinstance.py:3498} INFO - 1 downstream tasks scheduled from follow-on schedule check
[2026-05-29T19:52:48.239+0000] {local_task_job_runner.py:222} INFO - ::endgroup::
