[2026-05-30T07:47:03.064+0000] {local_task_job_runner.py:120} INFO - ::group::Pre task execution logs
[2026-05-30T07:47:03.111+0000] {taskinstance.py:2076} INFO - Dependencies all met for dep_context=non-requeueable deps ti=<TaskInstance: lyonflow_traffic_pipeline.spatial_transformation_and_mapping manual__2026-05-30T07:45:36.307087+00:00 [queued]>
[2026-05-30T07:47:03.120+0000] {taskinstance.py:2076} INFO - Dependencies all met for dep_context=requeueable deps ti=<TaskInstance: lyonflow_traffic_pipeline.spatial_transformation_and_mapping manual__2026-05-30T07:45:36.307087+00:00 [queued]>
[2026-05-30T07:47:03.122+0000] {taskinstance.py:2306} INFO - Starting attempt 1 of 3
[2026-05-30T07:47:03.140+0000] {taskinstance.py:2330} INFO - Executing <Task(PythonOperator): spatial_transformation_and_mapping> on 2026-05-30 07:45:36.307087+00:00
[2026-05-30T07:47:03.149+0000] {standard_task_runner.py:90} INFO - Running: ['airflow', 'tasks', 'run', 'lyonflow_traffic_pipeline', 'spatial_transformation_and_mapping', 'manual__2026-05-30T07:45:36.307087+00:00', '--job-id', '131', '--raw', '--subdir', 'DAGS_FOLDER/dag_pipeline.py', '--cfg-path', '/tmp/tmpf80u3f2i']
[2026-05-30T07:47:03.151+0000] {standard_task_runner.py:91} INFO - Job 131: Subtask spatial_transformation_and_mapping
[2026-05-30T07:47:03.158+0000] {logging_mixin.py:188} WARNING - /home/airflow/.local/lib/python3.12/site-packages/airflow/task/task_runner/standard_task_runner.py:61 DeprecationWarning: This process (pid=224) is multi-threaded, use of fork() may lead to deadlocks in the child.
[2026-05-30T07:47:03.160+0000] {standard_task_runner.py:63} INFO - Started process 225 to run task
[2026-05-30T07:47:03.218+0000] {task_command.py:426} INFO - Running <TaskInstance: lyonflow_traffic_pipeline.spatial_transformation_and_mapping manual__2026-05-30T07:45:36.307087+00:00 [running]> on host cebe699d12cc
[2026-05-30T07:47:03.341+0000] {taskinstance.py:2648} INFO - Exporting env vars: AIRFLOW_CTX_DAG_OWNER='lyonflow' AIRFLOW_CTX_DAG_ID='lyonflow_traffic_pipeline' AIRFLOW_CTX_TASK_ID='spatial_transformation_and_mapping' AIRFLOW_CTX_EXECUTION_DATE='2026-05-30T07:45:36.307087+00:00' AIRFLOW_CTX_TRY_NUMBER='1' AIRFLOW_CTX_DAG_RUN_ID='manual__2026-05-30T07:45:36.307087+00:00'
[2026-05-30T07:47:03.343+0000] {taskinstance.py:430} INFO - ::endgroup::
[2026-05-30T07:47:03.962+0000] {transform_data.py:109} INFO - Connecting to PostgreSQL database...
[2026-05-30T07:47:03.975+0000] {transform_data.py:115} INFO - Fetching the latest raw traffic payload from bronze layer...
[2026-05-30T07:47:04.067+0000] {transform_data.py:127} INFO - Successfully fetched raw payload from database.
[2026-05-30T07:47:04.173+0000] {transform_data.py:165} INFO - Interpolating streets to points every 7 meters...
[2026-05-30T07:47:39.451+0000] {local_task_job_runner.py:124} ERROR - Received SIGTERM. Terminating subprocesses
[2026-05-30T07:47:39.471+0000] {process_utils.py:132} INFO - Sending 15 to group 225. PIDs of all processes in the group: [225]
[2026-05-30T07:47:39.474+0000] {process_utils.py:87} INFO - Sending the signal 15 to group 225
[2026-05-30T07:47:39.478+0000] {taskinstance.py:2611} ERROR - Received SIGTERM. Terminating subprocesses.
[2026-05-30T07:47:39.583+0000] {taskinstance.py:441} INFO - ::group::Post task execution logs
[2026-05-30T07:47:39.705+0000] {taskinstance.py:2905} ERROR - Task failed with exception
Traceback (most recent call last):
  File "/home/airflow/.local/lib/python3.12/site-packages/airflow/models/taskinstance.py", line 465, in _execute_task
    result = _execute_callable(context=context, **execute_callable_kwargs)
             ^^^^^^^^^^^^^^^^^^^^^^^^^^^^^^^^^^^^^^^^^^^^^^^^^^^^^^^^^^^^^
  File "/home/airflow/.local/lib/python3.12/site-packages/airflow/models/taskinstance.py", line 432, in _execute_callable
    return execute_callable(context=context, **execute_callable_kwargs)
           ^^^^^^^^^^^^^^^^^^^^^^^^^^^^^^^^^^^^^^^^^^^^^^^^^^^^^^^^^^^^
  File "/home/airflow/.local/lib/python3.12/site-packages/airflow/models/baseoperator.py", line 400, in wrapper
    return func(self, *args, **kwargs)
           ^^^^^^^^^^^^^^^^^^^^^^^^^^^
  File "/home/airflow/.local/lib/python3.12/site-packages/airflow/operators/python.py", line 235, in execute
    return_value = self.execute_callable()
                   ^^^^^^^^^^^^^^^^^^^^^^^
  File "/home/airflow/.local/lib/python3.12/site-packages/airflow/operators/python.py", line 252, in execute_callable
    return self.python_callable(*self.op_args, **self.op_kwargs)
           ^^^^^^^^^^^^^^^^^^^^^^^^^^^^^^^^^^^^^^^^^^^^^^^^^^^^^
  File "/opt/airflow/dags/dag_pipeline.py", line 38, in run_spatial_transformation
    success = transform_traffic_data()
              ^^^^^^^^^^^^^^^^^^^^^^^^
  File "/opt/airflow/project/transform_data.py", line 166, in transform_traffic_data
    gdf['points'] = [transform_line_to_point(elem) for elem in gdf.geometry_coordinates_obj]
                     ^^^^^^^^^^^^^^^^^^^^^^^^^^^^^
  File "/opt/airflow/project/transform_data.py", line 53, in transform_line_to_point
    proj_vers_4326 = pyproj.Transformer.from_crs("EPSG:2154", "EPSG:4326", always_xy=True).transform
                     ^^^^^^^^^^^^^^^^^^^^^^^^^^^^^^^^^^^^^^^^^^^^^^^^^^^^^^^^^^^^^^^^^^^^^
  File "/home/airflow/.local/lib/python3.12/site-packages/pyproj/transformer.py", line 624, in from_crs
    return Transformer(
           ^^^^^^^^^^^^
  File "/home/airflow/.local/lib/python3.12/site-packages/pyproj/transformer.py", line 336, in __init__
    self._local.transformer = transformer_maker()
                              ^^^^^^^^^^^^^^^^^^^
  File "/home/airflow/.local/lib/python3.12/site-packages/pyproj/transformer.py", line 105, in __call__
    return _Transformer.from_crs(
           ^^^^^^^^^^^^^^^^^^^^^^
  File "/home/airflow/.local/lib/python3.12/site-packages/airflow/models/taskinstance.py", line 2613, in signal_handler
    raise AirflowTaskTerminated("Task received SIGTERM signal")
airflow.exceptions.AirflowTaskTerminated: Task received SIGTERM signal
[2026-05-30T07:47:39.822+0000] {taskinstance.py:1206} INFO - Marking task as UP_FOR_RETRY. dag_id=lyonflow_traffic_pipeline, task_id=spatial_transformation_and_mapping, run_id=manual__2026-05-30T07:45:36.307087+00:00, execution_date=20260530T074536, start_date=20260530T074703, end_date=20260530T074739
[2026-05-30T07:47:39.965+0000] {process_utils.py:80} INFO - Process psutil.Process(pid=225, status='terminated', exitcode=2, started='07:47:02') (225) terminated with exit code 2
[2026-05-30T07:47:39.968+0000] {local_task_job_runner.py:240} INFO - Task exited with return code 143
[2026-05-30T07:47:40.043+0000] {taskinstance.py:3498} INFO - 0 downstream tasks scheduled from follow-on schedule check
