[2026-05-30T08:45:03.198+0000] {local_task_job_runner.py:120} INFO - ::group::Pre task execution logs
[2026-05-30T08:45:03.242+0000] {taskinstance.py:2076} INFO - Dependencies all met for dep_context=non-requeueable deps ti=<TaskInstance: lyonflow_traffic_pipeline.spatial_transformation_and_mapping scheduled__2026-05-30T08:40:00+00:00 [queued]>
[2026-05-30T08:45:03.253+0000] {taskinstance.py:2076} INFO - Dependencies all met for dep_context=requeueable deps ti=<TaskInstance: lyonflow_traffic_pipeline.spatial_transformation_and_mapping scheduled__2026-05-30T08:40:00+00:00 [queued]>
[2026-05-30T08:45:03.255+0000] {taskinstance.py:2306} INFO - Starting attempt 1 of 3
[2026-05-30T08:45:03.279+0000] {taskinstance.py:2330} INFO - Executing <Task(PythonOperator): spatial_transformation_and_mapping> on 2026-05-30 08:40:00+00:00
[2026-05-30T08:45:03.289+0000] {standard_task_runner.py:90} INFO - Running: ['airflow', 'tasks', 'run', 'lyonflow_traffic_pipeline', 'spatial_transformation_and_mapping', 'scheduled__2026-05-30T08:40:00+00:00', '--job-id', '157', '--raw', '--subdir', 'DAGS_FOLDER/dag_pipeline.py', '--cfg-path', '/tmp/tmppzsh1ium']
[2026-05-30T08:45:03.293+0000] {standard_task_runner.py:91} INFO - Job 157: Subtask spatial_transformation_and_mapping
[2026-05-30T08:45:03.299+0000] {logging_mixin.py:188} WARNING - /home/airflow/.local/lib/python3.12/site-packages/airflow/task/task_runner/standard_task_runner.py:61 DeprecationWarning: This process (pid=797) is multi-threaded, use of fork() may lead to deadlocks in the child.
[2026-05-30T08:45:03.300+0000] {standard_task_runner.py:63} INFO - Started process 798 to run task
[2026-05-30T08:45:03.373+0000] {task_command.py:426} INFO - Running <TaskInstance: lyonflow_traffic_pipeline.spatial_transformation_and_mapping scheduled__2026-05-30T08:40:00+00:00 [running]> on host 293f768d9255
[2026-05-30T08:45:03.504+0000] {taskinstance.py:2648} INFO - Exporting env vars: AIRFLOW_CTX_DAG_OWNER='lyonflow' AIRFLOW_CTX_DAG_ID='lyonflow_traffic_pipeline' AIRFLOW_CTX_TASK_ID='spatial_transformation_and_mapping' AIRFLOW_CTX_EXECUTION_DATE='2026-05-30T08:40:00+00:00' AIRFLOW_CTX_TRY_NUMBER='1' AIRFLOW_CTX_DAG_RUN_ID='scheduled__2026-05-30T08:40:00+00:00'
[2026-05-30T08:45:03.505+0000] {taskinstance.py:430} INFO - ::endgroup::
[2026-05-30T08:45:04.149+0000] {transform_data.py:109} INFO - Connecting to PostgreSQL database...
[2026-05-30T08:45:04.163+0000] {transform_data.py:115} INFO - Fetching the latest raw traffic payload from bronze layer...
[2026-05-30T08:45:04.249+0000] {transform_data.py:127} INFO - Successfully fetched raw payload from database.
[2026-05-30T08:45:04.349+0000] {transform_data.py:165} INFO - Interpolating streets to points every 7 meters...
[2026-05-30T08:45:41.743+0000] {transform_data.py:168} INFO - Mapping point list to H3 resolution 13 hex cells...
[2026-05-30T08:45:48.573+0000] {transform_data.py:171} INFO - Generating merged polygon boundaries from H3 cells...
[2026-05-30T08:46:10.057+0000] {logging_mixin.py:188} WARNING - /opt/airflow/project/transform_data.py:213 UserWarning: Geometry column does not contain geometry.
[2026-05-30T08:46:17.847+0000] {transform_data.py:217} INFO - 🟢 Saved CSV output to: /opt/airflow/data/2026_05_30_10_46_transformed.csv
[2026-05-30T08:46:37.685+0000] {raw.py:733} INFO - Created 2,941 records
[2026-05-30T08:46:37.686+0000] {transform_data.py:226} INFO - 🟢 Saved JSON/GeoJSON output to: /opt/airflow/data/2026_05_30_10_46_transformed.json
[2026-05-30T08:46:37.687+0000] {transform_data.py:229} INFO - Preparing and pushing transformed data to PostgreSQL silver layer...
[2026-05-30T08:46:42.776+0000] {transform_data.py:269} INFO - Ensuring silver schema exists...
[2026-05-30T08:46:42.782+0000] {transform_data.py:272} INFO - Appending transformed records to silver.trafic_vitesse_propre table...
[2026-05-30T08:46:48.359+0000] {transform_data.py:281} INFO - 🟢 Successfully pushed transformed data to silver.trafic_vitesse_propre!
[2026-05-30T08:46:48.360+0000] {transform_data.py:283} INFO - 🟢 Transformation and map preparation completed successfully!
[2026-05-30T08:46:48.714+0000] {python.py:237} INFO - Done. Returned value was: None
[2026-05-30T08:46:48.717+0000] {taskinstance.py:441} INFO - ::group::Post task execution logs
[2026-05-30T08:46:48.732+0000] {taskinstance.py:1206} INFO - Marking task as SUCCESS. dag_id=lyonflow_traffic_pipeline, task_id=spatial_transformation_and_mapping, run_id=scheduled__2026-05-30T08:40:00+00:00, execution_date=20260530T084000, start_date=20260530T084503, end_date=20260530T084648
[2026-05-30T08:46:48.810+0000] {local_task_job_runner.py:240} INFO - Task exited with return code 0
[2026-05-30T08:46:48.833+0000] {taskinstance.py:3498} INFO - 0 downstream tasks scheduled from follow-on schedule check
[2026-05-30T08:46:48.837+0000] {local_task_job_runner.py:222} INFO - ::endgroup::
