[2026-05-30T09:35:00.855+0000] {local_task_job_runner.py:120} INFO - ::group::Pre task execution logs
[2026-05-30T09:35:01.067+0000] {taskinstance.py:2076} INFO - Dependencies all met for dep_context=non-requeueable deps ti=<TaskInstance: lyonflow_traffic_pipeline.ingest_grand_lyon_traffic scheduled__2026-05-30T09:30:00+00:00 [queued]>
[2026-05-30T09:35:01.078+0000] {taskinstance.py:2076} INFO - Dependencies all met for dep_context=requeueable deps ti=<TaskInstance: lyonflow_traffic_pipeline.ingest_grand_lyon_traffic scheduled__2026-05-30T09:30:00+00:00 [queued]>
[2026-05-30T09:35:01.079+0000] {taskinstance.py:2306} INFO - Starting attempt 1 of 3
[2026-05-30T09:35:01.096+0000] {taskinstance.py:2330} INFO - Executing <Task(PythonOperator): ingest_grand_lyon_traffic> on 2026-05-30 09:30:00+00:00
[2026-05-30T09:35:01.110+0000] {logging_mixin.py:188} WARNING - /home/airflow/.local/lib/python3.12/site-packages/airflow/task/task_runner/standard_task_runner.py:61 DeprecationWarning: This process (pid=1603) is multi-threaded, use of fork() may lead to deadlocks in the child.
[2026-05-30T09:35:01.110+0000] {standard_task_runner.py:90} INFO - Running: ['airflow', 'tasks', 'run', 'lyonflow_traffic_pipeline', 'ingest_grand_lyon_traffic', 'scheduled__2026-05-30T09:30:00+00:00', '--job-id', '176', '--raw', '--subdir', 'DAGS_FOLDER/dag_pipeline.py', '--cfg-path', '/tmp/tmpis0xe6_0']
[2026-05-30T09:35:01.112+0000] {standard_task_runner.py:63} INFO - Started process 1605 to run task
[2026-05-30T09:35:01.113+0000] {standard_task_runner.py:91} INFO - Job 176: Subtask ingest_grand_lyon_traffic
[2026-05-30T09:35:01.186+0000] {task_command.py:426} INFO - Running <TaskInstance: lyonflow_traffic_pipeline.ingest_grand_lyon_traffic scheduled__2026-05-30T09:30:00+00:00 [running]> on host 293f768d9255
[2026-05-30T09:35:01.327+0000] {taskinstance.py:2648} INFO - Exporting env vars: AIRFLOW_CTX_DAG_OWNER='lyonflow' AIRFLOW_CTX_DAG_ID='lyonflow_traffic_pipeline' AIRFLOW_CTX_TASK_ID='ingest_grand_lyon_traffic' AIRFLOW_CTX_EXECUTION_DATE='2026-05-30T09:30:00+00:00' AIRFLOW_CTX_TRY_NUMBER='1' AIRFLOW_CTX_DAG_RUN_ID='scheduled__2026-05-30T09:30:00+00:00'
[2026-05-30T09:35:01.329+0000] {taskinstance.py:430} INFO - ::endgroup::
[2026-05-30T09:35:01.343+0000] {dag_pipeline.py:127} INFO - Starting real-time traffic data ingestion...
[2026-05-30T09:35:02.517+0000] {dag_pipeline.py:132} INFO - Successfully fetched data from Grand Lyon WFS API.
[2026-05-30T09:35:02.519+0000] {dag_pipeline.py:142} INFO - Connecting to PostgreSQL container...
[2026-05-30T09:35:02.536+0000] {dag_pipeline.py:160} INFO - Inserting raw payload to bronze.trafic_vitesse_brute...
[2026-05-30T09:35:02.769+0000] {dag_pipeline.py:170} INFO - 🟢 Ingestion successfully saved to bronze at 2026-05-30 11:35:02 CEST!
[2026-05-30T09:35:02.777+0000] {python.py:237} INFO - Done. Returned value was: None
[2026-05-30T09:35:02.779+0000] {taskinstance.py:441} INFO - ::group::Post task execution logs
[2026-05-30T09:35:02.796+0000] {taskinstance.py:1206} INFO - Marking task as SUCCESS. dag_id=lyonflow_traffic_pipeline, task_id=ingest_grand_lyon_traffic, run_id=scheduled__2026-05-30T09:30:00+00:00, execution_date=20260530T093000, start_date=20260530T093501, end_date=20260530T093502
[2026-05-30T09:35:02.855+0000] {local_task_job_runner.py:240} INFO - Task exited with return code 0
[2026-05-30T09:35:02.883+0000] {taskinstance.py:3498} INFO - 1 downstream tasks scheduled from follow-on schedule check
[2026-05-30T09:35:02.888+0000] {local_task_job_runner.py:222} INFO - ::endgroup::
