[2026-05-30T07:55:00.519+0000] {local_task_job_runner.py:120} INFO - ::group::Pre task execution logs
[2026-05-30T07:55:00.556+0000] {taskinstance.py:2076} INFO - Dependencies all met for dep_context=non-requeueable deps ti=<TaskInstance: lyonflow_traffic_pipeline.ingest_grand_lyon_traffic scheduled__2026-05-30T07:50:00+00:00 [queued]>
[2026-05-30T07:55:00.570+0000] {taskinstance.py:2076} INFO - Dependencies all met for dep_context=requeueable deps ti=<TaskInstance: lyonflow_traffic_pipeline.ingest_grand_lyon_traffic scheduled__2026-05-30T07:50:00+00:00 [queued]>
[2026-05-30T07:55:00.572+0000] {taskinstance.py:2306} INFO - Starting attempt 1 of 3
[2026-05-30T07:55:00.586+0000] {taskinstance.py:2330} INFO - Executing <Task(PythonOperator): ingest_grand_lyon_traffic> on 2026-05-30 07:50:00+00:00
[2026-05-30T07:55:00.596+0000] {standard_task_runner.py:90} INFO - Running: ['airflow', 'tasks', 'run', 'lyonflow_traffic_pipeline', 'ingest_grand_lyon_traffic', 'scheduled__2026-05-30T07:50:00+00:00', '--job-id', '136', '--raw', '--subdir', 'DAGS_FOLDER/dag_pipeline.py', '--cfg-path', '/tmp/tmplq5h1qqc']
[2026-05-30T07:55:00.598+0000] {standard_task_runner.py:91} INFO - Job 136: Subtask ingest_grand_lyon_traffic
[2026-05-30T07:55:00.603+0000] {logging_mixin.py:188} WARNING - /home/airflow/.local/lib/python3.12/site-packages/airflow/task/task_runner/standard_task_runner.py:61 DeprecationWarning: This process (pid=250) is multi-threaded, use of fork() may lead to deadlocks in the child.
[2026-05-30T07:55:00.604+0000] {standard_task_runner.py:63} INFO - Started process 251 to run task
[2026-05-30T07:55:00.658+0000] {task_command.py:426} INFO - Running <TaskInstance: lyonflow_traffic_pipeline.ingest_grand_lyon_traffic scheduled__2026-05-30T07:50:00+00:00 [running]> on host 293f768d9255
[2026-05-30T07:55:00.772+0000] {taskinstance.py:2648} INFO - Exporting env vars: AIRFLOW_CTX_DAG_OWNER='lyonflow' AIRFLOW_CTX_DAG_ID='lyonflow_traffic_pipeline' AIRFLOW_CTX_TASK_ID='ingest_grand_lyon_traffic' AIRFLOW_CTX_EXECUTION_DATE='2026-05-30T07:50:00+00:00' AIRFLOW_CTX_TRY_NUMBER='1' AIRFLOW_CTX_DAG_RUN_ID='scheduled__2026-05-30T07:50:00+00:00'
[2026-05-30T07:55:00.774+0000] {taskinstance.py:430} INFO - ::endgroup::
[2026-05-30T07:55:00.791+0000] {ingest_api.py:52} INFO - Fetching real-time traffic data from Grand Lyon API...
[2026-05-30T07:55:01.942+0000] {ingest_api.py:57} INFO - Successfully downloaded data from API.
[2026-05-30T07:55:01.944+0000] {ingest_api.py:67} INFO - Connecting to local PostgreSQL database...
[2026-05-30T07:55:01.958+0000] {ingest_api.py:74} INFO - Ensuring schema and table exist...
[2026-05-30T07:55:01.962+0000] {ingest_api.py:89} INFO - Inserting raw JSON data into bronze layer...
[2026-05-30T07:55:02.174+0000] {ingest_api.py:99} INFO - 🟢 Successfully ingested raw traffic data at 2026-05-30 09:55:01 CEST!
[2026-05-30T07:55:02.183+0000] {python.py:237} INFO - Done. Returned value was: None
[2026-05-30T07:55:02.185+0000] {taskinstance.py:441} INFO - ::group::Post task execution logs
[2026-05-30T07:55:02.201+0000] {taskinstance.py:1206} INFO - Marking task as SUCCESS. dag_id=lyonflow_traffic_pipeline, task_id=ingest_grand_lyon_traffic, run_id=scheduled__2026-05-30T07:50:00+00:00, execution_date=20260530T075000, start_date=20260530T075500, end_date=20260530T075502
[2026-05-30T07:55:02.226+0000] {local_task_job_runner.py:240} INFO - Task exited with return code 0
[2026-05-30T07:55:02.251+0000] {taskinstance.py:3498} INFO - 1 downstream tasks scheduled from follow-on schedule check
[2026-05-30T07:55:02.255+0000] {local_task_job_runner.py:222} INFO - ::endgroup::
