[2026-05-29T19:29:39.010+0000] {local_task_job_runner.py:120} INFO - ::group::Pre task execution logs
[2026-05-29T19:29:39.063+0000] {taskinstance.py:2076} INFO - Dependencies all met for dep_context=non-requeueable deps ti=<TaskInstance: lyonflow_traffic_ingestion.ingest_grand_lyon_traffic manual__2026-05-29T19:29:37.884340+00:00 [queued]>
[2026-05-29T19:29:39.077+0000] {taskinstance.py:2076} INFO - Dependencies all met for dep_context=requeueable deps ti=<TaskInstance: lyonflow_traffic_ingestion.ingest_grand_lyon_traffic manual__2026-05-29T19:29:37.884340+00:00 [queued]>
[2026-05-29T19:29:39.079+0000] {taskinstance.py:2306} INFO - Starting attempt 1 of 3
[2026-05-29T19:29:39.098+0000] {taskinstance.py:2330} INFO - Executing <Task(PythonOperator): ingest_grand_lyon_traffic> on 2026-05-29 19:29:37.884340+00:00
[2026-05-29T19:29:39.113+0000] {standard_task_runner.py:90} INFO - Running: ['airflow', 'tasks', 'run', 'lyonflow_traffic_ingestion', 'ingest_grand_lyon_traffic', 'manual__2026-05-29T19:29:37.884340+00:00', '--job-id', '3', '--raw', '--subdir', 'DAGS_FOLDER/dag_ingest.py', '--cfg-path', '/tmp/tmp7j7ymx6p']
[2026-05-29T19:29:39.117+0000] {standard_task_runner.py:91} INFO - Job 3: Subtask ingest_grand_lyon_traffic
[2026-05-29T19:29:39.122+0000] {logging_mixin.py:188} WARNING - /home/airflow/.local/lib/python3.12/site-packages/airflow/task/task_runner/standard_task_runner.py:61 DeprecationWarning: This process (pid=215) is multi-threaded, use of fork() may lead to deadlocks in the child.
[2026-05-29T19:29:39.124+0000] {standard_task_runner.py:63} INFO - Started process 216 to run task
[2026-05-29T19:29:39.219+0000] {task_command.py:426} INFO - Running <TaskInstance: lyonflow_traffic_ingestion.ingest_grand_lyon_traffic manual__2026-05-29T19:29:37.884340+00:00 [running]> on host 2f41983e51d1
[2026-05-29T19:29:39.365+0000] {taskinstance.py:2648} INFO - Exporting env vars: AIRFLOW_CTX_DAG_OWNER='lyonflow' AIRFLOW_CTX_DAG_ID='lyonflow_traffic_ingestion' AIRFLOW_CTX_TASK_ID='ingest_grand_lyon_traffic' AIRFLOW_CTX_EXECUTION_DATE='2026-05-29T19:29:37.884340+00:00' AIRFLOW_CTX_TRY_NUMBER='1' AIRFLOW_CTX_DAG_RUN_ID='manual__2026-05-29T19:29:37.884340+00:00'
[2026-05-29T19:29:39.366+0000] {taskinstance.py:430} INFO - ::endgroup::
[2026-05-29T19:29:39.385+0000] {ingest_api.py:51} INFO - Fetching real-time traffic data from Grand Lyon API...
[2026-05-29T19:29:40.500+0000] {ingest_api.py:56} INFO - Successfully downloaded data from API.
[2026-05-29T19:29:40.502+0000] {ingest_api.py:66} INFO - Connecting to local PostgreSQL database...
[2026-05-29T19:29:40.516+0000] {ingest_api.py:73} INFO - Ensuring schema and table exist...
[2026-05-29T19:29:40.520+0000] {ingest_api.py:88} INFO - Inserting raw JSON data into bronze layer...
[2026-05-29T19:29:40.876+0000] {ingest_api.py:98} INFO - 🟢 Successfully ingested raw traffic data at 2026-05-29 21:29:40 CEST!
[2026-05-29T19:29:40.887+0000] {python.py:237} INFO - Done. Returned value was: None
[2026-05-29T19:29:40.889+0000] {taskinstance.py:441} INFO - ::group::Post task execution logs
[2026-05-29T19:29:40.906+0000] {taskinstance.py:1206} INFO - Marking task as SUCCESS. dag_id=lyonflow_traffic_ingestion, task_id=ingest_grand_lyon_traffic, run_id=manual__2026-05-29T19:29:37.884340+00:00, execution_date=20260529T192937, start_date=20260529T192939, end_date=20260529T192940
[2026-05-29T19:29:40.946+0000] {local_task_job_runner.py:240} INFO - Task exited with return code 0
[2026-05-29T19:29:40.973+0000] {taskinstance.py:3498} INFO - 0 downstream tasks scheduled from follow-on schedule check
[2026-05-29T19:29:40.976+0000] {local_task_job_runner.py:222} INFO - ::endgroup::
