[2026-05-30T07:45:15.772+0000] {local_task_job_runner.py:120} INFO - ::group::Pre task execution logs
[2026-05-30T07:45:15.811+0000] {taskinstance.py:2076} INFO - Dependencies all met for dep_context=non-requeueable deps ti=<TaskInstance: lyonflow_traffic_pipeline.ingest_grand_lyon_traffic scheduled__2026-05-30T07:40:00+00:00 [queued]>
[2026-05-30T07:45:15.819+0000] {taskinstance.py:2076} INFO - Dependencies all met for dep_context=requeueable deps ti=<TaskInstance: lyonflow_traffic_pipeline.ingest_grand_lyon_traffic scheduled__2026-05-30T07:40:00+00:00 [queued]>
[2026-05-30T07:45:15.821+0000] {taskinstance.py:2306} INFO - Starting attempt 1 of 3
[2026-05-30T07:45:15.836+0000] {taskinstance.py:2330} INFO - Executing <Task(PythonOperator): ingest_grand_lyon_traffic> on 2026-05-30 07:40:00+00:00
[2026-05-30T07:45:15.846+0000] {standard_task_runner.py:90} INFO - Running: ['airflow', 'tasks', 'run', 'lyonflow_traffic_pipeline', 'ingest_grand_lyon_traffic', 'scheduled__2026-05-30T07:40:00+00:00', '--job-id', '128', '--raw', '--subdir', 'DAGS_FOLDER/dag_pipeline.py', '--cfg-path', '/tmp/tmp919w2e22']
[2026-05-30T07:45:15.849+0000] {standard_task_runner.py:91} INFO - Job 128: Subtask ingest_grand_lyon_traffic
[2026-05-30T07:45:15.853+0000] {logging_mixin.py:188} WARNING - /home/airflow/.local/lib/python3.12/site-packages/airflow/task/task_runner/standard_task_runner.py:61 DeprecationWarning: This process (pid=197) is multi-threaded, use of fork() may lead to deadlocks in the child.
[2026-05-30T07:45:15.854+0000] {standard_task_runner.py:63} INFO - Started process 198 to run task
[2026-05-30T07:45:15.920+0000] {task_command.py:426} INFO - Running <TaskInstance: lyonflow_traffic_pipeline.ingest_grand_lyon_traffic scheduled__2026-05-30T07:40:00+00:00 [running]> on host cebe699d12cc
[2026-05-30T07:45:16.048+0000] {taskinstance.py:2648} INFO - Exporting env vars: AIRFLOW_CTX_DAG_OWNER='lyonflow' AIRFLOW_CTX_DAG_ID='lyonflow_traffic_pipeline' AIRFLOW_CTX_TASK_ID='ingest_grand_lyon_traffic' AIRFLOW_CTX_EXECUTION_DATE='2026-05-30T07:40:00+00:00' AIRFLOW_CTX_TRY_NUMBER='1' AIRFLOW_CTX_DAG_RUN_ID='scheduled__2026-05-30T07:40:00+00:00'
[2026-05-30T07:45:16.050+0000] {taskinstance.py:430} INFO - ::endgroup::
[2026-05-30T07:45:16.068+0000] {ingest_api.py:52} INFO - Fetching real-time traffic data from Grand Lyon API...
[2026-05-30T07:45:17.235+0000] {ingest_api.py:57} INFO - Successfully downloaded data from API.
[2026-05-30T07:45:17.237+0000] {ingest_api.py:67} INFO - Connecting to local PostgreSQL database...
[2026-05-30T07:45:17.250+0000] {ingest_api.py:74} INFO - Ensuring schema and table exist...
[2026-05-30T07:45:17.253+0000] {ingest_api.py:89} INFO - Inserting raw JSON data into bronze layer...
[2026-05-30T07:45:17.479+0000] {ingest_api.py:99} INFO - 🟢 Successfully ingested raw traffic data at 2026-05-30 09:45:17 CEST!
[2026-05-30T07:45:17.488+0000] {python.py:237} INFO - Done. Returned value was: None
[2026-05-30T07:45:17.490+0000] {taskinstance.py:441} INFO - ::group::Post task execution logs
[2026-05-30T07:45:17.503+0000] {taskinstance.py:1206} INFO - Marking task as SUCCESS. dag_id=lyonflow_traffic_pipeline, task_id=ingest_grand_lyon_traffic, run_id=scheduled__2026-05-30T07:40:00+00:00, execution_date=20260530T074000, start_date=20260530T074515, end_date=20260530T074517
[2026-05-30T07:45:17.559+0000] {local_task_job_runner.py:240} INFO - Task exited with return code 0
[2026-05-30T07:45:17.583+0000] {taskinstance.py:3498} INFO - 1 downstream tasks scheduled from follow-on schedule check
[2026-05-30T07:45:17.588+0000] {local_task_job_runner.py:222} INFO - ::endgroup::
