[2026-05-30T09:15:03.412+0000] {local_task_job_runner.py:120} INFO - ::group::Pre task execution logs
[2026-05-30T09:15:03.457+0000] {taskinstance.py:2076} INFO - Dependencies all met for dep_context=non-requeueable deps ti=<TaskInstance: lyonflow_traffic_pipeline.spatial_transformation_and_mapping scheduled__2026-05-30T09:10:00+00:00 [queued]>
[2026-05-30T09:15:03.466+0000] {taskinstance.py:2076} INFO - Dependencies all met for dep_context=requeueable deps ti=<TaskInstance: lyonflow_traffic_pipeline.spatial_transformation_and_mapping scheduled__2026-05-30T09:10:00+00:00 [queued]>
[2026-05-30T09:15:03.467+0000] {taskinstance.py:2306} INFO - Starting attempt 1 of 3
[2026-05-30T09:15:03.482+0000] {taskinstance.py:2330} INFO - Executing <Task(PythonOperator): spatial_transformation_and_mapping> on 2026-05-30 09:10:00+00:00
[2026-05-30T09:15:03.493+0000] {standard_task_runner.py:90} INFO - Running: ['airflow', 'tasks', 'run', 'lyonflow_traffic_pipeline', 'spatial_transformation_and_mapping', 'scheduled__2026-05-30T09:10:00+00:00', '--job-id', '169', '--raw', '--subdir', 'DAGS_FOLDER/dag_pipeline.py', '--cfg-path', '/tmp/tmpcabnal14']
[2026-05-30T09:15:03.495+0000] {logging_mixin.py:188} WARNING - /home/airflow/.local/lib/python3.12/site-packages/airflow/task/task_runner/standard_task_runner.py:61 DeprecationWarning: This process (pid=1149) is multi-threaded, use of fork() may lead to deadlocks in the child.
[2026-05-30T09:15:03.496+0000] {standard_task_runner.py:63} INFO - Started process 1150 to run task
[2026-05-30T09:15:03.496+0000] {standard_task_runner.py:91} INFO - Job 169: Subtask spatial_transformation_and_mapping
[2026-05-30T09:15:03.567+0000] {task_command.py:426} INFO - Running <TaskInstance: lyonflow_traffic_pipeline.spatial_transformation_and_mapping scheduled__2026-05-30T09:10:00+00:00 [running]> on host 293f768d9255
[2026-05-30T09:15:03.687+0000] {taskinstance.py:2648} INFO - Exporting env vars: AIRFLOW_CTX_DAG_OWNER='lyonflow' AIRFLOW_CTX_DAG_ID='lyonflow_traffic_pipeline' AIRFLOW_CTX_TASK_ID='spatial_transformation_and_mapping' AIRFLOW_CTX_EXECUTION_DATE='2026-05-30T09:10:00+00:00' AIRFLOW_CTX_TRY_NUMBER='1' AIRFLOW_CTX_DAG_RUN_ID='scheduled__2026-05-30T09:10:00+00:00'
[2026-05-30T09:15:03.689+0000] {taskinstance.py:430} INFO - ::endgroup::
[2026-05-30T09:15:04.299+0000] {transform_data.py:109} INFO - Connecting to PostgreSQL database...
[2026-05-30T09:15:04.312+0000] {transform_data.py:115} INFO - Fetching the latest raw traffic payload from bronze layer...
[2026-05-30T09:15:04.401+0000] {transform_data.py:127} INFO - Successfully fetched raw payload from database.
[2026-05-30T09:15:04.497+0000] {transform_data.py:165} INFO - Interpolating streets to points every 7 meters...
[2026-05-30T09:15:41.936+0000] {transform_data.py:168} INFO - Mapping point list to H3 resolution 13 hex cells...
[2026-05-30T09:15:48.235+0000] {transform_data.py:171} INFO - Generating merged polygon boundaries from H3 cells...
[2026-05-30T09:16:10.916+0000] {logging_mixin.py:188} WARNING - /opt/airflow/project/transform_data.py:213 UserWarning: Geometry column does not contain geometry.
[2026-05-30T09:16:18.056+0000] {transform_data.py:217} INFO - 🟢 Saved CSV output to: /opt/airflow/data/2026_05_30_11_16_transformed.csv
[2026-05-30T09:16:36.752+0000] {raw.py:733} INFO - Created 2,941 records
[2026-05-30T09:16:36.754+0000] {transform_data.py:226} INFO - 🟢 Saved JSON/GeoJSON output to: /opt/airflow/data/2026_05_30_11_16_transformed.json
[2026-05-30T09:16:36.754+0000] {transform_data.py:229} INFO - Preparing and pushing transformed data to PostgreSQL silver layer...
[2026-05-30T09:16:42.358+0000] {transform_data.py:269} INFO - Ensuring silver schema exists...
[2026-05-30T09:16:42.359+0000] {transform_data.py:272} INFO - Appending transformed records to silver.trafic_vitesse_propre table...
[2026-05-30T09:16:46.671+0000] {transform_data.py:281} INFO - 🟢 Successfully pushed transformed data to silver.trafic_vitesse_propre!
[2026-05-30T09:16:46.672+0000] {transform_data.py:283} INFO - 🟢 Transformation and map preparation completed successfully!
[2026-05-30T09:16:46.992+0000] {python.py:237} INFO - Done. Returned value was: None
[2026-05-30T09:16:46.995+0000] {taskinstance.py:441} INFO - ::group::Post task execution logs
[2026-05-30T09:16:47.012+0000] {taskinstance.py:1206} INFO - Marking task as SUCCESS. dag_id=lyonflow_traffic_pipeline, task_id=spatial_transformation_and_mapping, run_id=scheduled__2026-05-30T09:10:00+00:00, execution_date=20260530T091000, start_date=20260530T091503, end_date=20260530T091647
[2026-05-30T09:16:47.098+0000] {local_task_job_runner.py:240} INFO - Task exited with return code 0
[2026-05-30T09:16:47.119+0000] {taskinstance.py:3498} INFO - 0 downstream tasks scheduled from follow-on schedule check
[2026-05-30T09:16:47.123+0000] {local_task_job_runner.py:222} INFO - ::endgroup::
