[2026-05-29T19:50:38.423+0000] {local_task_job_runner.py:120} INFO - ::group::Pre task execution logs
[2026-05-29T19:50:38.485+0000] {taskinstance.py:2076} INFO - Dependencies all met for dep_context=non-requeueable deps ti=<TaskInstance: lyonflow_traffic_pipeline.spatial_transformation_and_mapping scheduled__2026-05-29T19:45:00+00:00 [queued]>
[2026-05-29T19:50:38.499+0000] {taskinstance.py:2076} INFO - Dependencies all met for dep_context=requeueable deps ti=<TaskInstance: lyonflow_traffic_pipeline.spatial_transformation_and_mapping scheduled__2026-05-29T19:45:00+00:00 [queued]>
[2026-05-29T19:50:38.501+0000] {taskinstance.py:2306} INFO - Starting attempt 1 of 3
[2026-05-29T19:50:38.523+0000] {taskinstance.py:2330} INFO - Executing <Task(PythonOperator): spatial_transformation_and_mapping> on 2026-05-29 19:45:00+00:00
[2026-05-29T19:50:38.541+0000] {standard_task_runner.py:90} INFO - Running: ['airflow', 'tasks', 'run', 'lyonflow_traffic_pipeline', 'spatial_transformation_and_mapping', 'scheduled__2026-05-29T19:45:00+00:00', '--job-id', '11', '--raw', '--subdir', 'DAGS_FOLDER/dag_pipeline.py', '--cfg-path', '/tmp/tmpuqdc_1ch']
[2026-05-29T19:50:38.545+0000] {standard_task_runner.py:91} INFO - Job 11: Subtask spatial_transformation_and_mapping
[2026-05-29T19:50:38.556+0000] {logging_mixin.py:188} WARNING - /home/airflow/.local/lib/python3.12/site-packages/airflow/task/task_runner/standard_task_runner.py:61 DeprecationWarning: This process (pid=384) is multi-threaded, use of fork() may lead to deadlocks in the child.
[2026-05-29T19:50:38.557+0000] {standard_task_runner.py:63} INFO - Started process 385 to run task
[2026-05-29T19:50:38.646+0000] {task_command.py:426} INFO - Running <TaskInstance: lyonflow_traffic_pipeline.spatial_transformation_and_mapping scheduled__2026-05-29T19:45:00+00:00 [running]> on host cebe699d12cc
[2026-05-29T19:50:38.826+0000] {taskinstance.py:2648} INFO - Exporting env vars: AIRFLOW_CTX_DAG_OWNER='lyonflow' AIRFLOW_CTX_DAG_ID='lyonflow_traffic_pipeline' AIRFLOW_CTX_TASK_ID='spatial_transformation_and_mapping' AIRFLOW_CTX_EXECUTION_DATE='2026-05-29T19:45:00+00:00' AIRFLOW_CTX_TRY_NUMBER='1' AIRFLOW_CTX_DAG_RUN_ID='scheduled__2026-05-29T19:45:00+00:00'
[2026-05-29T19:50:38.828+0000] {taskinstance.py:430} INFO - ::endgroup::
[2026-05-29T19:50:39.806+0000] {transform_data.py:109} INFO - Connecting to PostgreSQL database...
[2026-05-29T19:50:39.824+0000] {transform_data.py:115} INFO - Fetching the latest raw traffic payload from bronze layer...
[2026-05-29T19:50:39.907+0000] {transform_data.py:127} INFO - Successfully fetched raw payload from database.
[2026-05-29T19:50:40.025+0000] {transform_data.py:165} INFO - Interpolating streets to points every 7 meters...
[2026-05-29T19:51:30.902+0000] {transform_data.py:168} INFO - Mapping point list to H3 resolution 13 hex cells...
[2026-05-29T19:51:39.609+0000] {transform_data.py:171} INFO - Generating merged polygon boundaries from H3 cells...
[2026-05-29T19:52:08.604+0000] {logging_mixin.py:188} WARNING - /opt/airflow/project/transform_data.py:213 UserWarning: Geometry column does not contain geometry.
[2026-05-29T19:52:17.542+0000] {transform_data.py:217} INFO - 🟢 Saved CSV output to: /opt/airflow/data/2026_05_29_21_52_transformed.csv
[2026-05-29T19:52:43.970+0000] {raw.py:733} INFO - Created 2,941 records
[2026-05-29T19:52:43.972+0000] {transform_data.py:226} INFO - 🟢 Saved JSON/GeoJSON output to: /opt/airflow/data/2026_05_29_21_52_transformed.json
[2026-05-29T19:52:43.972+0000] {transform_data.py:228} INFO - 🟢 Transformation and map preparation completed successfully!
[2026-05-29T19:52:44.384+0000] {python.py:237} INFO - Done. Returned value was: None
[2026-05-29T19:52:44.387+0000] {taskinstance.py:441} INFO - ::group::Post task execution logs
[2026-05-29T19:52:44.408+0000] {taskinstance.py:1206} INFO - Marking task as SUCCESS. dag_id=lyonflow_traffic_pipeline, task_id=spatial_transformation_and_mapping, run_id=scheduled__2026-05-29T19:45:00+00:00, execution_date=20260529T194500, start_date=20260529T195038, end_date=20260529T195244
[2026-05-29T19:52:44.490+0000] {local_task_job_runner.py:240} INFO - Task exited with return code 0
[2026-05-29T19:52:44.519+0000] {local_task_job_runner.py:222} INFO - ::endgroup::
