[2026-05-30T08:05:01.059+0000] {local_task_job_runner.py:120} INFO - ::group::Pre task execution logs
[2026-05-30T08:05:01.103+0000] {taskinstance.py:2076} INFO - Dependencies all met for dep_context=non-requeueable deps ti=<TaskInstance: lyonflow_traffic_pipeline.ingest_grand_lyon_traffic scheduled__2026-05-30T08:00:00+00:00 [queued]>
[2026-05-30T08:05:01.113+0000] {taskinstance.py:2076} INFO - Dependencies all met for dep_context=requeueable deps ti=<TaskInstance: lyonflow_traffic_pipeline.ingest_grand_lyon_traffic scheduled__2026-05-30T08:00:00+00:00 [queued]>
[2026-05-30T08:05:01.115+0000] {taskinstance.py:2306} INFO - Starting attempt 1 of 3
[2026-05-30T08:05:01.133+0000] {taskinstance.py:2330} INFO - Executing <Task(PythonOperator): ingest_grand_lyon_traffic> on 2026-05-30 08:00:00+00:00
[2026-05-30T08:05:01.144+0000] {standard_task_runner.py:90} INFO - Running: ['airflow', 'tasks', 'run', 'lyonflow_traffic_pipeline', 'ingest_grand_lyon_traffic', 'scheduled__2026-05-30T08:00:00+00:00', '--job-id', '140', '--raw', '--subdir', 'DAGS_FOLDER/dag_pipeline.py', '--cfg-path', '/tmp/tmpk15as4uy']
[2026-05-30T08:05:01.147+0000] {standard_task_runner.py:91} INFO - Job 140: Subtask ingest_grand_lyon_traffic
[2026-05-30T08:05:01.153+0000] {logging_mixin.py:188} WARNING - /home/airflow/.local/lib/python3.12/site-packages/airflow/task/task_runner/standard_task_runner.py:61 DeprecationWarning: This process (pid=360) is multi-threaded, use of fork() may lead to deadlocks in the child.
[2026-05-30T08:05:01.154+0000] {standard_task_runner.py:63} INFO - Started process 361 to run task
[2026-05-30T08:05:01.223+0000] {task_command.py:426} INFO - Running <TaskInstance: lyonflow_traffic_pipeline.ingest_grand_lyon_traffic scheduled__2026-05-30T08:00:00+00:00 [running]> on host 293f768d9255
[2026-05-30T08:05:01.343+0000] {taskinstance.py:2648} INFO - Exporting env vars: AIRFLOW_CTX_DAG_OWNER='lyonflow' AIRFLOW_CTX_DAG_ID='lyonflow_traffic_pipeline' AIRFLOW_CTX_TASK_ID='ingest_grand_lyon_traffic' AIRFLOW_CTX_EXECUTION_DATE='2026-05-30T08:00:00+00:00' AIRFLOW_CTX_TRY_NUMBER='1' AIRFLOW_CTX_DAG_RUN_ID='scheduled__2026-05-30T08:00:00+00:00'
[2026-05-30T08:05:01.345+0000] {taskinstance.py:430} INFO - ::endgroup::
[2026-05-30T08:05:01.365+0000] {ingest_api.py:52} INFO - Fetching real-time traffic data from Grand Lyon API...
[2026-05-30T08:05:02.512+0000] {ingest_api.py:57} INFO - Successfully downloaded data from API.
[2026-05-30T08:05:02.514+0000] {ingest_api.py:67} INFO - Connecting to local PostgreSQL database...
[2026-05-30T08:05:02.528+0000] {ingest_api.py:74} INFO - Ensuring schema and table exist...
[2026-05-30T08:05:02.531+0000] {ingest_api.py:89} INFO - Inserting raw JSON data into bronze layer...
[2026-05-30T08:05:02.777+0000] {ingest_api.py:99} INFO - 🟢 Successfully ingested raw traffic data at 2026-05-30 10:05:02 CEST!
[2026-05-30T08:05:02.786+0000] {python.py:237} INFO - Done. Returned value was: None
[2026-05-30T08:05:02.788+0000] {taskinstance.py:441} INFO - ::group::Post task execution logs
[2026-05-30T08:05:02.810+0000] {taskinstance.py:1206} INFO - Marking task as SUCCESS. dag_id=lyonflow_traffic_pipeline, task_id=ingest_grand_lyon_traffic, run_id=scheduled__2026-05-30T08:00:00+00:00, execution_date=20260530T080000, start_date=20260530T080501, end_date=20260530T080502
[2026-05-30T08:05:02.856+0000] {local_task_job_runner.py:240} INFO - Task exited with return code 0
[2026-05-30T08:05:02.883+0000] {taskinstance.py:3498} INFO - 1 downstream tasks scheduled from follow-on schedule check
[2026-05-30T08:05:02.887+0000] {local_task_job_runner.py:222} INFO - ::endgroup::
