[2026-05-29T19:40:04.227+0000] {processor.py:161} INFO - Started process (PID=170) to work on /opt/airflow/dags/dag_transform.py
[2026-05-29T19:40:04.228+0000] {processor.py:830} INFO - Processing file /opt/airflow/dags/dag_transform.py for tasks to queue
[2026-05-29T19:40:04.231+0000] {logging_mixin.py:188} INFO - [2026-05-29T19:40:04.230+0000] {dagbag.py:545} INFO - Filling up the DagBag from /opt/airflow/dags/dag_transform.py
[2026-05-29T19:40:04.265+0000] {processor.py:840} INFO - DAG(s) 'lyonflow_traffic_transformation' retrieved from /opt/airflow/dags/dag_transform.py
[2026-05-29T19:40:04.336+0000] {logging_mixin.py:188} INFO - [2026-05-29T19:40:04.335+0000] {dag.py:3096} INFO - Sync 1 DAGs
[2026-05-29T19:40:04.376+0000] {logging_mixin.py:188} INFO - [2026-05-29T19:40:04.376+0000] {dag.py:3954} INFO - Setting next_dagrun for lyonflow_traffic_transformation to 2026-05-29 19:35:00+00:00, run_after=2026-05-29 19:40:00+00:00
[2026-05-29T19:40:04.408+0000] {processor.py:183} INFO - Processing /opt/airflow/dags/dag_transform.py took 0.194 seconds
[2026-05-29T19:40:34.542+0000] {processor.py:161} INFO - Started process (PID=183) to work on /opt/airflow/dags/dag_transform.py
[2026-05-29T19:40:34.544+0000] {processor.py:830} INFO - Processing file /opt/airflow/dags/dag_transform.py for tasks to queue
[2026-05-29T19:40:34.548+0000] {logging_mixin.py:188} INFO - [2026-05-29T19:40:34.548+0000] {dagbag.py:545} INFO - Filling up the DagBag from /opt/airflow/dags/dag_transform.py
[2026-05-29T19:40:34.582+0000] {processor.py:840} INFO - DAG(s) 'lyonflow_traffic_transformation' retrieved from /opt/airflow/dags/dag_transform.py
[2026-05-29T19:40:34.863+0000] {logging_mixin.py:188} INFO - [2026-05-29T19:40:34.862+0000] {dag.py:3096} INFO - Sync 1 DAGs
[2026-05-29T19:40:34.894+0000] {logging_mixin.py:188} INFO - [2026-05-29T19:40:34.894+0000] {dag.py:3954} INFO - Setting next_dagrun for lyonflow_traffic_transformation to 2026-05-29 19:35:00+00:00, run_after=2026-05-29 19:40:00+00:00
[2026-05-29T19:40:34.927+0000] {processor.py:183} INFO - Processing /opt/airflow/dags/dag_transform.py took 0.394 seconds
[2026-05-29T19:41:05.185+0000] {processor.py:161} INFO - Started process (PID=193) to work on /opt/airflow/dags/dag_transform.py
[2026-05-29T19:41:05.187+0000] {processor.py:830} INFO - Processing file /opt/airflow/dags/dag_transform.py for tasks to queue
[2026-05-29T19:41:05.190+0000] {logging_mixin.py:188} INFO - [2026-05-29T19:41:05.189+0000] {dagbag.py:545} INFO - Filling up the DagBag from /opt/airflow/dags/dag_transform.py
[2026-05-29T19:41:05.214+0000] {processor.py:840} INFO - DAG(s) 'lyonflow_traffic_transformation' retrieved from /opt/airflow/dags/dag_transform.py
[2026-05-29T19:41:05.257+0000] {logging_mixin.py:188} INFO - [2026-05-29T19:41:05.256+0000] {dag.py:3096} INFO - Sync 1 DAGs
[2026-05-29T19:41:05.298+0000] {logging_mixin.py:188} INFO - [2026-05-29T19:41:05.298+0000] {dag.py:3954} INFO - Setting next_dagrun for lyonflow_traffic_transformation to 2026-05-29 19:35:00+00:00, run_after=2026-05-29 19:40:00+00:00
[2026-05-29T19:41:05.331+0000] {processor.py:183} INFO - Processing /opt/airflow/dags/dag_transform.py took 0.155 seconds
[2026-05-29T19:41:35.612+0000] {processor.py:161} INFO - Started process (PID=203) to work on /opt/airflow/dags/dag_transform.py
[2026-05-29T19:41:35.613+0000] {processor.py:830} INFO - Processing file /opt/airflow/dags/dag_transform.py for tasks to queue
[2026-05-29T19:41:35.615+0000] {logging_mixin.py:188} INFO - [2026-05-29T19:41:35.615+0000] {dagbag.py:545} INFO - Filling up the DagBag from /opt/airflow/dags/dag_transform.py
[2026-05-29T19:41:35.641+0000] {processor.py:840} INFO - DAG(s) 'lyonflow_traffic_transformation' retrieved from /opt/airflow/dags/dag_transform.py
[2026-05-29T19:41:35.685+0000] {logging_mixin.py:188} INFO - [2026-05-29T19:41:35.684+0000] {dag.py:3096} INFO - Sync 1 DAGs
[2026-05-29T19:41:35.721+0000] {logging_mixin.py:188} INFO - [2026-05-29T19:41:35.720+0000] {dag.py:3954} INFO - Setting next_dagrun for lyonflow_traffic_transformation to 2026-05-29 19:35:00+00:00, run_after=2026-05-29 19:40:00+00:00
[2026-05-29T19:41:35.750+0000] {processor.py:183} INFO - Processing /opt/airflow/dags/dag_transform.py took 0.149 seconds
[2026-05-29T19:42:06.027+0000] {processor.py:161} INFO - Started process (PID=213) to work on /opt/airflow/dags/dag_transform.py
[2026-05-29T19:42:06.029+0000] {processor.py:830} INFO - Processing file /opt/airflow/dags/dag_transform.py for tasks to queue
[2026-05-29T19:42:06.031+0000] {logging_mixin.py:188} INFO - [2026-05-29T19:42:06.031+0000] {dagbag.py:545} INFO - Filling up the DagBag from /opt/airflow/dags/dag_transform.py
[2026-05-29T19:42:06.057+0000] {processor.py:840} INFO - DAG(s) 'lyonflow_traffic_transformation' retrieved from /opt/airflow/dags/dag_transform.py
[2026-05-29T19:42:06.099+0000] {logging_mixin.py:188} INFO - [2026-05-29T19:42:06.099+0000] {dag.py:3096} INFO - Sync 1 DAGs
[2026-05-29T19:42:06.134+0000] {logging_mixin.py:188} INFO - [2026-05-29T19:42:06.134+0000] {dag.py:3954} INFO - Setting next_dagrun for lyonflow_traffic_transformation to 2026-05-29 19:35:00+00:00, run_after=2026-05-29 19:40:00+00:00
[2026-05-29T19:42:06.163+0000] {processor.py:183} INFO - Processing /opt/airflow/dags/dag_transform.py took 0.145 seconds
[2026-05-29T19:42:36.282+0000] {processor.py:161} INFO - Started process (PID=245) to work on /opt/airflow/dags/dag_transform.py
[2026-05-29T19:42:36.284+0000] {processor.py:830} INFO - Processing file /opt/airflow/dags/dag_transform.py for tasks to queue
[2026-05-29T19:42:36.287+0000] {logging_mixin.py:188} INFO - [2026-05-29T19:42:36.287+0000] {dagbag.py:545} INFO - Filling up the DagBag from /opt/airflow/dags/dag_transform.py
[2026-05-29T19:42:36.320+0000] {processor.py:840} INFO - DAG(s) 'lyonflow_traffic_transformation' retrieved from /opt/airflow/dags/dag_transform.py
[2026-05-29T19:42:36.378+0000] {logging_mixin.py:188} INFO - [2026-05-29T19:42:36.377+0000] {dag.py:3096} INFO - Sync 1 DAGs
[2026-05-29T19:42:36.419+0000] {logging_mixin.py:188} INFO - [2026-05-29T19:42:36.419+0000] {dag.py:3954} INFO - Setting next_dagrun for lyonflow_traffic_transformation to 2026-05-29 19:35:00+00:00, run_after=2026-05-29 19:40:00+00:00
[2026-05-29T19:42:36.452+0000] {processor.py:183} INFO - Processing /opt/airflow/dags/dag_transform.py took 0.180 seconds
[2026-05-29T19:43:06.752+0000] {processor.py:161} INFO - Started process (PID=255) to work on /opt/airflow/dags/dag_transform.py
[2026-05-29T19:43:06.754+0000] {processor.py:830} INFO - Processing file /opt/airflow/dags/dag_transform.py for tasks to queue
[2026-05-29T19:43:06.757+0000] {logging_mixin.py:188} INFO - [2026-05-29T19:43:06.756+0000] {dagbag.py:545} INFO - Filling up the DagBag from /opt/airflow/dags/dag_transform.py
[2026-05-29T19:43:06.786+0000] {processor.py:840} INFO - DAG(s) 'lyonflow_traffic_transformation' retrieved from /opt/airflow/dags/dag_transform.py
[2026-05-29T19:43:06.840+0000] {logging_mixin.py:188} INFO - [2026-05-29T19:43:06.839+0000] {dag.py:3096} INFO - Sync 1 DAGs
[2026-05-29T19:43:06.884+0000] {logging_mixin.py:188} INFO - [2026-05-29T19:43:06.884+0000] {dag.py:3954} INFO - Setting next_dagrun for lyonflow_traffic_transformation to 2026-05-29 19:35:00+00:00, run_after=2026-05-29 19:40:00+00:00
[2026-05-29T19:43:06.922+0000] {processor.py:183} INFO - Processing /opt/airflow/dags/dag_transform.py took 0.180 seconds
[2026-05-29T19:43:37.208+0000] {processor.py:161} INFO - Started process (PID=265) to work on /opt/airflow/dags/dag_transform.py
[2026-05-29T19:43:37.209+0000] {processor.py:830} INFO - Processing file /opt/airflow/dags/dag_transform.py for tasks to queue
[2026-05-29T19:43:37.212+0000] {logging_mixin.py:188} INFO - [2026-05-29T19:43:37.211+0000] {dagbag.py:545} INFO - Filling up the DagBag from /opt/airflow/dags/dag_transform.py
[2026-05-29T19:43:37.236+0000] {processor.py:840} INFO - DAG(s) 'lyonflow_traffic_transformation' retrieved from /opt/airflow/dags/dag_transform.py
[2026-05-29T19:43:37.275+0000] {logging_mixin.py:188} INFO - [2026-05-29T19:43:37.275+0000] {dag.py:3096} INFO - Sync 1 DAGs
[2026-05-29T19:43:37.311+0000] {logging_mixin.py:188} INFO - [2026-05-29T19:43:37.311+0000] {dag.py:3954} INFO - Setting next_dagrun for lyonflow_traffic_transformation to 2026-05-29 19:35:00+00:00, run_after=2026-05-29 19:40:00+00:00
[2026-05-29T19:43:37.345+0000] {processor.py:183} INFO - Processing /opt/airflow/dags/dag_transform.py took 0.146 seconds
[2026-05-29T19:44:07.716+0000] {processor.py:161} INFO - Started process (PID=275) to work on /opt/airflow/dags/dag_transform.py
[2026-05-29T19:44:07.733+0000] {processor.py:830} INFO - Processing file /opt/airflow/dags/dag_transform.py for tasks to queue
[2026-05-29T19:44:07.764+0000] {logging_mixin.py:188} INFO - [2026-05-29T19:44:07.761+0000] {dagbag.py:545} INFO - Filling up the DagBag from /opt/airflow/dags/dag_transform.py
[2026-05-29T19:44:07.911+0000] {processor.py:840} INFO - DAG(s) 'lyonflow_traffic_transformation' retrieved from /opt/airflow/dags/dag_transform.py
[2026-05-29T19:44:08.049+0000] {logging_mixin.py:188} INFO - [2026-05-29T19:44:08.049+0000] {dag.py:3096} INFO - Sync 1 DAGs
[2026-05-29T19:44:08.141+0000] {logging_mixin.py:188} INFO - [2026-05-29T19:44:08.140+0000] {dag.py:3954} INFO - Setting next_dagrun for lyonflow_traffic_transformation to 2026-05-29 19:35:00+00:00, run_after=2026-05-29 19:40:00+00:00
[2026-05-29T19:44:08.222+0000] {processor.py:183} INFO - Processing /opt/airflow/dags/dag_transform.py took 0.553 seconds
[2026-05-29T19:44:38.550+0000] {processor.py:161} INFO - Started process (PID=285) to work on /opt/airflow/dags/dag_transform.py
[2026-05-29T19:44:38.552+0000] {processor.py:830} INFO - Processing file /opt/airflow/dags/dag_transform.py for tasks to queue
[2026-05-29T19:44:38.557+0000] {logging_mixin.py:188} INFO - [2026-05-29T19:44:38.555+0000] {dagbag.py:545} INFO - Filling up the DagBag from /opt/airflow/dags/dag_transform.py
[2026-05-29T19:44:38.617+0000] {processor.py:840} INFO - DAG(s) 'lyonflow_traffic_transformation' retrieved from /opt/airflow/dags/dag_transform.py
[2026-05-29T19:44:38.681+0000] {logging_mixin.py:188} INFO - [2026-05-29T19:44:38.680+0000] {dag.py:3096} INFO - Sync 1 DAGs
[2026-05-29T19:44:38.738+0000] {logging_mixin.py:188} INFO - [2026-05-29T19:44:38.738+0000] {dag.py:3954} INFO - Setting next_dagrun for lyonflow_traffic_transformation to 2026-05-29 19:35:00+00:00, run_after=2026-05-29 19:40:00+00:00
[2026-05-29T19:44:38.776+0000] {processor.py:183} INFO - Processing /opt/airflow/dags/dag_transform.py took 0.238 seconds
[2026-05-29T19:45:09.143+0000] {processor.py:161} INFO - Started process (PID=297) to work on /opt/airflow/dags/dag_transform.py
[2026-05-29T19:45:09.145+0000] {processor.py:830} INFO - Processing file /opt/airflow/dags/dag_transform.py for tasks to queue
[2026-05-29T19:45:09.148+0000] {logging_mixin.py:188} INFO - [2026-05-29T19:45:09.148+0000] {dagbag.py:545} INFO - Filling up the DagBag from /opt/airflow/dags/dag_transform.py
[2026-05-29T19:45:09.177+0000] {processor.py:840} INFO - DAG(s) 'lyonflow_traffic_transformation' retrieved from /opt/airflow/dags/dag_transform.py
[2026-05-29T19:45:09.227+0000] {logging_mixin.py:188} INFO - [2026-05-29T19:45:09.227+0000] {dag.py:3096} INFO - Sync 1 DAGs
[2026-05-29T19:45:09.267+0000] {logging_mixin.py:188} INFO - [2026-05-29T19:45:09.267+0000] {dag.py:3954} INFO - Setting next_dagrun for lyonflow_traffic_transformation to 2026-05-29 19:40:00+00:00, run_after=2026-05-29 19:45:00+00:00
[2026-05-29T19:45:09.302+0000] {processor.py:183} INFO - Processing /opt/airflow/dags/dag_transform.py took 0.171 seconds
[2026-05-29T19:45:39.408+0000] {processor.py:161} INFO - Started process (PID=307) to work on /opt/airflow/dags/dag_transform.py
[2026-05-29T19:45:39.410+0000] {processor.py:830} INFO - Processing file /opt/airflow/dags/dag_transform.py for tasks to queue
[2026-05-29T19:45:39.413+0000] {logging_mixin.py:188} INFO - [2026-05-29T19:45:39.412+0000] {dagbag.py:545} INFO - Filling up the DagBag from /opt/airflow/dags/dag_transform.py
[2026-05-29T19:45:39.437+0000] {processor.py:840} INFO - DAG(s) 'lyonflow_traffic_transformation' retrieved from /opt/airflow/dags/dag_transform.py
[2026-05-29T19:45:39.477+0000] {logging_mixin.py:188} INFO - [2026-05-29T19:45:39.477+0000] {dag.py:3096} INFO - Sync 1 DAGs
[2026-05-29T19:45:39.514+0000] {logging_mixin.py:188} INFO - [2026-05-29T19:45:39.514+0000] {dag.py:3954} INFO - Setting next_dagrun for lyonflow_traffic_transformation to 2026-05-29 19:40:00+00:00, run_after=2026-05-29 19:45:00+00:00
[2026-05-29T19:45:39.544+0000] {processor.py:183} INFO - Processing /opt/airflow/dags/dag_transform.py took 0.144 seconds
[2026-05-29T19:46:09.853+0000] {processor.py:161} INFO - Started process (PID=320) to work on /opt/airflow/dags/dag_transform.py
[2026-05-29T19:46:09.856+0000] {processor.py:830} INFO - Processing file /opt/airflow/dags/dag_transform.py for tasks to queue
[2026-05-29T19:46:09.860+0000] {logging_mixin.py:188} INFO - [2026-05-29T19:46:09.859+0000] {dagbag.py:545} INFO - Filling up the DagBag from /opt/airflow/dags/dag_transform.py
[2026-05-29T19:46:09.904+0000] {processor.py:840} INFO - DAG(s) 'lyonflow_traffic_transformation' retrieved from /opt/airflow/dags/dag_transform.py
[2026-05-29T19:46:09.957+0000] {logging_mixin.py:188} INFO - [2026-05-29T19:46:09.957+0000] {dag.py:3096} INFO - Sync 1 DAGs
[2026-05-29T19:46:10.020+0000] {processor.py:183} INFO - Processing /opt/airflow/dags/dag_transform.py took 0.178 seconds
[2026-05-29T19:46:40.308+0000] {processor.py:161} INFO - Started process (PID=330) to work on /opt/airflow/dags/dag_transform.py
[2026-05-29T19:46:40.309+0000] {processor.py:830} INFO - Processing file /opt/airflow/dags/dag_transform.py for tasks to queue
[2026-05-29T19:46:40.312+0000] {logging_mixin.py:188} INFO - [2026-05-29T19:46:40.311+0000] {dagbag.py:545} INFO - Filling up the DagBag from /opt/airflow/dags/dag_transform.py
[2026-05-29T19:46:40.334+0000] {processor.py:840} INFO - DAG(s) 'lyonflow_traffic_transformation' retrieved from /opt/airflow/dags/dag_transform.py
[2026-05-29T19:46:40.377+0000] {logging_mixin.py:188} INFO - [2026-05-29T19:46:40.377+0000] {dag.py:3096} INFO - Sync 1 DAGs
[2026-05-29T19:46:40.436+0000] {processor.py:183} INFO - Processing /opt/airflow/dags/dag_transform.py took 0.137 seconds
[2026-05-29T19:47:10.566+0000] {processor.py:161} INFO - Started process (PID=340) to work on /opt/airflow/dags/dag_transform.py
[2026-05-29T19:47:10.568+0000] {processor.py:830} INFO - Processing file /opt/airflow/dags/dag_transform.py for tasks to queue
[2026-05-29T19:47:10.571+0000] {logging_mixin.py:188} INFO - [2026-05-29T19:47:10.570+0000] {dagbag.py:545} INFO - Filling up the DagBag from /opt/airflow/dags/dag_transform.py
[2026-05-29T19:47:10.596+0000] {processor.py:840} INFO - DAG(s) 'lyonflow_traffic_transformation' retrieved from /opt/airflow/dags/dag_transform.py
[2026-05-29T19:47:10.670+0000] {logging_mixin.py:188} INFO - [2026-05-29T19:47:10.670+0000] {dag.py:3096} INFO - Sync 1 DAGs
[2026-05-29T19:47:10.733+0000] {processor.py:183} INFO - Processing /opt/airflow/dags/dag_transform.py took 0.174 seconds
[2026-05-29T19:47:41.194+0000] {processor.py:161} INFO - Started process (PID=350) to work on /opt/airflow/dags/dag_transform.py
[2026-05-29T19:47:41.204+0000] {processor.py:830} INFO - Processing file /opt/airflow/dags/dag_transform.py for tasks to queue
[2026-05-29T19:47:41.222+0000] {logging_mixin.py:188} INFO - [2026-05-29T19:47:41.219+0000] {dagbag.py:545} INFO - Filling up the DagBag from /opt/airflow/dags/dag_transform.py
[2026-05-29T19:47:41.425+0000] {processor.py:840} INFO - DAG(s) 'lyonflow_traffic_transformation' retrieved from /opt/airflow/dags/dag_transform.py
[2026-05-29T19:47:41.713+0000] {logging_mixin.py:188} INFO - [2026-05-29T19:47:41.712+0000] {dag.py:3096} INFO - Sync 1 DAGs
[2026-05-29T19:47:41.959+0000] {processor.py:183} INFO - Processing /opt/airflow/dags/dag_transform.py took 0.853 seconds
[2026-05-29T19:48:12.261+0000] {processor.py:161} INFO - Started process (PID=360) to work on /opt/airflow/dags/dag_transform.py
[2026-05-29T19:48:12.263+0000] {processor.py:830} INFO - Processing file /opt/airflow/dags/dag_transform.py for tasks to queue
[2026-05-29T19:48:12.266+0000] {logging_mixin.py:188} INFO - [2026-05-29T19:48:12.265+0000] {dagbag.py:545} INFO - Filling up the DagBag from /opt/airflow/dags/dag_transform.py
[2026-05-29T19:48:12.290+0000] {processor.py:840} INFO - DAG(s) 'lyonflow_traffic_transformation' retrieved from /opt/airflow/dags/dag_transform.py
[2026-05-29T19:48:12.334+0000] {logging_mixin.py:188} INFO - [2026-05-29T19:48:12.333+0000] {dag.py:3096} INFO - Sync 1 DAGs
[2026-05-29T19:48:12.372+0000] {logging_mixin.py:188} INFO - [2026-05-29T19:48:12.372+0000] {dag.py:3954} INFO - Setting next_dagrun for lyonflow_traffic_transformation to 2026-05-29 19:45:00+00:00, run_after=2026-05-29 19:50:00+00:00
[2026-05-29T19:48:12.411+0000] {processor.py:183} INFO - Processing /opt/airflow/dags/dag_transform.py took 0.158 seconds
