[2026-05-29T19:50:04.183+0000] {processor.py:161} INFO - Started process (PID=372) to work on /opt/airflow/dags/dag_pipeline.py
[2026-05-29T19:50:04.184+0000] {processor.py:830} INFO - Processing file /opt/airflow/dags/dag_pipeline.py for tasks to queue
[2026-05-29T19:50:04.185+0000] {logging_mixin.py:188} INFO - [2026-05-29T19:50:04.185+0000] {dagbag.py:545} INFO - Filling up the DagBag from /opt/airflow/dags/dag_pipeline.py
[2026-05-29T19:50:04.210+0000] {processor.py:840} INFO - DAG(s) 'lyonflow_traffic_pipeline' retrieved from /opt/airflow/dags/dag_pipeline.py
[2026-05-29T19:50:04.387+0000] {logging_mixin.py:188} INFO - [2026-05-29T19:50:04.387+0000] {override.py:1829} INFO - Created Permission View: can read on DAG:lyonflow_traffic_pipeline
[2026-05-29T19:50:04.400+0000] {logging_mixin.py:188} INFO - [2026-05-29T19:50:04.400+0000] {override.py:1829} INFO - Created Permission View: can delete on DAG:lyonflow_traffic_pipeline
[2026-05-29T19:50:04.411+0000] {logging_mixin.py:188} INFO - [2026-05-29T19:50:04.411+0000] {override.py:1829} INFO - Created Permission View: can edit on DAG:lyonflow_traffic_pipeline
[2026-05-29T19:50:04.412+0000] {logging_mixin.py:188} INFO - [2026-05-29T19:50:04.412+0000] {dag.py:3096} INFO - Sync 1 DAGs
[2026-05-29T19:50:04.427+0000] {logging_mixin.py:188} INFO - [2026-05-29T19:50:04.426+0000] {dag.py:3118} INFO - Creating ORM DAG for lyonflow_traffic_pipeline
[2026-05-29T19:50:04.446+0000] {logging_mixin.py:188} INFO - [2026-05-29T19:50:04.446+0000] {dag.py:3954} INFO - Setting next_dagrun for lyonflow_traffic_pipeline to 2026-05-29 19:45:00+00:00, run_after=2026-05-29 19:50:00+00:00
[2026-05-29T19:50:04.480+0000] {processor.py:183} INFO - Processing /opt/airflow/dags/dag_pipeline.py took 0.306 seconds
[2026-05-29T19:50:34.795+0000] {processor.py:161} INFO - Started process (PID=377) to work on /opt/airflow/dags/dag_pipeline.py
[2026-05-29T19:50:34.799+0000] {processor.py:830} INFO - Processing file /opt/airflow/dags/dag_pipeline.py for tasks to queue
[2026-05-29T19:50:34.806+0000] {logging_mixin.py:188} INFO - [2026-05-29T19:50:34.805+0000] {dagbag.py:545} INFO - Filling up the DagBag from /opt/airflow/dags/dag_pipeline.py
[2026-05-29T19:50:34.852+0000] {processor.py:840} INFO - DAG(s) 'lyonflow_traffic_pipeline' retrieved from /opt/airflow/dags/dag_pipeline.py
[2026-05-29T19:50:34.924+0000] {logging_mixin.py:188} INFO - [2026-05-29T19:50:34.924+0000] {dag.py:3096} INFO - Sync 1 DAGs
[2026-05-29T19:50:34.994+0000] {processor.py:183} INFO - Processing /opt/airflow/dags/dag_pipeline.py took 0.219 seconds
[2026-05-29T19:51:05.240+0000] {processor.py:161} INFO - Started process (PID=387) to work on /opt/airflow/dags/dag_pipeline.py
[2026-05-29T19:51:05.241+0000] {processor.py:830} INFO - Processing file /opt/airflow/dags/dag_pipeline.py for tasks to queue
[2026-05-29T19:51:05.243+0000] {logging_mixin.py:188} INFO - [2026-05-29T19:51:05.242+0000] {dagbag.py:545} INFO - Filling up the DagBag from /opt/airflow/dags/dag_pipeline.py
[2026-05-29T19:51:05.274+0000] {processor.py:840} INFO - DAG(s) 'lyonflow_traffic_pipeline' retrieved from /opt/airflow/dags/dag_pipeline.py
[2026-05-29T19:51:05.327+0000] {logging_mixin.py:188} INFO - [2026-05-29T19:51:05.326+0000] {dag.py:3096} INFO - Sync 1 DAGs
[2026-05-29T19:51:05.399+0000] {processor.py:183} INFO - Processing /opt/airflow/dags/dag_pipeline.py took 0.171 seconds
[2026-05-29T19:51:35.651+0000] {processor.py:161} INFO - Started process (PID=392) to work on /opt/airflow/dags/dag_pipeline.py
[2026-05-29T19:51:35.653+0000] {processor.py:830} INFO - Processing file /opt/airflow/dags/dag_pipeline.py for tasks to queue
[2026-05-29T19:51:35.654+0000] {logging_mixin.py:188} INFO - [2026-05-29T19:51:35.654+0000] {dagbag.py:545} INFO - Filling up the DagBag from /opt/airflow/dags/dag_pipeline.py
[2026-05-29T19:51:35.680+0000] {processor.py:840} INFO - DAG(s) 'lyonflow_traffic_pipeline' retrieved from /opt/airflow/dags/dag_pipeline.py
[2026-05-29T19:51:35.730+0000] {logging_mixin.py:188} INFO - [2026-05-29T19:51:35.730+0000] {dag.py:3096} INFO - Sync 1 DAGs
[2026-05-29T19:51:35.791+0000] {processor.py:183} INFO - Processing /opt/airflow/dags/dag_pipeline.py took 0.149 seconds
[2026-05-29T19:52:05.891+0000] {processor.py:161} INFO - Started process (PID=397) to work on /opt/airflow/dags/dag_pipeline.py
[2026-05-29T19:52:05.893+0000] {processor.py:830} INFO - Processing file /opt/airflow/dags/dag_pipeline.py for tasks to queue
[2026-05-29T19:52:05.894+0000] {logging_mixin.py:188} INFO - [2026-05-29T19:52:05.894+0000] {dagbag.py:545} INFO - Filling up the DagBag from /opt/airflow/dags/dag_pipeline.py
[2026-05-29T19:52:05.925+0000] {processor.py:840} INFO - DAG(s) 'lyonflow_traffic_pipeline' retrieved from /opt/airflow/dags/dag_pipeline.py
[2026-05-29T19:52:05.973+0000] {logging_mixin.py:188} INFO - [2026-05-29T19:52:05.973+0000] {dag.py:3096} INFO - Sync 1 DAGs
[2026-05-29T19:52:06.051+0000] {processor.py:183} INFO - Processing /opt/airflow/dags/dag_pipeline.py took 0.170 seconds
[2026-05-29T19:52:36.285+0000] {processor.py:161} INFO - Started process (PID=402) to work on /opt/airflow/dags/dag_pipeline.py
[2026-05-29T19:52:36.290+0000] {processor.py:830} INFO - Processing file /opt/airflow/dags/dag_pipeline.py for tasks to queue
[2026-05-29T19:52:36.292+0000] {logging_mixin.py:188} INFO - [2026-05-29T19:52:36.292+0000] {dagbag.py:545} INFO - Filling up the DagBag from /opt/airflow/dags/dag_pipeline.py
[2026-05-29T19:52:36.410+0000] {processor.py:840} INFO - DAG(s) 'lyonflow_traffic_pipeline' retrieved from /opt/airflow/dags/dag_pipeline.py
[2026-05-29T19:52:36.597+0000] {logging_mixin.py:188} INFO - [2026-05-29T19:52:36.596+0000] {dag.py:3096} INFO - Sync 1 DAGs
[2026-05-29T19:52:36.724+0000] {processor.py:183} INFO - Processing /opt/airflow/dags/dag_pipeline.py took 0.470 seconds
[2026-05-29T19:53:06.993+0000] {processor.py:161} INFO - Started process (PID=412) to work on /opt/airflow/dags/dag_pipeline.py
[2026-05-29T19:53:06.995+0000] {processor.py:830} INFO - Processing file /opt/airflow/dags/dag_pipeline.py for tasks to queue
[2026-05-29T19:53:06.997+0000] {logging_mixin.py:188} INFO - [2026-05-29T19:53:06.996+0000] {dagbag.py:545} INFO - Filling up the DagBag from /opt/airflow/dags/dag_pipeline.py
[2026-05-29T19:53:07.027+0000] {processor.py:840} INFO - DAG(s) 'lyonflow_traffic_pipeline' retrieved from /opt/airflow/dags/dag_pipeline.py
[2026-05-29T19:53:07.074+0000] {logging_mixin.py:188} INFO - [2026-05-29T19:53:07.074+0000] {dag.py:3096} INFO - Sync 1 DAGs
[2026-05-29T19:53:07.141+0000] {processor.py:183} INFO - Processing /opt/airflow/dags/dag_pipeline.py took 0.159 seconds
[2026-05-29T19:53:37.381+0000] {processor.py:161} INFO - Started process (PID=417) to work on /opt/airflow/dags/dag_pipeline.py
[2026-05-29T19:53:37.383+0000] {processor.py:830} INFO - Processing file /opt/airflow/dags/dag_pipeline.py for tasks to queue
[2026-05-29T19:53:37.384+0000] {logging_mixin.py:188} INFO - [2026-05-29T19:53:37.384+0000] {dagbag.py:545} INFO - Filling up the DagBag from /opt/airflow/dags/dag_pipeline.py
[2026-05-29T19:53:37.411+0000] {processor.py:840} INFO - DAG(s) 'lyonflow_traffic_pipeline' retrieved from /opt/airflow/dags/dag_pipeline.py
[2026-05-29T19:53:37.453+0000] {logging_mixin.py:188} INFO - [2026-05-29T19:53:37.452+0000] {dag.py:3096} INFO - Sync 1 DAGs
[2026-05-29T19:53:37.514+0000] {processor.py:183} INFO - Processing /opt/airflow/dags/dag_pipeline.py took 0.142 seconds
[2026-05-29T19:54:07.615+0000] {processor.py:161} INFO - Started process (PID=422) to work on /opt/airflow/dags/dag_pipeline.py
[2026-05-29T19:54:07.617+0000] {processor.py:830} INFO - Processing file /opt/airflow/dags/dag_pipeline.py for tasks to queue
[2026-05-29T19:54:07.618+0000] {logging_mixin.py:188} INFO - [2026-05-29T19:54:07.618+0000] {dagbag.py:545} INFO - Filling up the DagBag from /opt/airflow/dags/dag_pipeline.py
[2026-05-29T19:54:07.649+0000] {processor.py:840} INFO - DAG(s) 'lyonflow_traffic_pipeline' retrieved from /opt/airflow/dags/dag_pipeline.py
[2026-05-29T19:54:07.699+0000] {logging_mixin.py:188} INFO - [2026-05-29T19:54:07.699+0000] {dag.py:3096} INFO - Sync 1 DAGs
[2026-05-29T19:54:07.770+0000] {processor.py:183} INFO - Processing /opt/airflow/dags/dag_pipeline.py took 0.166 seconds
[2026-05-29T19:54:37.992+0000] {processor.py:161} INFO - Started process (PID=427) to work on /opt/airflow/dags/dag_pipeline.py
[2026-05-29T19:54:37.994+0000] {processor.py:830} INFO - Processing file /opt/airflow/dags/dag_pipeline.py for tasks to queue
[2026-05-29T19:54:37.996+0000] {logging_mixin.py:188} INFO - [2026-05-29T19:54:37.996+0000] {dagbag.py:545} INFO - Filling up the DagBag from /opt/airflow/dags/dag_pipeline.py
[2026-05-29T19:54:38.029+0000] {processor.py:840} INFO - DAG(s) 'lyonflow_traffic_pipeline' retrieved from /opt/airflow/dags/dag_pipeline.py
[2026-05-29T19:54:38.083+0000] {logging_mixin.py:188} INFO - [2026-05-29T19:54:38.082+0000] {dag.py:3096} INFO - Sync 1 DAGs
[2026-05-29T19:54:38.154+0000] {processor.py:183} INFO - Processing /opt/airflow/dags/dag_pipeline.py took 0.172 seconds
[2026-05-29T19:55:08.250+0000] {processor.py:161} INFO - Started process (PID=432) to work on /opt/airflow/dags/dag_pipeline.py
[2026-05-29T19:55:08.252+0000] {processor.py:830} INFO - Processing file /opt/airflow/dags/dag_pipeline.py for tasks to queue
[2026-05-29T19:55:08.253+0000] {logging_mixin.py:188} INFO - [2026-05-29T19:55:08.252+0000] {dagbag.py:545} INFO - Filling up the DagBag from /opt/airflow/dags/dag_pipeline.py
[2026-05-29T19:55:08.283+0000] {processor.py:840} INFO - DAG(s) 'lyonflow_traffic_pipeline' retrieved from /opt/airflow/dags/dag_pipeline.py
[2026-05-29T19:55:08.329+0000] {logging_mixin.py:188} INFO - [2026-05-29T19:55:08.329+0000] {dag.py:3096} INFO - Sync 1 DAGs
[2026-05-29T19:55:08.379+0000] {logging_mixin.py:188} INFO - [2026-05-29T19:55:08.379+0000] {dag.py:3954} INFO - Setting next_dagrun for lyonflow_traffic_pipeline to 2026-05-29 19:50:00+00:00, run_after=2026-05-29 19:55:00+00:00
[2026-05-29T19:55:08.414+0000] {processor.py:183} INFO - Processing /opt/airflow/dags/dag_pipeline.py took 0.173 seconds
[2026-05-29T19:55:38.582+0000] {processor.py:161} INFO - Started process (PID=442) to work on /opt/airflow/dags/dag_pipeline.py
[2026-05-29T19:55:38.583+0000] {processor.py:830} INFO - Processing file /opt/airflow/dags/dag_pipeline.py for tasks to queue
[2026-05-29T19:55:38.585+0000] {logging_mixin.py:188} INFO - [2026-05-29T19:55:38.585+0000] {dagbag.py:545} INFO - Filling up the DagBag from /opt/airflow/dags/dag_pipeline.py
[2026-05-29T19:55:38.609+0000] {processor.py:840} INFO - DAG(s) 'lyonflow_traffic_pipeline' retrieved from /opt/airflow/dags/dag_pipeline.py
[2026-05-29T19:55:38.646+0000] {logging_mixin.py:188} INFO - [2026-05-29T19:55:38.646+0000] {dag.py:3096} INFO - Sync 1 DAGs
[2026-05-29T19:55:38.710+0000] {processor.py:183} INFO - Processing /opt/airflow/dags/dag_pipeline.py took 0.135 seconds
[2026-05-29T19:56:08.846+0000] {processor.py:161} INFO - Started process (PID=447) to work on /opt/airflow/dags/dag_pipeline.py
[2026-05-29T19:56:08.847+0000] {processor.py:830} INFO - Processing file /opt/airflow/dags/dag_pipeline.py for tasks to queue
[2026-05-29T19:56:08.848+0000] {logging_mixin.py:188} INFO - [2026-05-29T19:56:08.848+0000] {dagbag.py:545} INFO - Filling up the DagBag from /opt/airflow/dags/dag_pipeline.py
[2026-05-29T19:56:08.875+0000] {processor.py:840} INFO - DAG(s) 'lyonflow_traffic_pipeline' retrieved from /opt/airflow/dags/dag_pipeline.py
[2026-05-29T19:56:08.927+0000] {logging_mixin.py:188} INFO - [2026-05-29T19:56:08.927+0000] {dag.py:3096} INFO - Sync 1 DAGs
[2026-05-29T19:56:08.986+0000] {processor.py:183} INFO - Processing /opt/airflow/dags/dag_pipeline.py took 0.150 seconds
[2026-05-29T19:56:39.141+0000] {processor.py:161} INFO - Started process (PID=458) to work on /opt/airflow/dags/dag_pipeline.py
[2026-05-29T19:56:39.143+0000] {processor.py:830} INFO - Processing file /opt/airflow/dags/dag_pipeline.py for tasks to queue
[2026-05-29T19:56:39.144+0000] {logging_mixin.py:188} INFO - [2026-05-29T19:56:39.144+0000] {dagbag.py:545} INFO - Filling up the DagBag from /opt/airflow/dags/dag_pipeline.py
[2026-05-29T19:56:39.174+0000] {processor.py:840} INFO - DAG(s) 'lyonflow_traffic_pipeline' retrieved from /opt/airflow/dags/dag_pipeline.py
[2026-05-29T19:56:39.221+0000] {logging_mixin.py:188} INFO - [2026-05-29T19:56:39.221+0000] {dag.py:3096} INFO - Sync 1 DAGs
[2026-05-29T19:56:39.292+0000] {processor.py:183} INFO - Processing /opt/airflow/dags/dag_pipeline.py took 0.163 seconds
[2026-05-29T19:57:09.433+0000] {processor.py:161} INFO - Started process (PID=469) to work on /opt/airflow/dags/dag_pipeline.py
[2026-05-29T19:57:09.436+0000] {processor.py:830} INFO - Processing file /opt/airflow/dags/dag_pipeline.py for tasks to queue
[2026-05-29T19:57:09.438+0000] {logging_mixin.py:188} INFO - [2026-05-29T19:57:09.437+0000] {dagbag.py:545} INFO - Filling up the DagBag from /opt/airflow/dags/dag_pipeline.py
[2026-05-29T19:57:09.472+0000] {processor.py:840} INFO - DAG(s) 'lyonflow_traffic_pipeline' retrieved from /opt/airflow/dags/dag_pipeline.py
[2026-05-29T19:57:09.527+0000] {logging_mixin.py:188} INFO - [2026-05-29T19:57:09.527+0000] {dag.py:3096} INFO - Sync 1 DAGs
[2026-05-29T19:57:09.561+0000] {logging_mixin.py:188} INFO - [2026-05-29T19:57:09.561+0000] {dag.py:3954} INFO - Setting next_dagrun for lyonflow_traffic_pipeline to 2026-05-29 19:55:00+00:00, run_after=2026-05-29 20:00:00+00:00
[2026-05-29T19:57:09.593+0000] {processor.py:183} INFO - Processing /opt/airflow/dags/dag_pipeline.py took 0.175 seconds
[2026-05-29T19:57:39.747+0000] {processor.py:161} INFO - Started process (PID=474) to work on /opt/airflow/dags/dag_pipeline.py
[2026-05-29T19:57:39.749+0000] {processor.py:830} INFO - Processing file /opt/airflow/dags/dag_pipeline.py for tasks to queue
[2026-05-29T19:57:39.750+0000] {logging_mixin.py:188} INFO - [2026-05-29T19:57:39.750+0000] {dagbag.py:545} INFO - Filling up the DagBag from /opt/airflow/dags/dag_pipeline.py
[2026-05-29T19:57:39.779+0000] {processor.py:840} INFO - DAG(s) 'lyonflow_traffic_pipeline' retrieved from /opt/airflow/dags/dag_pipeline.py
[2026-05-29T19:57:39.831+0000] {logging_mixin.py:188} INFO - [2026-05-29T19:57:39.831+0000] {dag.py:3096} INFO - Sync 1 DAGs
[2026-05-29T19:57:39.867+0000] {logging_mixin.py:188} INFO - [2026-05-29T19:57:39.867+0000] {dag.py:3954} INFO - Setting next_dagrun for lyonflow_traffic_pipeline to 2026-05-29 19:55:00+00:00, run_after=2026-05-29 20:00:00+00:00
[2026-05-29T19:57:39.899+0000] {processor.py:183} INFO - Processing /opt/airflow/dags/dag_pipeline.py took 0.164 seconds
[2026-05-29T19:58:10.041+0000] {processor.py:161} INFO - Started process (PID=479) to work on /opt/airflow/dags/dag_pipeline.py
[2026-05-29T19:58:10.042+0000] {processor.py:830} INFO - Processing file /opt/airflow/dags/dag_pipeline.py for tasks to queue
[2026-05-29T19:58:10.043+0000] {logging_mixin.py:188} INFO - [2026-05-29T19:58:10.043+0000] {dagbag.py:545} INFO - Filling up the DagBag from /opt/airflow/dags/dag_pipeline.py
[2026-05-29T19:58:10.069+0000] {processor.py:840} INFO - DAG(s) 'lyonflow_traffic_pipeline' retrieved from /opt/airflow/dags/dag_pipeline.py
[2026-05-29T19:58:10.112+0000] {logging_mixin.py:188} INFO - [2026-05-29T19:58:10.112+0000] {dag.py:3096} INFO - Sync 1 DAGs
[2026-05-29T19:58:10.150+0000] {logging_mixin.py:188} INFO - [2026-05-29T19:58:10.149+0000] {dag.py:3954} INFO - Setting next_dagrun for lyonflow_traffic_pipeline to 2026-05-29 19:55:00+00:00, run_after=2026-05-29 20:00:00+00:00
[2026-05-29T19:58:10.179+0000] {processor.py:183} INFO - Processing /opt/airflow/dags/dag_pipeline.py took 0.149 seconds
[2026-05-29T19:58:40.327+0000] {processor.py:161} INFO - Started process (PID=484) to work on /opt/airflow/dags/dag_pipeline.py
[2026-05-29T19:58:40.329+0000] {processor.py:830} INFO - Processing file /opt/airflow/dags/dag_pipeline.py for tasks to queue
[2026-05-29T19:58:40.330+0000] {logging_mixin.py:188} INFO - [2026-05-29T19:58:40.330+0000] {dagbag.py:545} INFO - Filling up the DagBag from /opt/airflow/dags/dag_pipeline.py
[2026-05-29T19:58:40.353+0000] {processor.py:840} INFO - DAG(s) 'lyonflow_traffic_pipeline' retrieved from /opt/airflow/dags/dag_pipeline.py
[2026-05-29T19:58:40.395+0000] {logging_mixin.py:188} INFO - [2026-05-29T19:58:40.395+0000] {dag.py:3096} INFO - Sync 1 DAGs
[2026-05-29T19:58:40.426+0000] {logging_mixin.py:188} INFO - [2026-05-29T19:58:40.426+0000] {dag.py:3954} INFO - Setting next_dagrun for lyonflow_traffic_pipeline to 2026-05-29 19:55:00+00:00, run_after=2026-05-29 20:00:00+00:00
[2026-05-29T19:58:40.456+0000] {processor.py:183} INFO - Processing /opt/airflow/dags/dag_pipeline.py took 0.139 seconds
[2026-05-29T19:59:10.624+0000] {processor.py:161} INFO - Started process (PID=489) to work on /opt/airflow/dags/dag_pipeline.py
[2026-05-29T19:59:10.626+0000] {processor.py:830} INFO - Processing file /opt/airflow/dags/dag_pipeline.py for tasks to queue
[2026-05-29T19:59:10.628+0000] {logging_mixin.py:188} INFO - [2026-05-29T19:59:10.627+0000] {dagbag.py:545} INFO - Filling up the DagBag from /opt/airflow/dags/dag_pipeline.py
[2026-05-29T19:59:10.656+0000] {processor.py:840} INFO - DAG(s) 'lyonflow_traffic_pipeline' retrieved from /opt/airflow/dags/dag_pipeline.py
[2026-05-29T19:59:10.704+0000] {logging_mixin.py:188} INFO - [2026-05-29T19:59:10.704+0000] {dag.py:3096} INFO - Sync 1 DAGs
[2026-05-29T19:59:10.743+0000] {logging_mixin.py:188} INFO - [2026-05-29T19:59:10.743+0000] {dag.py:3954} INFO - Setting next_dagrun for lyonflow_traffic_pipeline to 2026-05-29 19:55:00+00:00, run_after=2026-05-29 20:00:00+00:00
[2026-05-29T19:59:10.784+0000] {processor.py:183} INFO - Processing /opt/airflow/dags/dag_pipeline.py took 0.175 seconds
[2026-05-29T19:59:40.892+0000] {processor.py:161} INFO - Started process (PID=494) to work on /opt/airflow/dags/dag_pipeline.py
[2026-05-29T19:59:40.893+0000] {processor.py:830} INFO - Processing file /opt/airflow/dags/dag_pipeline.py for tasks to queue
[2026-05-29T19:59:40.895+0000] {logging_mixin.py:188} INFO - [2026-05-29T19:59:40.894+0000] {dagbag.py:545} INFO - Filling up the DagBag from /opt/airflow/dags/dag_pipeline.py
[2026-05-29T19:59:40.918+0000] {processor.py:840} INFO - DAG(s) 'lyonflow_traffic_pipeline' retrieved from /opt/airflow/dags/dag_pipeline.py
[2026-05-29T19:59:40.962+0000] {logging_mixin.py:188} INFO - [2026-05-29T19:59:40.961+0000] {dag.py:3096} INFO - Sync 1 DAGs
[2026-05-29T19:59:40.993+0000] {logging_mixin.py:188} INFO - [2026-05-29T19:59:40.993+0000] {dag.py:3954} INFO - Setting next_dagrun for lyonflow_traffic_pipeline to 2026-05-29 19:55:00+00:00, run_after=2026-05-29 20:00:00+00:00
[2026-05-29T19:59:41.020+0000] {processor.py:183} INFO - Processing /opt/airflow/dags/dag_pipeline.py took 0.138 seconds
[2026-05-29T20:00:11.223+0000] {processor.py:161} INFO - Started process (PID=504) to work on /opt/airflow/dags/dag_pipeline.py
[2026-05-29T20:00:11.225+0000] {processor.py:830} INFO - Processing file /opt/airflow/dags/dag_pipeline.py for tasks to queue
[2026-05-29T20:00:11.226+0000] {logging_mixin.py:188} INFO - [2026-05-29T20:00:11.226+0000] {dagbag.py:545} INFO - Filling up the DagBag from /opt/airflow/dags/dag_pipeline.py
[2026-05-29T20:00:11.253+0000] {processor.py:840} INFO - DAG(s) 'lyonflow_traffic_pipeline' retrieved from /opt/airflow/dags/dag_pipeline.py
[2026-05-29T20:00:11.298+0000] {logging_mixin.py:188} INFO - [2026-05-29T20:00:11.298+0000] {dag.py:3096} INFO - Sync 1 DAGs
[2026-05-29T20:00:11.356+0000] {processor.py:183} INFO - Processing /opt/airflow/dags/dag_pipeline.py took 0.143 seconds
[2026-05-29T20:00:41.553+0000] {processor.py:161} INFO - Started process (PID=509) to work on /opt/airflow/dags/dag_pipeline.py
[2026-05-29T20:00:41.556+0000] {processor.py:830} INFO - Processing file /opt/airflow/dags/dag_pipeline.py for tasks to queue
[2026-05-29T20:00:41.559+0000] {logging_mixin.py:188} INFO - [2026-05-29T20:00:41.558+0000] {dagbag.py:545} INFO - Filling up the DagBag from /opt/airflow/dags/dag_pipeline.py
[2026-05-29T20:00:41.632+0000] {processor.py:840} INFO - DAG(s) 'lyonflow_traffic_pipeline' retrieved from /opt/airflow/dags/dag_pipeline.py
[2026-05-29T20:00:41.725+0000] {logging_mixin.py:188} INFO - [2026-05-29T20:00:41.724+0000] {dag.py:3096} INFO - Sync 1 DAGs
[2026-05-29T20:00:41.891+0000] {processor.py:183} INFO - Processing /opt/airflow/dags/dag_pipeline.py took 0.363 seconds
[2026-05-29T20:01:12.434+0000] {processor.py:161} INFO - Started process (PID=514) to work on /opt/airflow/dags/dag_pipeline.py
[2026-05-29T20:01:12.440+0000] {processor.py:830} INFO - Processing file /opt/airflow/dags/dag_pipeline.py for tasks to queue
[2026-05-29T20:01:12.449+0000] {logging_mixin.py:188} INFO - [2026-05-29T20:01:12.445+0000] {dagbag.py:545} INFO - Filling up the DagBag from /opt/airflow/dags/dag_pipeline.py
[2026-05-29T20:01:12.640+0000] {processor.py:840} INFO - DAG(s) 'lyonflow_traffic_pipeline' retrieved from /opt/airflow/dags/dag_pipeline.py
[2026-05-29T20:01:12.994+0000] {logging_mixin.py:188} INFO - [2026-05-29T20:01:12.993+0000] {dag.py:3096} INFO - Sync 1 DAGs
[2026-05-29T20:01:13.163+0000] {processor.py:183} INFO - Processing /opt/airflow/dags/dag_pipeline.py took 0.822 seconds
[2026-05-29T20:01:43.525+0000] {processor.py:161} INFO - Started process (PID=519) to work on /opt/airflow/dags/dag_pipeline.py
[2026-05-29T20:01:43.528+0000] {processor.py:830} INFO - Processing file /opt/airflow/dags/dag_pipeline.py for tasks to queue
[2026-05-29T20:01:43.535+0000] {logging_mixin.py:188} INFO - [2026-05-29T20:01:43.533+0000] {dagbag.py:545} INFO - Filling up the DagBag from /opt/airflow/dags/dag_pipeline.py
[2026-05-29T20:01:43.683+0000] {processor.py:840} INFO - DAG(s) 'lyonflow_traffic_pipeline' retrieved from /opt/airflow/dags/dag_pipeline.py
[2026-05-29T20:01:43.831+0000] {logging_mixin.py:188} INFO - [2026-05-29T20:01:43.831+0000] {dag.py:3096} INFO - Sync 1 DAGs
[2026-05-29T20:01:44.041+0000] {processor.py:183} INFO - Processing /opt/airflow/dags/dag_pipeline.py took 0.539 seconds
[2026-05-29T20:02:14.431+0000] {processor.py:161} INFO - Started process (PID=524) to work on /opt/airflow/dags/dag_pipeline.py
[2026-05-29T20:02:14.437+0000] {processor.py:830} INFO - Processing file /opt/airflow/dags/dag_pipeline.py for tasks to queue
[2026-05-29T20:02:14.444+0000] {logging_mixin.py:188} INFO - [2026-05-29T20:02:14.439+0000] {dagbag.py:545} INFO - Filling up the DagBag from /opt/airflow/dags/dag_pipeline.py
[2026-05-29T20:02:14.563+0000] {processor.py:840} INFO - DAG(s) 'lyonflow_traffic_pipeline' retrieved from /opt/airflow/dags/dag_pipeline.py
[2026-05-29T20:02:14.713+0000] {logging_mixin.py:188} INFO - [2026-05-29T20:02:14.713+0000] {dag.py:3096} INFO - Sync 1 DAGs
[2026-05-29T20:02:14.928+0000] {processor.py:183} INFO - Processing /opt/airflow/dags/dag_pipeline.py took 0.530 seconds
[2026-05-29T20:02:45.446+0000] {processor.py:161} INFO - Started process (PID=529) to work on /opt/airflow/dags/dag_pipeline.py
[2026-05-29T20:02:45.450+0000] {processor.py:830} INFO - Processing file /opt/airflow/dags/dag_pipeline.py for tasks to queue
[2026-05-29T20:02:45.453+0000] {logging_mixin.py:188} INFO - [2026-05-29T20:02:45.452+0000] {dagbag.py:545} INFO - Filling up the DagBag from /opt/airflow/dags/dag_pipeline.py
[2026-05-29T20:02:45.495+0000] {processor.py:840} INFO - DAG(s) 'lyonflow_traffic_pipeline' retrieved from /opt/airflow/dags/dag_pipeline.py
[2026-05-29T20:02:45.560+0000] {logging_mixin.py:188} INFO - [2026-05-29T20:02:45.559+0000] {dag.py:3096} INFO - Sync 1 DAGs
[2026-05-29T20:02:45.636+0000] {processor.py:183} INFO - Processing /opt/airflow/dags/dag_pipeline.py took 0.257 seconds
[2026-05-29T20:03:15.962+0000] {processor.py:161} INFO - Started process (PID=534) to work on /opt/airflow/dags/dag_pipeline.py
[2026-05-29T20:03:15.964+0000] {processor.py:830} INFO - Processing file /opt/airflow/dags/dag_pipeline.py for tasks to queue
[2026-05-29T20:03:15.966+0000] {logging_mixin.py:188} INFO - [2026-05-29T20:03:15.966+0000] {dagbag.py:545} INFO - Filling up the DagBag from /opt/airflow/dags/dag_pipeline.py
[2026-05-29T20:03:16.017+0000] {processor.py:840} INFO - DAG(s) 'lyonflow_traffic_pipeline' retrieved from /opt/airflow/dags/dag_pipeline.py
[2026-05-29T20:03:16.091+0000] {logging_mixin.py:188} INFO - [2026-05-29T20:03:16.091+0000] {dag.py:3096} INFO - Sync 1 DAGs
[2026-05-29T20:03:16.160+0000] {logging_mixin.py:188} INFO - [2026-05-29T20:03:16.160+0000] {dag.py:3954} INFO - Setting next_dagrun for lyonflow_traffic_pipeline to 2026-05-29 20:00:00+00:00, run_after=2026-05-29 20:05:00+00:00
[2026-05-29T20:03:16.191+0000] {processor.py:183} INFO - Processing /opt/airflow/dags/dag_pipeline.py took 0.247 seconds
[2026-05-29T20:03:46.483+0000] {processor.py:161} INFO - Started process (PID=539) to work on /opt/airflow/dags/dag_pipeline.py
[2026-05-29T20:03:46.485+0000] {processor.py:830} INFO - Processing file /opt/airflow/dags/dag_pipeline.py for tasks to queue
[2026-05-29T20:03:46.487+0000] {logging_mixin.py:188} INFO - [2026-05-29T20:03:46.486+0000] {dagbag.py:545} INFO - Filling up the DagBag from /opt/airflow/dags/dag_pipeline.py
[2026-05-29T20:03:46.542+0000] {processor.py:840} INFO - DAG(s) 'lyonflow_traffic_pipeline' retrieved from /opt/airflow/dags/dag_pipeline.py
[2026-05-29T20:03:46.664+0000] {logging_mixin.py:188} INFO - [2026-05-29T20:03:46.663+0000] {dag.py:3096} INFO - Sync 1 DAGs
[2026-05-29T20:03:46.774+0000] {logging_mixin.py:188} INFO - [2026-05-29T20:03:46.773+0000] {dag.py:3954} INFO - Setting next_dagrun for lyonflow_traffic_pipeline to 2026-05-29 20:00:00+00:00, run_after=2026-05-29 20:05:00+00:00
[2026-05-29T20:03:46.841+0000] {processor.py:183} INFO - Processing /opt/airflow/dags/dag_pipeline.py took 0.374 seconds
[2026-05-29T20:04:17.158+0000] {processor.py:161} INFO - Started process (PID=544) to work on /opt/airflow/dags/dag_pipeline.py
[2026-05-29T20:04:17.161+0000] {processor.py:830} INFO - Processing file /opt/airflow/dags/dag_pipeline.py for tasks to queue
[2026-05-29T20:04:17.167+0000] {logging_mixin.py:188} INFO - [2026-05-29T20:04:17.163+0000] {dagbag.py:545} INFO - Filling up the DagBag from /opt/airflow/dags/dag_pipeline.py
[2026-05-29T20:04:17.212+0000] {processor.py:840} INFO - DAG(s) 'lyonflow_traffic_pipeline' retrieved from /opt/airflow/dags/dag_pipeline.py
[2026-05-29T20:04:17.269+0000] {logging_mixin.py:188} INFO - [2026-05-29T20:04:17.268+0000] {dag.py:3096} INFO - Sync 1 DAGs
[2026-05-29T20:04:17.316+0000] {logging_mixin.py:188} INFO - [2026-05-29T20:04:17.316+0000] {dag.py:3954} INFO - Setting next_dagrun for lyonflow_traffic_pipeline to 2026-05-29 20:00:00+00:00, run_after=2026-05-29 20:05:00+00:00
[2026-05-29T20:04:17.362+0000] {processor.py:183} INFO - Processing /opt/airflow/dags/dag_pipeline.py took 0.236 seconds
[2026-05-29T20:04:47.668+0000] {processor.py:161} INFO - Started process (PID=549) to work on /opt/airflow/dags/dag_pipeline.py
[2026-05-29T20:04:47.670+0000] {processor.py:830} INFO - Processing file /opt/airflow/dags/dag_pipeline.py for tasks to queue
[2026-05-29T20:04:47.672+0000] {logging_mixin.py:188} INFO - [2026-05-29T20:04:47.671+0000] {dagbag.py:545} INFO - Filling up the DagBag from /opt/airflow/dags/dag_pipeline.py
[2026-05-29T20:04:47.701+0000] {processor.py:840} INFO - DAG(s) 'lyonflow_traffic_pipeline' retrieved from /opt/airflow/dags/dag_pipeline.py
[2026-05-29T20:04:47.753+0000] {logging_mixin.py:188} INFO - [2026-05-29T20:04:47.753+0000] {dag.py:3096} INFO - Sync 1 DAGs
[2026-05-29T20:04:47.795+0000] {logging_mixin.py:188} INFO - [2026-05-29T20:04:47.795+0000] {dag.py:3954} INFO - Setting next_dagrun for lyonflow_traffic_pipeline to 2026-05-29 20:00:00+00:00, run_after=2026-05-29 20:05:00+00:00
[2026-05-29T20:04:47.833+0000] {processor.py:183} INFO - Processing /opt/airflow/dags/dag_pipeline.py took 0.178 seconds
[2026-05-29T20:05:17.929+0000] {processor.py:161} INFO - Started process (PID=559) to work on /opt/airflow/dags/dag_pipeline.py
[2026-05-29T20:05:17.933+0000] {processor.py:830} INFO - Processing file /opt/airflow/dags/dag_pipeline.py for tasks to queue
[2026-05-29T20:05:17.934+0000] {logging_mixin.py:188} INFO - [2026-05-29T20:05:17.934+0000] {dagbag.py:545} INFO - Filling up the DagBag from /opt/airflow/dags/dag_pipeline.py
[2026-05-29T20:05:17.968+0000] {processor.py:840} INFO - DAG(s) 'lyonflow_traffic_pipeline' retrieved from /opt/airflow/dags/dag_pipeline.py
[2026-05-29T20:05:18.035+0000] {logging_mixin.py:188} INFO - [2026-05-29T20:05:18.035+0000] {dag.py:3096} INFO - Sync 1 DAGs
[2026-05-29T20:05:18.166+0000] {processor.py:183} INFO - Processing /opt/airflow/dags/dag_pipeline.py took 0.247 seconds
[2026-05-29T20:05:48.475+0000] {processor.py:161} INFO - Started process (PID=564) to work on /opt/airflow/dags/dag_pipeline.py
[2026-05-29T20:05:48.477+0000] {processor.py:830} INFO - Processing file /opt/airflow/dags/dag_pipeline.py for tasks to queue
[2026-05-29T20:05:48.478+0000] {logging_mixin.py:188} INFO - [2026-05-29T20:05:48.477+0000] {dagbag.py:545} INFO - Filling up the DagBag from /opt/airflow/dags/dag_pipeline.py
[2026-05-29T20:05:48.510+0000] {processor.py:840} INFO - DAG(s) 'lyonflow_traffic_pipeline' retrieved from /opt/airflow/dags/dag_pipeline.py
[2026-05-29T20:05:48.571+0000] {logging_mixin.py:188} INFO - [2026-05-29T20:05:48.570+0000] {dag.py:3096} INFO - Sync 1 DAGs
[2026-05-29T20:07:08.825+0000] {processor.py:161} INFO - Started process (PID=567) to work on /opt/airflow/dags/dag_pipeline.py
[2026-05-29T20:07:08.827+0000] {processor.py:830} INFO - Processing file /opt/airflow/dags/dag_pipeline.py for tasks to queue
[2026-05-29T20:07:08.830+0000] {logging_mixin.py:188} INFO - [2026-05-29T20:07:08.829+0000] {dagbag.py:545} INFO - Filling up the DagBag from /opt/airflow/dags/dag_pipeline.py
[2026-05-29T20:07:08.873+0000] {processor.py:840} INFO - DAG(s) 'lyonflow_traffic_pipeline' retrieved from /opt/airflow/dags/dag_pipeline.py
