[2026-05-29T19:24:17.541+0000] {processor.py:161} INFO - Started process (PID=172) to work on /opt/airflow/dags/dag_ingest.py
[2026-05-29T19:24:17.542+0000] {processor.py:830} INFO - Processing file /opt/airflow/dags/dag_ingest.py for tasks to queue
[2026-05-29T19:24:17.545+0000] {logging_mixin.py:188} INFO - [2026-05-29T19:24:17.545+0000] {dagbag.py:545} INFO - Filling up the DagBag from /opt/airflow/dags/dag_ingest.py
[2026-05-29T19:24:17.579+0000] {processor.py:840} INFO - DAG(s) 'lyonflow_traffic_ingestion' retrieved from /opt/airflow/dags/dag_ingest.py
[2026-05-29T19:24:17.626+0000] {logging_mixin.py:188} INFO - [2026-05-29T19:24:17.625+0000] {dag.py:3096} INFO - Sync 1 DAGs
[2026-05-29T19:24:17.671+0000] {logging_mixin.py:188} INFO - [2026-05-29T19:24:17.670+0000] {dag.py:3954} INFO - Setting next_dagrun for lyonflow_traffic_ingestion to 2026-05-29 19:15:00+00:00, run_after=2026-05-29 19:20:00+00:00
[2026-05-29T19:24:17.715+0000] {processor.py:183} INFO - Processing /opt/airflow/dags/dag_ingest.py took 0.186 seconds
[2026-05-29T19:24:47.796+0000] {processor.py:161} INFO - Started process (PID=177) to work on /opt/airflow/dags/dag_ingest.py
[2026-05-29T19:24:47.797+0000] {processor.py:830} INFO - Processing file /opt/airflow/dags/dag_ingest.py for tasks to queue
[2026-05-29T19:24:47.801+0000] {logging_mixin.py:188} INFO - [2026-05-29T19:24:47.800+0000] {dagbag.py:545} INFO - Filling up the DagBag from /opt/airflow/dags/dag_ingest.py
[2026-05-29T19:24:47.822+0000] {processor.py:840} INFO - DAG(s) 'lyonflow_traffic_ingestion' retrieved from /opt/airflow/dags/dag_ingest.py
[2026-05-29T19:24:48.104+0000] {logging_mixin.py:188} INFO - [2026-05-29T19:24:48.104+0000] {dag.py:3096} INFO - Sync 1 DAGs
[2026-05-29T19:24:48.136+0000] {logging_mixin.py:188} INFO - [2026-05-29T19:24:48.135+0000] {dag.py:3954} INFO - Setting next_dagrun for lyonflow_traffic_ingestion to 2026-05-29 19:15:00+00:00, run_after=2026-05-29 19:20:00+00:00
[2026-05-29T19:24:48.171+0000] {processor.py:183} INFO - Processing /opt/airflow/dags/dag_ingest.py took 0.382 seconds
[2026-05-29T19:25:18.391+0000] {processor.py:161} INFO - Started process (PID=182) to work on /opt/airflow/dags/dag_ingest.py
[2026-05-29T19:25:18.393+0000] {processor.py:830} INFO - Processing file /opt/airflow/dags/dag_ingest.py for tasks to queue
[2026-05-29T19:25:18.395+0000] {logging_mixin.py:188} INFO - [2026-05-29T19:25:18.395+0000] {dagbag.py:545} INFO - Filling up the DagBag from /opt/airflow/dags/dag_ingest.py
[2026-05-29T19:25:18.423+0000] {processor.py:840} INFO - DAG(s) 'lyonflow_traffic_ingestion' retrieved from /opt/airflow/dags/dag_ingest.py
[2026-05-29T19:25:18.469+0000] {logging_mixin.py:188} INFO - [2026-05-29T19:25:18.468+0000] {dag.py:3096} INFO - Sync 1 DAGs
[2026-05-29T19:25:18.508+0000] {logging_mixin.py:188} INFO - [2026-05-29T19:25:18.508+0000] {dag.py:3954} INFO - Setting next_dagrun for lyonflow_traffic_ingestion to 2026-05-29 19:20:00+00:00, run_after=2026-05-29 19:25:00+00:00
[2026-05-29T19:25:18.542+0000] {processor.py:183} INFO - Processing /opt/airflow/dags/dag_ingest.py took 0.160 seconds
[2026-05-29T19:25:48.609+0000] {processor.py:161} INFO - Started process (PID=187) to work on /opt/airflow/dags/dag_ingest.py
[2026-05-29T19:25:48.610+0000] {processor.py:830} INFO - Processing file /opt/airflow/dags/dag_ingest.py for tasks to queue
[2026-05-29T19:25:48.613+0000] {logging_mixin.py:188} INFO - [2026-05-29T19:25:48.613+0000] {dagbag.py:545} INFO - Filling up the DagBag from /opt/airflow/dags/dag_ingest.py
[2026-05-29T19:25:48.637+0000] {processor.py:840} INFO - DAG(s) 'lyonflow_traffic_ingestion' retrieved from /opt/airflow/dags/dag_ingest.py
[2026-05-29T19:25:48.680+0000] {logging_mixin.py:188} INFO - [2026-05-29T19:25:48.680+0000] {dag.py:3096} INFO - Sync 1 DAGs
[2026-05-29T19:25:48.714+0000] {logging_mixin.py:188} INFO - [2026-05-29T19:25:48.714+0000] {dag.py:3954} INFO - Setting next_dagrun for lyonflow_traffic_ingestion to 2026-05-29 19:20:00+00:00, run_after=2026-05-29 19:25:00+00:00
[2026-05-29T19:25:48.745+0000] {processor.py:183} INFO - Processing /opt/airflow/dags/dag_ingest.py took 0.147 seconds
[2026-05-29T19:26:35.107+0000] {processor.py:161} INFO - Started process (PID=172) to work on /opt/airflow/dags/dag_ingest.py
[2026-05-29T19:26:35.111+0000] {processor.py:830} INFO - Processing file /opt/airflow/dags/dag_ingest.py for tasks to queue
[2026-05-29T19:26:35.121+0000] {logging_mixin.py:188} INFO - [2026-05-29T19:26:35.120+0000] {dagbag.py:545} INFO - Filling up the DagBag from /opt/airflow/dags/dag_ingest.py
[2026-05-29T19:26:35.202+0000] {processor.py:840} INFO - DAG(s) 'lyonflow_traffic_ingestion' retrieved from /opt/airflow/dags/dag_ingest.py
[2026-05-29T19:26:35.602+0000] {logging_mixin.py:188} INFO - [2026-05-29T19:26:35.601+0000] {override.py:1829} INFO - Created Permission View: can read on DAG:lyonflow_traffic_ingestion
[2026-05-29T19:26:35.620+0000] {logging_mixin.py:188} INFO - [2026-05-29T19:26:35.620+0000] {override.py:1829} INFO - Created Permission View: can edit on DAG:lyonflow_traffic_ingestion
[2026-05-29T19:26:35.632+0000] {logging_mixin.py:188} INFO - [2026-05-29T19:26:35.632+0000] {override.py:1829} INFO - Created Permission View: can delete on DAG:lyonflow_traffic_ingestion
[2026-05-29T19:26:35.633+0000] {logging_mixin.py:188} INFO - [2026-05-29T19:26:35.633+0000] {dag.py:3096} INFO - Sync 1 DAGs
[2026-05-29T19:26:35.648+0000] {logging_mixin.py:188} INFO - [2026-05-29T19:26:35.648+0000] {dag.py:3118} INFO - Creating ORM DAG for lyonflow_traffic_ingestion
[2026-05-29T19:26:35.667+0000] {logging_mixin.py:188} INFO - [2026-05-29T19:26:35.667+0000] {dag.py:3954} INFO - Setting next_dagrun for lyonflow_traffic_ingestion to 2026-05-29 19:20:00+00:00, run_after=2026-05-29 19:25:00+00:00
[2026-05-29T19:26:35.705+0000] {processor.py:183} INFO - Processing /opt/airflow/dags/dag_ingest.py took 0.636 seconds
[2026-05-29T19:27:05.951+0000] {processor.py:161} INFO - Started process (PID=183) to work on /opt/airflow/dags/dag_ingest.py
[2026-05-29T19:27:05.952+0000] {processor.py:830} INFO - Processing file /opt/airflow/dags/dag_ingest.py for tasks to queue
[2026-05-29T19:27:05.956+0000] {logging_mixin.py:188} INFO - [2026-05-29T19:27:05.955+0000] {dagbag.py:545} INFO - Filling up the DagBag from /opt/airflow/dags/dag_ingest.py
[2026-05-29T19:27:05.981+0000] {processor.py:840} INFO - DAG(s) 'lyonflow_traffic_ingestion' retrieved from /opt/airflow/dags/dag_ingest.py
[2026-05-29T19:27:06.031+0000] {logging_mixin.py:188} INFO - [2026-05-29T19:27:06.031+0000] {dag.py:3096} INFO - Sync 1 DAGs
[2026-05-29T19:27:06.061+0000] {logging_mixin.py:188} INFO - [2026-05-29T19:27:06.061+0000] {dag.py:3954} INFO - Setting next_dagrun for lyonflow_traffic_ingestion to 2026-05-29 19:20:00+00:00, run_after=2026-05-29 19:25:00+00:00
[2026-05-29T19:27:06.107+0000] {processor.py:183} INFO - Processing /opt/airflow/dags/dag_ingest.py took 0.166 seconds
[2026-05-29T19:27:36.364+0000] {processor.py:161} INFO - Started process (PID=188) to work on /opt/airflow/dags/dag_ingest.py
[2026-05-29T19:27:36.367+0000] {processor.py:830} INFO - Processing file /opt/airflow/dags/dag_ingest.py for tasks to queue
[2026-05-29T19:27:36.371+0000] {logging_mixin.py:188} INFO - [2026-05-29T19:27:36.370+0000] {dagbag.py:545} INFO - Filling up the DagBag from /opt/airflow/dags/dag_ingest.py
[2026-05-29T19:27:36.400+0000] {processor.py:840} INFO - DAG(s) 'lyonflow_traffic_ingestion' retrieved from /opt/airflow/dags/dag_ingest.py
[2026-05-29T19:27:36.448+0000] {logging_mixin.py:188} INFO - [2026-05-29T19:27:36.448+0000] {dag.py:3096} INFO - Sync 1 DAGs
[2026-05-29T19:27:36.482+0000] {logging_mixin.py:188} INFO - [2026-05-29T19:27:36.482+0000] {dag.py:3954} INFO - Setting next_dagrun for lyonflow_traffic_ingestion to 2026-05-29 19:20:00+00:00, run_after=2026-05-29 19:25:00+00:00
[2026-05-29T19:27:36.509+0000] {processor.py:183} INFO - Processing /opt/airflow/dags/dag_ingest.py took 0.159 seconds
[2026-05-29T19:28:06.735+0000] {processor.py:161} INFO - Started process (PID=193) to work on /opt/airflow/dags/dag_ingest.py
[2026-05-29T19:28:06.736+0000] {processor.py:830} INFO - Processing file /opt/airflow/dags/dag_ingest.py for tasks to queue
[2026-05-29T19:28:06.738+0000] {logging_mixin.py:188} INFO - [2026-05-29T19:28:06.738+0000] {dagbag.py:545} INFO - Filling up the DagBag from /opt/airflow/dags/dag_ingest.py
[2026-05-29T19:28:06.762+0000] {processor.py:840} INFO - DAG(s) 'lyonflow_traffic_ingestion' retrieved from /opt/airflow/dags/dag_ingest.py
[2026-05-29T19:28:06.799+0000] {logging_mixin.py:188} INFO - [2026-05-29T19:28:06.799+0000] {dag.py:3096} INFO - Sync 1 DAGs
[2026-05-29T19:28:06.831+0000] {logging_mixin.py:188} INFO - [2026-05-29T19:28:06.831+0000] {dag.py:3954} INFO - Setting next_dagrun for lyonflow_traffic_ingestion to 2026-05-29 19:20:00+00:00, run_after=2026-05-29 19:25:00+00:00
[2026-05-29T19:28:06.858+0000] {processor.py:183} INFO - Processing /opt/airflow/dags/dag_ingest.py took 0.132 seconds
[2026-05-29T19:28:36.946+0000] {processor.py:161} INFO - Started process (PID=198) to work on /opt/airflow/dags/dag_ingest.py
[2026-05-29T19:28:36.948+0000] {processor.py:830} INFO - Processing file /opt/airflow/dags/dag_ingest.py for tasks to queue
[2026-05-29T19:28:36.951+0000] {logging_mixin.py:188} INFO - [2026-05-29T19:28:36.950+0000] {dagbag.py:545} INFO - Filling up the DagBag from /opt/airflow/dags/dag_ingest.py
[2026-05-29T19:28:36.978+0000] {processor.py:840} INFO - DAG(s) 'lyonflow_traffic_ingestion' retrieved from /opt/airflow/dags/dag_ingest.py
[2026-05-29T19:28:37.026+0000] {logging_mixin.py:188} INFO - [2026-05-29T19:28:37.026+0000] {dag.py:3096} INFO - Sync 1 DAGs
[2026-05-29T19:28:37.063+0000] {logging_mixin.py:188} INFO - [2026-05-29T19:28:37.062+0000] {dag.py:3954} INFO - Setting next_dagrun for lyonflow_traffic_ingestion to 2026-05-29 19:20:00+00:00, run_after=2026-05-29 19:25:00+00:00
[2026-05-29T19:28:37.095+0000] {processor.py:183} INFO - Processing /opt/airflow/dags/dag_ingest.py took 0.159 seconds
[2026-05-29T19:29:07.309+0000] {processor.py:161} INFO - Started process (PID=203) to work on /opt/airflow/dags/dag_ingest.py
[2026-05-29T19:29:07.310+0000] {processor.py:830} INFO - Processing file /opt/airflow/dags/dag_ingest.py for tasks to queue
[2026-05-29T19:29:07.313+0000] {logging_mixin.py:188} INFO - [2026-05-29T19:29:07.312+0000] {dagbag.py:545} INFO - Filling up the DagBag from /opt/airflow/dags/dag_ingest.py
[2026-05-29T19:29:07.341+0000] {processor.py:840} INFO - DAG(s) 'lyonflow_traffic_ingestion' retrieved from /opt/airflow/dags/dag_ingest.py
[2026-05-29T19:29:07.386+0000] {logging_mixin.py:188} INFO - [2026-05-29T19:29:07.386+0000] {dag.py:3096} INFO - Sync 1 DAGs
[2026-05-29T19:29:07.422+0000] {logging_mixin.py:188} INFO - [2026-05-29T19:29:07.422+0000] {dag.py:3954} INFO - Setting next_dagrun for lyonflow_traffic_ingestion to 2026-05-29 19:20:00+00:00, run_after=2026-05-29 19:25:00+00:00
[2026-05-29T19:29:07.456+0000] {processor.py:183} INFO - Processing /opt/airflow/dags/dag_ingest.py took 0.167 seconds
[2026-05-29T19:29:37.528+0000] {processor.py:161} INFO - Started process (PID=210) to work on /opt/airflow/dags/dag_ingest.py
[2026-05-29T19:29:37.529+0000] {processor.py:830} INFO - Processing file /opt/airflow/dags/dag_ingest.py for tasks to queue
[2026-05-29T19:29:37.531+0000] {logging_mixin.py:188} INFO - [2026-05-29T19:29:37.531+0000] {dagbag.py:545} INFO - Filling up the DagBag from /opt/airflow/dags/dag_ingest.py
[2026-05-29T19:29:37.552+0000] {processor.py:840} INFO - DAG(s) 'lyonflow_traffic_ingestion' retrieved from /opt/airflow/dags/dag_ingest.py
[2026-05-29T19:29:37.596+0000] {logging_mixin.py:188} INFO - [2026-05-29T19:29:37.596+0000] {dag.py:3096} INFO - Sync 1 DAGs
[2026-05-29T19:29:37.654+0000] {processor.py:183} INFO - Processing /opt/airflow/dags/dag_ingest.py took 0.137 seconds
[2026-05-29T19:30:07.873+0000] {processor.py:161} INFO - Started process (PID=219) to work on /opt/airflow/dags/dag_ingest.py
[2026-05-29T19:30:07.875+0000] {processor.py:830} INFO - Processing file /opt/airflow/dags/dag_ingest.py for tasks to queue
[2026-05-29T19:30:07.878+0000] {logging_mixin.py:188} INFO - [2026-05-29T19:30:07.877+0000] {dagbag.py:545} INFO - Filling up the DagBag from /opt/airflow/dags/dag_ingest.py
[2026-05-29T19:30:07.901+0000] {processor.py:840} INFO - DAG(s) 'lyonflow_traffic_ingestion' retrieved from /opt/airflow/dags/dag_ingest.py
[2026-05-29T19:30:07.944+0000] {logging_mixin.py:188} INFO - [2026-05-29T19:30:07.944+0000] {dag.py:3096} INFO - Sync 1 DAGs
[2026-05-29T19:30:07.977+0000] {logging_mixin.py:188} INFO - [2026-05-29T19:30:07.977+0000] {dag.py:3954} INFO - Setting next_dagrun for lyonflow_traffic_ingestion to 2026-05-29 19:30:00+00:00, run_after=2026-05-29 19:35:00+00:00
[2026-05-29T19:30:08.006+0000] {processor.py:183} INFO - Processing /opt/airflow/dags/dag_ingest.py took 0.143 seconds
[2026-05-29T19:30:38.085+0000] {processor.py:161} INFO - Started process (PID=224) to work on /opt/airflow/dags/dag_ingest.py
[2026-05-29T19:30:38.086+0000] {processor.py:830} INFO - Processing file /opt/airflow/dags/dag_ingest.py for tasks to queue
[2026-05-29T19:30:38.088+0000] {logging_mixin.py:188} INFO - [2026-05-29T19:30:38.088+0000] {dagbag.py:545} INFO - Filling up the DagBag from /opt/airflow/dags/dag_ingest.py
[2026-05-29T19:30:38.110+0000] {processor.py:840} INFO - DAG(s) 'lyonflow_traffic_ingestion' retrieved from /opt/airflow/dags/dag_ingest.py
[2026-05-29T19:30:38.158+0000] {logging_mixin.py:188} INFO - [2026-05-29T19:30:38.158+0000] {dag.py:3096} INFO - Sync 1 DAGs
[2026-05-29T19:30:38.195+0000] {logging_mixin.py:188} INFO - [2026-05-29T19:30:38.195+0000] {dag.py:3954} INFO - Setting next_dagrun for lyonflow_traffic_ingestion to 2026-05-29 19:30:00+00:00, run_after=2026-05-29 19:35:00+00:00
[2026-05-29T19:30:38.219+0000] {processor.py:183} INFO - Processing /opt/airflow/dags/dag_ingest.py took 0.143 seconds
[2026-05-29T19:31:08.421+0000] {processor.py:161} INFO - Started process (PID=229) to work on /opt/airflow/dags/dag_ingest.py
[2026-05-29T19:31:08.422+0000] {processor.py:830} INFO - Processing file /opt/airflow/dags/dag_ingest.py for tasks to queue
[2026-05-29T19:31:08.425+0000] {logging_mixin.py:188} INFO - [2026-05-29T19:31:08.425+0000] {dagbag.py:545} INFO - Filling up the DagBag from /opt/airflow/dags/dag_ingest.py
[2026-05-29T19:31:08.451+0000] {processor.py:840} INFO - DAG(s) 'lyonflow_traffic_ingestion' retrieved from /opt/airflow/dags/dag_ingest.py
[2026-05-29T19:31:08.495+0000] {logging_mixin.py:188} INFO - [2026-05-29T19:31:08.494+0000] {dag.py:3096} INFO - Sync 1 DAGs
[2026-05-29T19:31:08.532+0000] {logging_mixin.py:188} INFO - [2026-05-29T19:31:08.532+0000] {dag.py:3954} INFO - Setting next_dagrun for lyonflow_traffic_ingestion to 2026-05-29 19:30:00+00:00, run_after=2026-05-29 19:35:00+00:00
[2026-05-29T19:31:08.564+0000] {processor.py:183} INFO - Processing /opt/airflow/dags/dag_ingest.py took 0.155 seconds
[2026-05-29T19:31:38.680+0000] {processor.py:161} INFO - Started process (PID=234) to work on /opt/airflow/dags/dag_ingest.py
[2026-05-29T19:31:38.682+0000] {processor.py:830} INFO - Processing file /opt/airflow/dags/dag_ingest.py for tasks to queue
[2026-05-29T19:31:38.695+0000] {logging_mixin.py:188} INFO - [2026-05-29T19:31:38.693+0000] {dagbag.py:545} INFO - Filling up the DagBag from /opt/airflow/dags/dag_ingest.py
[2026-05-29T19:31:38.790+0000] {processor.py:840} INFO - DAG(s) 'lyonflow_traffic_ingestion' retrieved from /opt/airflow/dags/dag_ingest.py
[2026-05-29T19:31:38.908+0000] {logging_mixin.py:188} INFO - [2026-05-29T19:31:38.907+0000] {dag.py:3096} INFO - Sync 1 DAGs
[2026-05-29T19:31:38.990+0000] {logging_mixin.py:188} INFO - [2026-05-29T19:31:38.989+0000] {dag.py:3954} INFO - Setting next_dagrun for lyonflow_traffic_ingestion to 2026-05-29 19:30:00+00:00, run_after=2026-05-29 19:35:00+00:00
[2026-05-29T19:31:39.026+0000] {processor.py:183} INFO - Processing /opt/airflow/dags/dag_ingest.py took 0.360 seconds
[2026-05-29T19:32:09.265+0000] {processor.py:161} INFO - Started process (PID=239) to work on /opt/airflow/dags/dag_ingest.py
[2026-05-29T19:32:09.267+0000] {processor.py:830} INFO - Processing file /opt/airflow/dags/dag_ingest.py for tasks to queue
[2026-05-29T19:32:09.270+0000] {logging_mixin.py:188} INFO - [2026-05-29T19:32:09.269+0000] {dagbag.py:545} INFO - Filling up the DagBag from /opt/airflow/dags/dag_ingest.py
[2026-05-29T19:32:09.297+0000] {processor.py:840} INFO - DAG(s) 'lyonflow_traffic_ingestion' retrieved from /opt/airflow/dags/dag_ingest.py
[2026-05-29T19:32:09.341+0000] {logging_mixin.py:188} INFO - [2026-05-29T19:32:09.341+0000] {dag.py:3096} INFO - Sync 1 DAGs
[2026-05-29T19:32:09.379+0000] {logging_mixin.py:188} INFO - [2026-05-29T19:32:09.379+0000] {dag.py:3954} INFO - Setting next_dagrun for lyonflow_traffic_ingestion to 2026-05-29 19:30:00+00:00, run_after=2026-05-29 19:35:00+00:00
[2026-05-29T19:32:09.412+0000] {processor.py:183} INFO - Processing /opt/airflow/dags/dag_ingest.py took 0.158 seconds
[2026-05-29T19:32:39.472+0000] {processor.py:161} INFO - Started process (PID=244) to work on /opt/airflow/dags/dag_ingest.py
[2026-05-29T19:32:39.474+0000] {processor.py:830} INFO - Processing file /opt/airflow/dags/dag_ingest.py for tasks to queue
[2026-05-29T19:32:39.476+0000] {logging_mixin.py:188} INFO - [2026-05-29T19:32:39.476+0000] {dagbag.py:545} INFO - Filling up the DagBag from /opt/airflow/dags/dag_ingest.py
[2026-05-29T19:32:39.499+0000] {processor.py:840} INFO - DAG(s) 'lyonflow_traffic_ingestion' retrieved from /opt/airflow/dags/dag_ingest.py
[2026-05-29T19:32:39.544+0000] {logging_mixin.py:188} INFO - [2026-05-29T19:32:39.544+0000] {dag.py:3096} INFO - Sync 1 DAGs
[2026-05-29T19:32:39.579+0000] {logging_mixin.py:188} INFO - [2026-05-29T19:32:39.579+0000] {dag.py:3954} INFO - Setting next_dagrun for lyonflow_traffic_ingestion to 2026-05-29 19:30:00+00:00, run_after=2026-05-29 19:35:00+00:00
[2026-05-29T19:32:39.609+0000] {processor.py:183} INFO - Processing /opt/airflow/dags/dag_ingest.py took 0.146 seconds
[2026-05-29T19:33:09.825+0000] {processor.py:161} INFO - Started process (PID=249) to work on /opt/airflow/dags/dag_ingest.py
[2026-05-29T19:33:09.826+0000] {processor.py:830} INFO - Processing file /opt/airflow/dags/dag_ingest.py for tasks to queue
[2026-05-29T19:33:09.829+0000] {logging_mixin.py:188} INFO - [2026-05-29T19:33:09.828+0000] {dagbag.py:545} INFO - Filling up the DagBag from /opt/airflow/dags/dag_ingest.py
[2026-05-29T19:33:09.855+0000] {processor.py:840} INFO - DAG(s) 'lyonflow_traffic_ingestion' retrieved from /opt/airflow/dags/dag_ingest.py
[2026-05-29T19:33:09.897+0000] {logging_mixin.py:188} INFO - [2026-05-29T19:33:09.897+0000] {dag.py:3096} INFO - Sync 1 DAGs
[2026-05-29T19:33:09.928+0000] {logging_mixin.py:188} INFO - [2026-05-29T19:33:09.927+0000] {dag.py:3954} INFO - Setting next_dagrun for lyonflow_traffic_ingestion to 2026-05-29 19:30:00+00:00, run_after=2026-05-29 19:35:00+00:00
[2026-05-29T19:33:09.956+0000] {processor.py:183} INFO - Processing /opt/airflow/dags/dag_ingest.py took 0.138 seconds
[2026-05-29T19:33:40.067+0000] {processor.py:161} INFO - Started process (PID=254) to work on /opt/airflow/dags/dag_ingest.py
[2026-05-29T19:33:40.069+0000] {processor.py:830} INFO - Processing file /opt/airflow/dags/dag_ingest.py for tasks to queue
[2026-05-29T19:33:40.072+0000] {logging_mixin.py:188} INFO - [2026-05-29T19:33:40.072+0000] {dagbag.py:545} INFO - Filling up the DagBag from /opt/airflow/dags/dag_ingest.py
[2026-05-29T19:33:40.100+0000] {processor.py:840} INFO - DAG(s) 'lyonflow_traffic_ingestion' retrieved from /opt/airflow/dags/dag_ingest.py
[2026-05-29T19:33:40.148+0000] {logging_mixin.py:188} INFO - [2026-05-29T19:33:40.148+0000] {dag.py:3096} INFO - Sync 1 DAGs
[2026-05-29T19:33:40.187+0000] {logging_mixin.py:188} INFO - [2026-05-29T19:33:40.187+0000] {dag.py:3954} INFO - Setting next_dagrun for lyonflow_traffic_ingestion to 2026-05-29 19:30:00+00:00, run_after=2026-05-29 19:35:00+00:00
[2026-05-29T19:33:40.218+0000] {processor.py:183} INFO - Processing /opt/airflow/dags/dag_ingest.py took 0.162 seconds
[2026-05-29T19:34:10.410+0000] {processor.py:161} INFO - Started process (PID=259) to work on /opt/airflow/dags/dag_ingest.py
[2026-05-29T19:34:10.412+0000] {processor.py:830} INFO - Processing file /opt/airflow/dags/dag_ingest.py for tasks to queue
[2026-05-29T19:34:10.414+0000] {logging_mixin.py:188} INFO - [2026-05-29T19:34:10.413+0000] {dagbag.py:545} INFO - Filling up the DagBag from /opt/airflow/dags/dag_ingest.py
[2026-05-29T19:34:10.442+0000] {processor.py:840} INFO - DAG(s) 'lyonflow_traffic_ingestion' retrieved from /opt/airflow/dags/dag_ingest.py
[2026-05-29T19:34:10.484+0000] {logging_mixin.py:188} INFO - [2026-05-29T19:34:10.483+0000] {dag.py:3096} INFO - Sync 1 DAGs
[2026-05-29T19:34:10.514+0000] {logging_mixin.py:188} INFO - [2026-05-29T19:34:10.514+0000] {dag.py:3954} INFO - Setting next_dagrun for lyonflow_traffic_ingestion to 2026-05-29 19:30:00+00:00, run_after=2026-05-29 19:35:00+00:00
[2026-05-29T19:34:10.543+0000] {processor.py:183} INFO - Processing /opt/airflow/dags/dag_ingest.py took 0.143 seconds
[2026-05-29T19:34:40.645+0000] {processor.py:161} INFO - Started process (PID=264) to work on /opt/airflow/dags/dag_ingest.py
[2026-05-29T19:34:40.646+0000] {processor.py:830} INFO - Processing file /opt/airflow/dags/dag_ingest.py for tasks to queue
[2026-05-29T19:34:40.648+0000] {logging_mixin.py:188} INFO - [2026-05-29T19:34:40.648+0000] {dagbag.py:545} INFO - Filling up the DagBag from /opt/airflow/dags/dag_ingest.py
[2026-05-29T19:34:40.674+0000] {processor.py:840} INFO - DAG(s) 'lyonflow_traffic_ingestion' retrieved from /opt/airflow/dags/dag_ingest.py
[2026-05-29T19:34:40.723+0000] {logging_mixin.py:188} INFO - [2026-05-29T19:34:40.723+0000] {dag.py:3096} INFO - Sync 1 DAGs
[2026-05-29T19:34:40.761+0000] {logging_mixin.py:188} INFO - [2026-05-29T19:34:40.761+0000] {dag.py:3954} INFO - Setting next_dagrun for lyonflow_traffic_ingestion to 2026-05-29 19:30:00+00:00, run_after=2026-05-29 19:35:00+00:00
[2026-05-29T19:34:40.794+0000] {processor.py:183} INFO - Processing /opt/airflow/dags/dag_ingest.py took 0.160 seconds
[2026-05-29T19:35:10.980+0000] {processor.py:161} INFO - Started process (PID=271) to work on /opt/airflow/dags/dag_ingest.py
[2026-05-29T19:35:10.982+0000] {processor.py:830} INFO - Processing file /opt/airflow/dags/dag_ingest.py for tasks to queue
[2026-05-29T19:35:10.985+0000] {logging_mixin.py:188} INFO - [2026-05-29T19:35:10.984+0000] {dagbag.py:545} INFO - Filling up the DagBag from /opt/airflow/dags/dag_ingest.py
[2026-05-29T19:35:11.011+0000] {processor.py:840} INFO - DAG(s) 'lyonflow_traffic_ingestion' retrieved from /opt/airflow/dags/dag_ingest.py
[2026-05-29T19:35:11.061+0000] {logging_mixin.py:188} INFO - [2026-05-29T19:35:11.060+0000] {dag.py:3096} INFO - Sync 1 DAGs
[2026-05-29T19:35:11.098+0000] {logging_mixin.py:188} INFO - [2026-05-29T19:35:11.098+0000] {dag.py:3954} INFO - Setting next_dagrun for lyonflow_traffic_ingestion to 2026-05-29 19:35:00+00:00, run_after=2026-05-29 19:40:00+00:00
[2026-05-29T19:35:11.131+0000] {processor.py:183} INFO - Processing /opt/airflow/dags/dag_ingest.py took 0.162 seconds
[2026-05-29T19:35:41.239+0000] {processor.py:161} INFO - Started process (PID=276) to work on /opt/airflow/dags/dag_ingest.py
[2026-05-29T19:35:41.240+0000] {processor.py:830} INFO - Processing file /opt/airflow/dags/dag_ingest.py for tasks to queue
[2026-05-29T19:35:41.243+0000] {logging_mixin.py:188} INFO - [2026-05-29T19:35:41.243+0000] {dagbag.py:545} INFO - Filling up the DagBag from /opt/airflow/dags/dag_ingest.py
[2026-05-29T19:35:41.279+0000] {processor.py:840} INFO - DAG(s) 'lyonflow_traffic_ingestion' retrieved from /opt/airflow/dags/dag_ingest.py
[2026-05-29T19:35:41.334+0000] {logging_mixin.py:188} INFO - [2026-05-29T19:35:41.333+0000] {dag.py:3096} INFO - Sync 1 DAGs
[2026-05-29T19:35:41.381+0000] {logging_mixin.py:188} INFO - [2026-05-29T19:35:41.381+0000] {dag.py:3954} INFO - Setting next_dagrun for lyonflow_traffic_ingestion to 2026-05-29 19:35:00+00:00, run_after=2026-05-29 19:40:00+00:00
[2026-05-29T19:35:41.413+0000] {processor.py:183} INFO - Processing /opt/airflow/dags/dag_ingest.py took 0.188 seconds
[2026-05-29T19:36:11.551+0000] {processor.py:161} INFO - Started process (PID=281) to work on /opt/airflow/dags/dag_ingest.py
[2026-05-29T19:36:11.552+0000] {processor.py:830} INFO - Processing file /opt/airflow/dags/dag_ingest.py for tasks to queue
[2026-05-29T19:36:11.554+0000] {logging_mixin.py:188} INFO - [2026-05-29T19:36:11.554+0000] {dagbag.py:545} INFO - Filling up the DagBag from /opt/airflow/dags/dag_ingest.py
[2026-05-29T19:36:11.583+0000] {processor.py:840} INFO - DAG(s) 'lyonflow_traffic_ingestion' retrieved from /opt/airflow/dags/dag_ingest.py
[2026-05-29T19:36:11.658+0000] {logging_mixin.py:188} INFO - [2026-05-29T19:36:11.658+0000] {dag.py:3096} INFO - Sync 1 DAGs
[2026-05-29T19:36:11.700+0000] {logging_mixin.py:188} INFO - [2026-05-29T19:36:11.699+0000] {dag.py:3954} INFO - Setting next_dagrun for lyonflow_traffic_ingestion to 2026-05-29 19:35:00+00:00, run_after=2026-05-29 19:40:00+00:00
[2026-05-29T19:36:11.735+0000] {processor.py:183} INFO - Processing /opt/airflow/dags/dag_ingest.py took 0.195 seconds
[2026-05-29T19:36:41.891+0000] {processor.py:161} INFO - Started process (PID=286) to work on /opt/airflow/dags/dag_ingest.py
[2026-05-29T19:36:41.892+0000] {processor.py:830} INFO - Processing file /opt/airflow/dags/dag_ingest.py for tasks to queue
[2026-05-29T19:36:41.895+0000] {logging_mixin.py:188} INFO - [2026-05-29T19:36:41.895+0000] {dagbag.py:545} INFO - Filling up the DagBag from /opt/airflow/dags/dag_ingest.py
[2026-05-29T19:36:41.919+0000] {processor.py:840} INFO - DAG(s) 'lyonflow_traffic_ingestion' retrieved from /opt/airflow/dags/dag_ingest.py
[2026-05-29T19:36:41.963+0000] {logging_mixin.py:188} INFO - [2026-05-29T19:36:41.963+0000] {dag.py:3096} INFO - Sync 1 DAGs
[2026-05-29T19:36:41.996+0000] {logging_mixin.py:188} INFO - [2026-05-29T19:36:41.996+0000] {dag.py:3954} INFO - Setting next_dagrun for lyonflow_traffic_ingestion to 2026-05-29 19:35:00+00:00, run_after=2026-05-29 19:40:00+00:00
[2026-05-29T19:36:42.023+0000] {processor.py:183} INFO - Processing /opt/airflow/dags/dag_ingest.py took 0.144 seconds
[2026-05-29T19:37:12.151+0000] {processor.py:161} INFO - Started process (PID=291) to work on /opt/airflow/dags/dag_ingest.py
[2026-05-29T19:37:12.152+0000] {processor.py:830} INFO - Processing file /opt/airflow/dags/dag_ingest.py for tasks to queue
[2026-05-29T19:37:12.154+0000] {logging_mixin.py:188} INFO - [2026-05-29T19:37:12.154+0000] {dagbag.py:545} INFO - Filling up the DagBag from /opt/airflow/dags/dag_ingest.py
[2026-05-29T19:37:12.178+0000] {processor.py:840} INFO - DAG(s) 'lyonflow_traffic_ingestion' retrieved from /opt/airflow/dags/dag_ingest.py
[2026-05-29T19:37:12.221+0000] {logging_mixin.py:188} INFO - [2026-05-29T19:37:12.221+0000] {dag.py:3096} INFO - Sync 1 DAGs
[2026-05-29T19:37:12.258+0000] {logging_mixin.py:188} INFO - [2026-05-29T19:37:12.257+0000] {dag.py:3954} INFO - Setting next_dagrun for lyonflow_traffic_ingestion to 2026-05-29 19:35:00+00:00, run_after=2026-05-29 19:40:00+00:00
[2026-05-29T19:37:12.285+0000] {processor.py:183} INFO - Processing /opt/airflow/dags/dag_ingest.py took 0.143 seconds
[2026-05-29T19:37:42.451+0000] {processor.py:161} INFO - Started process (PID=296) to work on /opt/airflow/dags/dag_ingest.py
[2026-05-29T19:37:42.452+0000] {processor.py:830} INFO - Processing file /opt/airflow/dags/dag_ingest.py for tasks to queue
[2026-05-29T19:37:42.455+0000] {logging_mixin.py:188} INFO - [2026-05-29T19:37:42.454+0000] {dagbag.py:545} INFO - Filling up the DagBag from /opt/airflow/dags/dag_ingest.py
[2026-05-29T19:37:42.490+0000] {processor.py:840} INFO - DAG(s) 'lyonflow_traffic_ingestion' retrieved from /opt/airflow/dags/dag_ingest.py
[2026-05-29T19:37:42.553+0000] {logging_mixin.py:188} INFO - [2026-05-29T19:37:42.553+0000] {dag.py:3096} INFO - Sync 1 DAGs
[2026-05-29T19:37:42.597+0000] {logging_mixin.py:188} INFO - [2026-05-29T19:37:42.597+0000] {dag.py:3954} INFO - Setting next_dagrun for lyonflow_traffic_ingestion to 2026-05-29 19:35:00+00:00, run_after=2026-05-29 19:40:00+00:00
[2026-05-29T19:37:42.652+0000] {processor.py:183} INFO - Processing /opt/airflow/dags/dag_ingest.py took 0.212 seconds
[2026-05-29T19:38:12.738+0000] {processor.py:161} INFO - Started process (PID=301) to work on /opt/airflow/dags/dag_ingest.py
[2026-05-29T19:38:12.739+0000] {processor.py:830} INFO - Processing file /opt/airflow/dags/dag_ingest.py for tasks to queue
[2026-05-29T19:38:12.742+0000] {logging_mixin.py:188} INFO - [2026-05-29T19:38:12.742+0000] {dagbag.py:545} INFO - Filling up the DagBag from /opt/airflow/dags/dag_ingest.py
[2026-05-29T19:38:12.767+0000] {processor.py:840} INFO - DAG(s) 'lyonflow_traffic_ingestion' retrieved from /opt/airflow/dags/dag_ingest.py
[2026-05-29T19:38:12.806+0000] {logging_mixin.py:188} INFO - [2026-05-29T19:38:12.806+0000] {dag.py:3096} INFO - Sync 1 DAGs
[2026-05-29T19:38:12.834+0000] {logging_mixin.py:188} INFO - [2026-05-29T19:38:12.834+0000] {dag.py:3954} INFO - Setting next_dagrun for lyonflow_traffic_ingestion to 2026-05-29 19:35:00+00:00, run_after=2026-05-29 19:40:00+00:00
[2026-05-29T19:38:12.864+0000] {processor.py:183} INFO - Processing /opt/airflow/dags/dag_ingest.py took 0.137 seconds
[2026-05-29T19:38:43.103+0000] {processor.py:161} INFO - Started process (PID=306) to work on /opt/airflow/dags/dag_ingest.py
[2026-05-29T19:38:43.104+0000] {processor.py:830} INFO - Processing file /opt/airflow/dags/dag_ingest.py for tasks to queue
[2026-05-29T19:38:43.107+0000] {logging_mixin.py:188} INFO - [2026-05-29T19:38:43.106+0000] {dagbag.py:545} INFO - Filling up the DagBag from /opt/airflow/dags/dag_ingest.py
[2026-05-29T19:38:43.134+0000] {processor.py:840} INFO - DAG(s) 'lyonflow_traffic_ingestion' retrieved from /opt/airflow/dags/dag_ingest.py
[2026-05-29T19:38:43.179+0000] {logging_mixin.py:188} INFO - [2026-05-29T19:38:43.179+0000] {dag.py:3096} INFO - Sync 1 DAGs
[2026-05-29T19:38:43.217+0000] {logging_mixin.py:188} INFO - [2026-05-29T19:38:43.217+0000] {dag.py:3954} INFO - Setting next_dagrun for lyonflow_traffic_ingestion to 2026-05-29 19:35:00+00:00, run_after=2026-05-29 19:40:00+00:00
[2026-05-29T19:38:43.246+0000] {processor.py:183} INFO - Processing /opt/airflow/dags/dag_ingest.py took 0.154 seconds
[2026-05-29T19:39:13.320+0000] {processor.py:161} INFO - Started process (PID=311) to work on /opt/airflow/dags/dag_ingest.py
[2026-05-29T19:39:13.321+0000] {processor.py:830} INFO - Processing file /opt/airflow/dags/dag_ingest.py for tasks to queue
[2026-05-29T19:39:13.324+0000] {logging_mixin.py:188} INFO - [2026-05-29T19:39:13.323+0000] {dagbag.py:545} INFO - Filling up the DagBag from /opt/airflow/dags/dag_ingest.py
[2026-05-29T19:39:13.347+0000] {processor.py:840} INFO - DAG(s) 'lyonflow_traffic_ingestion' retrieved from /opt/airflow/dags/dag_ingest.py
[2026-05-29T19:39:13.388+0000] {logging_mixin.py:188} INFO - [2026-05-29T19:39:13.387+0000] {dag.py:3096} INFO - Sync 1 DAGs
[2026-05-29T19:39:13.425+0000] {logging_mixin.py:188} INFO - [2026-05-29T19:39:13.425+0000] {dag.py:3954} INFO - Setting next_dagrun for lyonflow_traffic_ingestion to 2026-05-29 19:35:00+00:00, run_after=2026-05-29 19:40:00+00:00
[2026-05-29T19:39:13.454+0000] {processor.py:183} INFO - Processing /opt/airflow/dags/dag_ingest.py took 0.145 seconds
[2026-05-29T19:40:04.238+0000] {processor.py:161} INFO - Started process (PID=173) to work on /opt/airflow/dags/dag_ingest.py
[2026-05-29T19:40:04.239+0000] {processor.py:830} INFO - Processing file /opt/airflow/dags/dag_ingest.py for tasks to queue
[2026-05-29T19:40:04.243+0000] {logging_mixin.py:188} INFO - [2026-05-29T19:40:04.242+0000] {dagbag.py:545} INFO - Filling up the DagBag from /opt/airflow/dags/dag_ingest.py
[2026-05-29T19:40:04.278+0000] {processor.py:840} INFO - DAG(s) 'lyonflow_traffic_ingestion' retrieved from /opt/airflow/dags/dag_ingest.py
[2026-05-29T19:40:04.336+0000] {logging_mixin.py:188} INFO - [2026-05-29T19:40:04.335+0000] {dag.py:3096} INFO - Sync 1 DAGs
[2026-05-29T19:40:04.405+0000] {processor.py:183} INFO - Processing /opt/airflow/dags/dag_ingest.py took 0.177 seconds
[2026-05-29T19:40:34.556+0000] {processor.py:161} INFO - Started process (PID=186) to work on /opt/airflow/dags/dag_ingest.py
[2026-05-29T19:40:34.557+0000] {processor.py:830} INFO - Processing file /opt/airflow/dags/dag_ingest.py for tasks to queue
[2026-05-29T19:40:34.562+0000] {logging_mixin.py:188} INFO - [2026-05-29T19:40:34.562+0000] {dagbag.py:545} INFO - Filling up the DagBag from /opt/airflow/dags/dag_ingest.py
[2026-05-29T19:40:34.595+0000] {processor.py:840} INFO - DAG(s) 'lyonflow_traffic_ingestion' retrieved from /opt/airflow/dags/dag_ingest.py
[2026-05-29T19:40:34.863+0000] {logging_mixin.py:188} INFO - [2026-05-29T19:40:34.863+0000] {dag.py:3096} INFO - Sync 1 DAGs
[2026-05-29T19:40:34.894+0000] {logging_mixin.py:188} INFO - [2026-05-29T19:40:34.894+0000] {dag.py:3954} INFO - Setting next_dagrun for lyonflow_traffic_ingestion to 2026-05-29 19:40:00+00:00, run_after=2026-05-29 19:45:00+00:00
[2026-05-29T19:40:34.927+0000] {processor.py:183} INFO - Processing /opt/airflow/dags/dag_ingest.py took 0.382 seconds
[2026-05-29T19:41:05.199+0000] {processor.py:161} INFO - Started process (PID=196) to work on /opt/airflow/dags/dag_ingest.py
[2026-05-29T19:41:05.201+0000] {processor.py:830} INFO - Processing file /opt/airflow/dags/dag_ingest.py for tasks to queue
[2026-05-29T19:41:05.203+0000] {logging_mixin.py:188} INFO - [2026-05-29T19:41:05.203+0000] {dagbag.py:545} INFO - Filling up the DagBag from /opt/airflow/dags/dag_ingest.py
[2026-05-29T19:41:05.229+0000] {processor.py:840} INFO - DAG(s) 'lyonflow_traffic_ingestion' retrieved from /opt/airflow/dags/dag_ingest.py
[2026-05-29T19:41:05.272+0000] {logging_mixin.py:188} INFO - [2026-05-29T19:41:05.271+0000] {dag.py:3096} INFO - Sync 1 DAGs
[2026-05-29T19:41:05.307+0000] {logging_mixin.py:188} INFO - [2026-05-29T19:41:05.307+0000] {dag.py:3954} INFO - Setting next_dagrun for lyonflow_traffic_ingestion to 2026-05-29 19:40:00+00:00, run_after=2026-05-29 19:45:00+00:00
[2026-05-29T19:41:05.341+0000] {processor.py:183} INFO - Processing /opt/airflow/dags/dag_ingest.py took 0.152 seconds
[2026-05-29T19:41:35.624+0000] {processor.py:161} INFO - Started process (PID=206) to work on /opt/airflow/dags/dag_ingest.py
[2026-05-29T19:41:35.625+0000] {processor.py:830} INFO - Processing file /opt/airflow/dags/dag_ingest.py for tasks to queue
[2026-05-29T19:41:35.629+0000] {logging_mixin.py:188} INFO - [2026-05-29T19:41:35.628+0000] {dagbag.py:545} INFO - Filling up the DagBag from /opt/airflow/dags/dag_ingest.py
[2026-05-29T19:41:35.654+0000] {processor.py:840} INFO - DAG(s) 'lyonflow_traffic_ingestion' retrieved from /opt/airflow/dags/dag_ingest.py
[2026-05-29T19:41:35.698+0000] {logging_mixin.py:188} INFO - [2026-05-29T19:41:35.697+0000] {dag.py:3096} INFO - Sync 1 DAGs
[2026-05-29T19:41:35.736+0000] {logging_mixin.py:188} INFO - [2026-05-29T19:41:35.735+0000] {dag.py:3954} INFO - Setting next_dagrun for lyonflow_traffic_ingestion to 2026-05-29 19:40:00+00:00, run_after=2026-05-29 19:45:00+00:00
[2026-05-29T19:41:35.762+0000] {processor.py:183} INFO - Processing /opt/airflow/dags/dag_ingest.py took 0.147 seconds
[2026-05-29T19:42:06.039+0000] {processor.py:161} INFO - Started process (PID=216) to work on /opt/airflow/dags/dag_ingest.py
[2026-05-29T19:42:06.040+0000] {processor.py:830} INFO - Processing file /opt/airflow/dags/dag_ingest.py for tasks to queue
[2026-05-29T19:42:06.043+0000] {logging_mixin.py:188} INFO - [2026-05-29T19:42:06.042+0000] {dagbag.py:545} INFO - Filling up the DagBag from /opt/airflow/dags/dag_ingest.py
[2026-05-29T19:42:06.067+0000] {processor.py:840} INFO - DAG(s) 'lyonflow_traffic_ingestion' retrieved from /opt/airflow/dags/dag_ingest.py
[2026-05-29T19:42:06.108+0000] {logging_mixin.py:188} INFO - [2026-05-29T19:42:06.108+0000] {dag.py:3096} INFO - Sync 1 DAGs
[2026-05-29T19:42:06.144+0000] {logging_mixin.py:188} INFO - [2026-05-29T19:42:06.144+0000] {dag.py:3954} INFO - Setting next_dagrun for lyonflow_traffic_ingestion to 2026-05-29 19:40:00+00:00, run_after=2026-05-29 19:45:00+00:00
[2026-05-29T19:42:06.170+0000] {processor.py:183} INFO - Processing /opt/airflow/dags/dag_ingest.py took 0.139 seconds
[2026-05-29T19:42:36.296+0000] {processor.py:161} INFO - Started process (PID=248) to work on /opt/airflow/dags/dag_ingest.py
[2026-05-29T19:42:36.302+0000] {processor.py:830} INFO - Processing file /opt/airflow/dags/dag_ingest.py for tasks to queue
[2026-05-29T19:42:36.306+0000] {logging_mixin.py:188} INFO - [2026-05-29T19:42:36.305+0000] {dagbag.py:545} INFO - Filling up the DagBag from /opt/airflow/dags/dag_ingest.py
[2026-05-29T19:42:36.340+0000] {processor.py:840} INFO - DAG(s) 'lyonflow_traffic_ingestion' retrieved from /opt/airflow/dags/dag_ingest.py
[2026-05-29T19:42:36.397+0000] {logging_mixin.py:188} INFO - [2026-05-29T19:42:36.397+0000] {dag.py:3096} INFO - Sync 1 DAGs
[2026-05-29T19:42:36.437+0000] {logging_mixin.py:188} INFO - [2026-05-29T19:42:36.436+0000] {dag.py:3954} INFO - Setting next_dagrun for lyonflow_traffic_ingestion to 2026-05-29 19:40:00+00:00, run_after=2026-05-29 19:45:00+00:00
[2026-05-29T19:42:36.473+0000] {processor.py:183} INFO - Processing /opt/airflow/dags/dag_ingest.py took 0.186 seconds
[2026-05-29T19:43:06.767+0000] {processor.py:161} INFO - Started process (PID=258) to work on /opt/airflow/dags/dag_ingest.py
[2026-05-29T19:43:06.769+0000] {processor.py:830} INFO - Processing file /opt/airflow/dags/dag_ingest.py for tasks to queue
[2026-05-29T19:43:06.771+0000] {logging_mixin.py:188} INFO - [2026-05-29T19:43:06.771+0000] {dagbag.py:545} INFO - Filling up the DagBag from /opt/airflow/dags/dag_ingest.py
[2026-05-29T19:43:06.804+0000] {processor.py:840} INFO - DAG(s) 'lyonflow_traffic_ingestion' retrieved from /opt/airflow/dags/dag_ingest.py
[2026-05-29T19:43:06.857+0000] {logging_mixin.py:188} INFO - [2026-05-29T19:43:06.856+0000] {dag.py:3096} INFO - Sync 1 DAGs
[2026-05-29T19:43:06.896+0000] {logging_mixin.py:188} INFO - [2026-05-29T19:43:06.896+0000] {dag.py:3954} INFO - Setting next_dagrun for lyonflow_traffic_ingestion to 2026-05-29 19:40:00+00:00, run_after=2026-05-29 19:45:00+00:00
[2026-05-29T19:43:06.932+0000] {processor.py:183} INFO - Processing /opt/airflow/dags/dag_ingest.py took 0.175 seconds
[2026-05-29T19:43:37.220+0000] {processor.py:161} INFO - Started process (PID=268) to work on /opt/airflow/dags/dag_ingest.py
[2026-05-29T19:43:37.221+0000] {processor.py:830} INFO - Processing file /opt/airflow/dags/dag_ingest.py for tasks to queue
[2026-05-29T19:43:37.224+0000] {logging_mixin.py:188} INFO - [2026-05-29T19:43:37.223+0000] {dagbag.py:545} INFO - Filling up the DagBag from /opt/airflow/dags/dag_ingest.py
[2026-05-29T19:43:37.247+0000] {processor.py:840} INFO - DAG(s) 'lyonflow_traffic_ingestion' retrieved from /opt/airflow/dags/dag_ingest.py
[2026-05-29T19:43:37.285+0000] {logging_mixin.py:188} INFO - [2026-05-29T19:43:37.284+0000] {dag.py:3096} INFO - Sync 1 DAGs
[2026-05-29T19:43:37.323+0000] {logging_mixin.py:188} INFO - [2026-05-29T19:43:37.323+0000] {dag.py:3954} INFO - Setting next_dagrun for lyonflow_traffic_ingestion to 2026-05-29 19:40:00+00:00, run_after=2026-05-29 19:45:00+00:00
[2026-05-29T19:43:37.355+0000] {processor.py:183} INFO - Processing /opt/airflow/dags/dag_ingest.py took 0.143 seconds
[2026-05-29T19:44:07.802+0000] {processor.py:161} INFO - Started process (PID=278) to work on /opt/airflow/dags/dag_ingest.py
[2026-05-29T19:44:07.806+0000] {processor.py:830} INFO - Processing file /opt/airflow/dags/dag_ingest.py for tasks to queue
[2026-05-29T19:44:07.840+0000] {logging_mixin.py:188} INFO - [2026-05-29T19:44:07.835+0000] {dagbag.py:545} INFO - Filling up the DagBag from /opt/airflow/dags/dag_ingest.py
[2026-05-29T19:44:07.918+0000] {processor.py:840} INFO - DAG(s) 'lyonflow_traffic_ingestion' retrieved from /opt/airflow/dags/dag_ingest.py
[2026-05-29T19:44:08.041+0000] {logging_mixin.py:188} INFO - [2026-05-29T19:44:08.040+0000] {dag.py:3096} INFO - Sync 1 DAGs
[2026-05-29T19:44:08.139+0000] {logging_mixin.py:188} INFO - [2026-05-29T19:44:08.139+0000] {dag.py:3954} INFO - Setting next_dagrun for lyonflow_traffic_ingestion to 2026-05-29 19:40:00+00:00, run_after=2026-05-29 19:45:00+00:00
[2026-05-29T19:44:08.226+0000] {processor.py:183} INFO - Processing /opt/airflow/dags/dag_ingest.py took 0.499 seconds
[2026-05-29T19:44:38.566+0000] {processor.py:161} INFO - Started process (PID=288) to work on /opt/airflow/dags/dag_ingest.py
[2026-05-29T19:44:38.568+0000] {processor.py:830} INFO - Processing file /opt/airflow/dags/dag_ingest.py for tasks to queue
[2026-05-29T19:44:38.572+0000] {logging_mixin.py:188} INFO - [2026-05-29T19:44:38.571+0000] {dagbag.py:545} INFO - Filling up the DagBag from /opt/airflow/dags/dag_ingest.py
[2026-05-29T19:44:38.637+0000] {processor.py:840} INFO - DAG(s) 'lyonflow_traffic_ingestion' retrieved from /opt/airflow/dags/dag_ingest.py
[2026-05-29T19:44:38.701+0000] {logging_mixin.py:188} INFO - [2026-05-29T19:44:38.701+0000] {dag.py:3096} INFO - Sync 1 DAGs
[2026-05-29T19:44:38.749+0000] {logging_mixin.py:188} INFO - [2026-05-29T19:44:38.749+0000] {dag.py:3954} INFO - Setting next_dagrun for lyonflow_traffic_ingestion to 2026-05-29 19:40:00+00:00, run_after=2026-05-29 19:45:00+00:00
[2026-05-29T19:44:38.787+0000] {processor.py:183} INFO - Processing /opt/airflow/dags/dag_ingest.py took 0.233 seconds
[2026-05-29T19:45:09.159+0000] {processor.py:161} INFO - Started process (PID=300) to work on /opt/airflow/dags/dag_ingest.py
[2026-05-29T19:45:09.161+0000] {processor.py:830} INFO - Processing file /opt/airflow/dags/dag_ingest.py for tasks to queue
[2026-05-29T19:45:09.164+0000] {logging_mixin.py:188} INFO - [2026-05-29T19:45:09.163+0000] {dagbag.py:545} INFO - Filling up the DagBag from /opt/airflow/dags/dag_ingest.py
[2026-05-29T19:45:09.192+0000] {processor.py:840} INFO - DAG(s) 'lyonflow_traffic_ingestion' retrieved from /opt/airflow/dags/dag_ingest.py
[2026-05-29T19:45:09.238+0000] {logging_mixin.py:188} INFO - [2026-05-29T19:45:09.238+0000] {dag.py:3096} INFO - Sync 1 DAGs
[2026-05-29T19:45:09.275+0000] {logging_mixin.py:188} INFO - [2026-05-29T19:45:09.275+0000] {dag.py:3954} INFO - Setting next_dagrun for lyonflow_traffic_ingestion to 2026-05-29 19:45:00+00:00, run_after=2026-05-29 19:50:00+00:00
[2026-05-29T19:45:09.308+0000] {processor.py:183} INFO - Processing /opt/airflow/dags/dag_ingest.py took 0.159 seconds
[2026-05-29T19:45:39.424+0000] {processor.py:161} INFO - Started process (PID=310) to work on /opt/airflow/dags/dag_ingest.py
[2026-05-29T19:45:39.426+0000] {processor.py:830} INFO - Processing file /opt/airflow/dags/dag_ingest.py for tasks to queue
[2026-05-29T19:45:39.429+0000] {logging_mixin.py:188} INFO - [2026-05-29T19:45:39.428+0000] {dagbag.py:545} INFO - Filling up the DagBag from /opt/airflow/dags/dag_ingest.py
[2026-05-29T19:45:39.453+0000] {processor.py:840} INFO - DAG(s) 'lyonflow_traffic_ingestion' retrieved from /opt/airflow/dags/dag_ingest.py
[2026-05-29T19:45:39.498+0000] {logging_mixin.py:188} INFO - [2026-05-29T19:45:39.497+0000] {dag.py:3096} INFO - Sync 1 DAGs
[2026-05-29T19:45:39.536+0000] {logging_mixin.py:188} INFO - [2026-05-29T19:45:39.536+0000] {dag.py:3954} INFO - Setting next_dagrun for lyonflow_traffic_ingestion to 2026-05-29 19:45:00+00:00, run_after=2026-05-29 19:50:00+00:00
[2026-05-29T19:45:39.566+0000] {processor.py:183} INFO - Processing /opt/airflow/dags/dag_ingest.py took 0.151 seconds
[2026-05-29T19:46:09.880+0000] {processor.py:161} INFO - Started process (PID=323) to work on /opt/airflow/dags/dag_ingest.py
[2026-05-29T19:46:09.882+0000] {processor.py:830} INFO - Processing file /opt/airflow/dags/dag_ingest.py for tasks to queue
[2026-05-29T19:46:09.887+0000] {logging_mixin.py:188} INFO - [2026-05-29T19:46:09.886+0000] {dagbag.py:545} INFO - Filling up the DagBag from /opt/airflow/dags/dag_ingest.py
[2026-05-29T19:46:09.926+0000] {processor.py:840} INFO - DAG(s) 'lyonflow_traffic_ingestion' retrieved from /opt/airflow/dags/dag_ingest.py
[2026-05-29T19:46:09.976+0000] {logging_mixin.py:188} INFO - [2026-05-29T19:46:09.976+0000] {dag.py:3096} INFO - Sync 1 DAGs
[2026-05-29T19:46:10.012+0000] {logging_mixin.py:188} INFO - [2026-05-29T19:46:10.011+0000] {dag.py:3954} INFO - Setting next_dagrun for lyonflow_traffic_ingestion to 2026-05-29 19:45:00+00:00, run_after=2026-05-29 19:50:00+00:00
[2026-05-29T19:46:10.039+0000] {processor.py:183} INFO - Processing /opt/airflow/dags/dag_ingest.py took 0.171 seconds
[2026-05-29T19:46:40.318+0000] {processor.py:161} INFO - Started process (PID=333) to work on /opt/airflow/dags/dag_ingest.py
[2026-05-29T19:46:40.319+0000] {processor.py:830} INFO - Processing file /opt/airflow/dags/dag_ingest.py for tasks to queue
[2026-05-29T19:46:40.321+0000] {logging_mixin.py:188} INFO - [2026-05-29T19:46:40.321+0000] {dagbag.py:545} INFO - Filling up the DagBag from /opt/airflow/dags/dag_ingest.py
[2026-05-29T19:46:40.342+0000] {processor.py:840} INFO - DAG(s) 'lyonflow_traffic_ingestion' retrieved from /opt/airflow/dags/dag_ingest.py
[2026-05-29T19:46:40.380+0000] {logging_mixin.py:188} INFO - [2026-05-29T19:46:40.380+0000] {dag.py:3096} INFO - Sync 1 DAGs
[2026-05-29T19:46:40.414+0000] {logging_mixin.py:188} INFO - [2026-05-29T19:46:40.413+0000] {dag.py:3954} INFO - Setting next_dagrun for lyonflow_traffic_ingestion to 2026-05-29 19:45:00+00:00, run_after=2026-05-29 19:50:00+00:00
[2026-05-29T19:46:40.441+0000] {processor.py:183} INFO - Processing /opt/airflow/dags/dag_ingest.py took 0.131 seconds
[2026-05-29T19:47:10.581+0000] {processor.py:161} INFO - Started process (PID=343) to work on /opt/airflow/dags/dag_ingest.py
[2026-05-29T19:47:10.582+0000] {processor.py:830} INFO - Processing file /opt/airflow/dags/dag_ingest.py for tasks to queue
[2026-05-29T19:47:10.584+0000] {logging_mixin.py:188} INFO - [2026-05-29T19:47:10.584+0000] {dagbag.py:545} INFO - Filling up the DagBag from /opt/airflow/dags/dag_ingest.py
[2026-05-29T19:47:10.611+0000] {processor.py:840} INFO - DAG(s) 'lyonflow_traffic_ingestion' retrieved from /opt/airflow/dags/dag_ingest.py
[2026-05-29T19:47:10.692+0000] {logging_mixin.py:188} INFO - [2026-05-29T19:47:10.692+0000] {dag.py:3096} INFO - Sync 1 DAGs
[2026-05-29T19:47:10.743+0000] {logging_mixin.py:188} INFO - [2026-05-29T19:47:10.743+0000] {dag.py:3954} INFO - Setting next_dagrun for lyonflow_traffic_ingestion to 2026-05-29 19:45:00+00:00, run_after=2026-05-29 19:50:00+00:00
[2026-05-29T19:47:10.773+0000] {processor.py:183} INFO - Processing /opt/airflow/dags/dag_ingest.py took 0.201 seconds
[2026-05-29T19:47:41.300+0000] {processor.py:161} INFO - Started process (PID=353) to work on /opt/airflow/dags/dag_ingest.py
[2026-05-29T19:47:41.317+0000] {processor.py:830} INFO - Processing file /opt/airflow/dags/dag_ingest.py for tasks to queue
[2026-05-29T19:47:41.326+0000] {logging_mixin.py:188} INFO - [2026-05-29T19:47:41.321+0000] {dagbag.py:545} INFO - Filling up the DagBag from /opt/airflow/dags/dag_ingest.py
[2026-05-29T19:47:41.497+0000] {processor.py:840} INFO - DAG(s) 'lyonflow_traffic_ingestion' retrieved from /opt/airflow/dags/dag_ingest.py
[2026-05-29T19:47:41.777+0000] {logging_mixin.py:188} INFO - [2026-05-29T19:47:41.776+0000] {dag.py:3096} INFO - Sync 1 DAGs
[2026-05-29T19:47:41.926+0000] {logging_mixin.py:188} INFO - [2026-05-29T19:47:41.925+0000] {dag.py:3954} INFO - Setting next_dagrun for lyonflow_traffic_ingestion to 2026-05-29 19:45:00+00:00, run_after=2026-05-29 19:50:00+00:00
[2026-05-29T19:47:42.000+0000] {processor.py:183} INFO - Processing /opt/airflow/dags/dag_ingest.py took 0.807 seconds
[2026-05-29T19:48:12.278+0000] {processor.py:161} INFO - Started process (PID=363) to work on /opt/airflow/dags/dag_ingest.py
[2026-05-29T19:48:12.280+0000] {processor.py:830} INFO - Processing file /opt/airflow/dags/dag_ingest.py for tasks to queue
[2026-05-29T19:48:12.282+0000] {logging_mixin.py:188} INFO - [2026-05-29T19:48:12.282+0000] {dagbag.py:545} INFO - Filling up the DagBag from /opt/airflow/dags/dag_ingest.py
[2026-05-29T19:48:12.307+0000] {processor.py:840} INFO - DAG(s) 'lyonflow_traffic_ingestion' retrieved from /opt/airflow/dags/dag_ingest.py
[2026-05-29T19:48:12.349+0000] {logging_mixin.py:188} INFO - [2026-05-29T19:48:12.349+0000] {dag.py:3096} INFO - Sync 1 DAGs
[2026-05-29T19:48:12.393+0000] {logging_mixin.py:188} INFO - [2026-05-29T19:48:12.392+0000] {dag.py:3954} INFO - Setting next_dagrun for lyonflow_traffic_ingestion to 2026-05-29 19:45:00+00:00, run_after=2026-05-29 19:50:00+00:00
[2026-05-29T19:48:12.426+0000] {processor.py:183} INFO - Processing /opt/airflow/dags/dag_ingest.py took 0.157 seconds
